
Merging program properties

Removed property 0xc0000002 to merge p1_ke.o (0x3) and head_64.o (not found)
Removed property 0xc0000002 to merge p1_ke.o (not found) and p1_kwrap.o (0x3)
Removed property 0xc0000002 to merge p1_ke.o (not found) and p2_wink.o (0x3)
Removed property 0xc0000002 to merge p1_ke.o (not found) and netdev.o (0x3)
Removed property 0xc0000002 to merge p1_ke.o (not found) and chardev.o (0x3)
Removed property 0xc0000002 to merge p1_ke.o (not found) and blkdev.o (0x3)
Removed property 0xc0000002 to merge p1_ke.o (not found) and p3_net.o (0x3)
Removed property 0xc0000002 to merge p1_ke.o (not found) and p3_dev.o (0x3)
Removed property 0xc0000002 to merge p1_ke.o (not found) and p3_fs.o (0x3)
Removed property 0xc0000002 to merge p1_ke.o (not found) and p3_mm.o (0x3)
Removed property 0xc0000002 to merge p1_ke.o (not found) and p4_libk.o (0x3)
Removed property 0xc0000002 to merge p1_ke.o (not found) and acpi.o (0x3)
Removed property 0xc0000002 to merge p1_ke.o (not found) and p3_bus.o (0x3)
Removed property 0xc0000002 to merge p1_ke.o (not found) and apmain.o (0x3)
Removed property 0xc0000002 to merge p1_ke.o (not found) and kmain.o (0x3)

Allocating common symbols
Common symbol       size              file

_TSS                0x340             p1_ke.o
_wproxy_desktop     0x8               p2_wink.o
_usessionList       0x80              p2_wink.o
_wproxy_hover       0x8               p2_wink.o
_kernel_mod0        0x8               p1_kwrap.o
_Graphics           0x8               p1_ke.o
_framepoolList      0x2000            p3_mm.o
_PS2                0x10              p1_ke.o
_PS2MouseDeviceTTY  0x8               chardev.o
_sdGRAMADO          0x58              p3_fs.o
_TEKernelProcess    0x8               p1_ke.o
_prompt             0x400             p4_libk.o
_threadList         0x2000            p1_ke.o
_pci_device         0x8               p3_bus.o
_current_sd         0x8               blkdev.o
_kgws_ws_status     0x4               p2_wink.o
_wait_queue         0x8               p1_ke.o
_NewPagedPool       0x38              p3_mm.o
_context_fpu_buffer
                    0x200             p1_ke.o
_kstdio_info        0x8               p4_libk.o
_dc_backbuffer      0x8               p1_ke.o
_LocalHostHTTPSocket
                    0x8               p3_net.o
_KernelArgs         0x20              p1_ke.o
_pcideviceList      0x400             p1_ke.o
_PS2MouseDeviceObject
                    0x8               chardev.o
_xxx_gdt            0x100             p1_ke.o
_vol_label_directory_entry
                    0x8               p3_fs.o
_init_mm_data       0x38              p3_mm.o
_current_volume_string
                    0x8               blkdev.o
_storage            0x8               blkdev.o
_InitThread         0x8               p1_ke.o
_extra              0x4               p1_ke.o
_____network_file   0x8               p3_net.o
_Initialization     0x3c              kmain.o
_system_cg          0x8               p2_wink.o
_stderr             0x8               p4_libk.o
_____whatchdog_ps2_keyboard
                    0x4               p1_ke.o
_nicList            0x40              p3_dev.o
_gui                0x8               p1_kwrap.o
_CurrentUserSession
                    0x8               p2_wink.o
_volume2_rootdir_fp
                    0x8               p4_libk.o
_system_disk_pt2    0x8               blkdev.o
_processor          0x8               p1_ke.o
_userList           0x80              p2_wink.o
_bldisp_info        0xc               chardev.o
_mbr                0x8               blkdev.o
_NetworkSaved       0x14              p3_net.o
_current_mmblock    0x8               p3_mm.o
_deviceList         0x1000            p3_dev.o
_teList             0x2000            p1_ke.o
_surfacexxxx        0x4               p2_wink.o
_cgroupList         0x80              p2_wink.o
_nb_rx_11888        0x1a8             p3_net.o
_pagetableList      0x2000            p3_mm.o
_mbuttons_old_state
                    0x14              chardev.o
_PCI                0x20              p3_bus.o
_root               0x8               p3_fs.o
_current_pci_device
                    0x8               p3_bus.o
_ATACurrentPort     0x10              blkdev.o
_TEInitProcess      0x8               p1_ke.o
_InputBrokerInfo    0x10              p2_wink.o
_usession0          0x8               p2_wink.o
_CurrentSocket      0x8               p3_net.o
_console3_tty       0x8               chardev.o
_____boot____disk   0x8               blkdev.o
_NetworkInitialization
                    0xc               p3_net.o
_redirect           0x8               chardev.o
_stdin              0x8               p4_libk.o
_currentq           0x8               p1_ke.o
_CONSOLE_TTYS       0x3920            chardev.o
_socketList         0x100             p3_net.o
_rsdt               0x8               acpi.o
_CWD                0x28              p3_fs.o
_____whatchdog_ps2_mouse
                    0x4               p1_ke.o
[...]
Memory Configuration

Name             Origin             Length             Attributes
*default*        0x0000000000000000 0xffffffffffffffff

Linker script and memory map

                0x0000000030000000                . = 0x30000000
                0x0000000030000000                _kernel_begin = .
                0x0000000030001000                . = 0x30001000

.text           0x0000000030001000    0x4dcbc
                0x0000000030001000                _code_begin = .
 *(.head_x86_64)
 .head_x86_64   0x0000000030001000     0x367a head_64.o
                0x0000000030001000                _kernel_entry_point
                0x0000000030001001                startup_64
                0x000000003000107c                _idt
                0x0000000030002084                _IDT_register
                0x0000000030002176                _save_fault_number
                0x0000000030002360                ExecutionHall_fault_N0
                0x0000000030002371                ExecutionHall_fault_N1
                0x0000000030002382                ExecutionHall_fault_N2
                0x0000000030002393                ExecutionHall_fault_N3
                0x00000000300023a4                ExecutionHall_fault_N4
                0x00000000300023b5                ExecutionHall_fault_N5
                0x00000000300023c6                ExecutionHall_fault_INVALID_OPCODE
                0x00000000300023d7                ExecutionHall_fault_N7
                0x00000000300023e8                ExecutionHall_fault_DOUBLE
                0x00000000300023f9                ExecutionHall_fault_N9
                0x000000003000240a                ExecutionHall_fault_N10
                0x000000003000241b                ExecutionHall_fault_N11
                0x000000003000242c                ExecutionHall_fault_STACK
                0x000000003000243d                ExecutionHall_fault_GP
                0x000000003000244e                ExecutionHall_fault_N14
                0x000000003000245f                ExecutionHall_fault_N15
                0x0000000030002470                ExecutionHall_fault_N16
                0x0000000030002481                ExecutionHall_fault_N17
                0x0000000030002492                ExecutionHall_fault_N18
                0x00000000300024a3                ExecutionHall_fault_N19
                0x00000000300024b4                ExecutionHall_fault_N20
                0x00000000300024c5                ExecutionHall_fault_N21
                0x00000000300024d6                ExecutionHall_fault_N22
                0x00000000300024e7                ExecutionHall_fault_N23
                0x00000000300024f8                ExecutionHall_fault_N24
                0x0000000030002509                ExecutionHall_fault_N25
                0x000000003000251a                ExecutionHall_fault_N26
                0x000000003000252b                ExecutionHall_fault_N27
                0x000000003000253c                ExecutionHall_fault_N28
                0x000000003000254d                ExecutionHall_fault_N29
                0x000000003000255e                ExecutionHall_fault_N30
                0x000000003000256f                ExecutionHall_fault_N31
                0x0000000030002780                _DisableSSE
                0x000000003000278d                _EnableSSE
                0x000000003000279a                _x64_enable_avx
                0x00000000300027bc                PeripheralHall_irq0
                0x0000000030002928                PeripheralHall_irq1
                0x0000000030002b70                _irq3
                0x0000000030002bac                _irq4
                0x0000000030002be8                _irq7
                0x0000000030002c34                PeripheralHall_irq8
                0x0000000030002c7c                _irq9
                0x0000000030002ccc                PeripheralHall_irq9_nic_handler
                0x0000000030002ea8                _irq10
                0x0000000030002ef8                _irq11
                0x0000000030002f48                PeripheralHall_irq12
                0x0000000030003198                _irq13
                0x00000000300031e8                PeripheralHall_irq14
                0x0000000030003248                PeripheralHall_irq15
                0x000000003000347e                _turn_task_switch_on
                0x00000000300034a0                _turn_task_switch_off
                0x00000000300036d0                _systemcall64
                0x0000000030003724                RequestHall_int128
                0x00000000300037e8                RequestHall_int129
                0x00000000300038ac                RequestHall_int130
                0x0000000030003970                RequestHall_int131
                0x0000000030003a38                _system_call
                0x0000000030003a44                _syscall_handler
                0x0000000030003a7c                RequestHall_int198
                0x0000000030003ae0                RequestHall_int199
                0x0000000030003db0                PeripheralHall_lapic_timer_handler
                0x0000000030003e1d                PeripheralHall_lapic_perf_handler
                0x0000000030003e31                PeripheralHall_lapic_lint0_handler
                0x0000000030003e45                PeripheralHall_lapic_nmi_handler
                0x0000000030003e59                PeripheralHall_lapic_error_handler
                0x0000000030003e6d                PeripheralHall_lapic_thermal_handler
                0x0000000030003e81                PeripheralHall_spurious_handler
                0x0000000030003e89                _x64_clear_nt_flag
                0x0000000030003e9d                _asm_load_gdt
                0x0000000030003f47                _setup_system_interrupt
                0x0000000030004003                _setup_system_interrupt_hw
                0x00000000300044c5                _asm_nic_create_new_idt_entry
                0x00000000300044ec                _asm_initialize_module0
                0x00000000300044f2                _asm_reboot
                0x000000003000450b                _arch_enter_user_mode
                0x0000000030004628                _asm_AP_entry_point
 *(.text)
 .text          0x000000003000467a    0x127f3 p1_ke.o
                0x000000003000467a                _sched_get_idle_thread_by_tid
                0x000000003000486b                _get_init_thread
                0x000000003000487c                _get_next_on_queue_or_the_init_thread
                0x0000000030004915                _get_ev_responter
                0x000000003000496e                _set_ev_responder
                0x00000000300049df                _has_pending_event
                0x0000000030004a4c                _sched_show_info
                0x0000000030004a97                _scheduler_lock
                0x0000000030004aac                _scheduler_unlock
                0x0000000030004ac1                _is_scheduler_locked
                0x0000000030004ad1                _sched_cut_round
                0x0000000030005924                _scheduler
                0x0000000030005a45                _psScheduler
                0x0000000030005a8c                _sched_count_active_threads
                0x0000000030005b0c                _sched_boost_ds_thread
                0x0000000030005b8d                _sched_boost_foreground_thread
                0x0000000030005bf9                _sched_lower_current_thread
                0x0000000030005c85                _sys_nice
                0x0000000030005d7e                _sys_sleep
                0x0000000030005dc0                _sys_yield
                0x0000000030005df7                _init_scheduler
                0x0000000030005ec3                _do_credits
                0x0000000030005f15                _do_credits_by_tid
                0x0000000030005f5c                _do_thread_blocked
                0x0000000030005fd6                _do_thread_dead
                0x000000003000603e                _do_thread_initialized
                0x00000000300060a6                _do_thread_ready
                0x0000000030006120                _do_thread_running
                0x0000000030006182                _do_thread_standby
                0x00000000300061ea                _do_thread_waiting
                0x000000003000629c                _do_thread_zombie
                0x000000003000631f                _do_waitpid
                0x00000000300063ee                _schediSelectForExecution
                0x0000000030006430                _get_current_thread
                0x0000000030006464                _set_current_thread
                0x0000000030006504                _set_foreground_thread
                0x0000000030006575                _wait_for_a_reason
                0x000000003000662b                _wakeup_thread_reason
                0x0000000030006653                _wakeup_scan_thread_reason
                0x0000000030006678                _wakeup_thread
                0x0000000030006732                _yield
                0x0000000030006797                _sleep_until
                0x00000000300067de                _sleep
                0x0000000030006856                _schedi_drop_quantum
                0x000000003000688e                _schedi_check_for_standby
                0x000000003000695d                _set_currentq
                0x00000000300069b1                _get_currentq
                0x00000000300069c2                _qlist_set_element
                0x0000000030006a39                _qlist_get_element
                0x0000000030006a85                _qlist_initialize
                0x0000000030006ab7                _get_taskswitch_status
                0x0000000030006ac8                _set_taskswitch_status
                0x0000000030006ae2                _taskswitch_lock
                0x0000000030006af8                _taskswitch_unlock
                0x0000000030006b0e                _tsCallExtraRoutines
                0x00000000300075cb                _tsTaskSwitch
                0x0000000030007783                _init_ts
                0x0000000030007797                _IncrementDispatcherCount
                0x00000000300078b1                _dispatcher
                0x0000000030007a7c                _init_dispatch
                0x0000000030007b8e                _spawn_set_eoi_state
                0x0000000030007ba3                _spawn_reset_eoi_state
                0x0000000030008268                _psSpawnThreadByTID
                0x00000000300082c5                _arch_save_context
                0x000000003000885b                _arch_restore_context
                0x0000000030008d4f                _callback_is_restored
                0x0000000030008dd8                _setup_callback_parameters
                0x0000000030008e1f                _setup_callback
                0x0000000030008e2e                _prepare_next_callback
                0x0000000030008e39                _callbackReinitialize
                0x0000000030008e48                _callbackInitialize
                0x0000000030008e57                _threadObject
                0x0000000030009369                _destroy_thread_structure
                0x00000000300093fc                _gc_thread_structure
                0x000000003000941e                _GetThreadStats
                0x0000000030009719                _getthreadname
                0x00000000300097b3                _FindReadyThread
                0x000000003000981e                _GetThreadState
                0x0000000030009854                _GetThreadType
                0x0000000030009887                _SetCurrentTID
                0x00000000300098c1                _GetCurrentTID
                0x00000000300098fc                _GetThreadByTID
                0x0000000030009934                _GetCurrentThread
                0x0000000030009962                _GetForegroundThread
                0x000000003000998a                _GetDSThread
                0x00000000300099c4                _SelectForExecution
                0x00000000300099f5                _thread_show_profiler_info
                0x0000000030009aa5                _thread_get_profiler_percentage
                0x0000000030009ad8                _thread_profiler
                0x0000000030009cfc                _sys_notify_event
                0x0000000030009de6                _sys_msgctl
                0x0000000030009fa4                _exit_thread
                0x000000003000a088                _exit_current_thread
                0x000000003000a0c3                _copy_thread_struct
                0x000000003000a814                _create_thread
                0x000000003000afd5                _init_threads
                0x000000003000b041                _show_slot
                0x000000003000b227                _show_slots
                0x000000003000b2da                _show_reg
                0x000000003000b439                _show_thread_information
                0x000000003000b4f5                _link_two_threads
                0x000000003000b581                _unlink_two_threads
                0x000000003000b60d                _set_thread_priority
                0x000000003000b734                _threadi_power
                0x000000003000b7bb                _release
                0x000000003000b7e8                _SetThread_PML4PA
                0x000000003000b813                _check_for_dead_thread_collector
                0x000000003000b836                _dead_thread_collector
                0x000000003000b928                _kill_thread
                0x000000003000b9ef                _kill_all_threads
                0x000000003000ba1d                _kill_zombie_threads
                0x000000003000ba91                _destroy_process_structure
                0x000000003000bb33                _gc_process_structure
                0x000000003000bb46                _get_kernel_process
                0x000000003000bb57                _get_init_process
                0x000000003000bb68                _close_all_threads_of_this_process
                0x000000003000bbaf                _close_all_processes
                0x000000003000bc40                _set_current_process
                0x000000003000bc77                _get_current_process
                0x000000003000bcab                _get_current_pid
                0x000000003000bcbf                _get_current_process_pointer
                0x000000003000bd3b                _get_process_stats
                0x000000003000c0ae                _getprocessname
                0x000000003000c122                _getNewPID
                0x000000003000c170                _processTesting
                0x000000003000c1dc                _processSendSignal
                0x000000003000c21f                _GetProcessPML4_PA
                0x000000003000c246                _GetProcessPML4_VA
                0x000000003000c26d                _GetProcessHeapStart
                0x000000003000c318                _SetProcessPML4_VA
                0x000000003000c341                _SetProcessPML4_PA
                0x000000003000c36a                _get_caller_process_id
                0x000000003000c37a                _set_caller_process_id
                0x000000003000c391                _process_close_gate
                0x000000003000c403                _process_open_gate
                0x000000003000c474                _process_get_file_from_pid
                0x000000003000c4c2                _process_get_file
                0x000000003000c4fc                _process_get_tty
                0x000000003000c57a                _alloc_memory_for_image_and_stack
                0x000000003000ca98                _processObject
                0x000000003000cadc                _create_and_initialize_process_object
                0x000000003000cdf5                _create_process
                0x000000003000d38f                _init_processes
                0x000000003000d3e9                _show_process_information
                0x000000003000d591                _show_currentprocess_info
                0x000000003000d6cc                _create_init_thread
                0x000000003000ddaf                _copy_process_struct
                0x000000003000e489                _copy_process00
                0x000000003000f069                _copy_process
                0x000000003000f0bd                _ipc_post_message_to_tid2
                0x000000003000f341                _ipc_post_message_to_tid
                0x000000003000f897                _ipc_post_message_to_foreground_thread
                0x000000003000f908                _ipc_post_message_to_init
                0x000000003000f96f                _ipc_post_message_to_ds
                0x000000003000fa01                _ipc_post_input_event_to_ds
                0x000000003000fadf                _ipc_broadcast_system_message
                0x000000003000fbaa                _ipc_get_message
                0x000000003000fe6e                _sys_get_message
                0x000000003000fea2                _sys_get_message2
                0x00000000300101bc                _sys_post_message_to_tid
                0x0000000030010264                _sys_broadcast_system_message
                0x00000000300102f2                _get_ticks
                0x0000000030010303                _get_seconds
                0x0000000030010334                _get_milliseconds
                0x000000003001036c                _get_hz
                0x000000003001037b                _now
                0x00000000300103c4                _pit_speaker_on
                0x0000000030010406                _pit_speaker_off
                0x0000000030010439                _irq0_TIMER
                0x00000000300104ce                _DeviceInterface_PIT
                0x000000003001051a                _timerInit8253
                0x00000000300105cc                _set_timeout
                0x00000000300105e6                _get_timeout
                0x00000000300105f7                _get_systime_info
                0x000000003001063c                _new_timer_id
                0x0000000030010681                _pit_sleep
                0x00000000300106c2                _timerInit
                0x00000000300106e0                _early_timer_init
                0x0000000030010761                _create_timer
                0x000000003001094d                _sc80h
                0x0000000030010aa6                _sc81h
                0x0000000030010bd5                _sc82h
                0x0000000030010d04                _sc83h
                0x0000000030010fa2                _x64_all_faults
                0x000000003001156b                _x64smp_show_info
                0x00000000300116bc                _x64smp_initialization
                0x00000000300118ad                _apic_TimerHandler0000
                0x0000000030011943                _apic_mark_cpu_as_running
                0x0000000030011acb                _apic_get_id
                0x0000000030011afa                _apic_get_id_00
                0x0000000030011b21                _apic_get_version
                0x0000000030011b44                _apic_get_version_00
                0x0000000030011b5b                _local_apic_eoi
                0x0000000030011b81                _local_apic_eoi_00
                0x0000000030011b9b                _has_apic
                0x0000000030011bf0                _cpu_set_apic_base
                0x0000000030011c2b                _cpu_get_apic_base
                0x0000000030011c7d                _local_apic_send_init
                0x0000000030011cdc                _local_apic_send_startup
                0x0000000030011d43                _Send_INIT_IPI_Once
                0x0000000030011d85                _Send_STARTUP_IPI_Twice
                0x0000000030011eaa                _apic_setup_registers
                0x0000000030012041                _lapic_info_initializing
                0x0000000030012311                _apic_timer_setup_periodic
                0x0000000030012448                _apic_initial_count_timer
                0x0000000030012535                _apic_timer_umasked
                0x0000000030012574                _apic_timer_masked
                0x00000000300125b3                _apictim_initialize
                0x00000000300127b5                _ioapic_masked
                0x0000000030012836                _ioapic_umasked
                0x0000000030012c4c                _ioapic_initialize
                0x0000000030012cf5                _cpuHasMSR
                0x0000000030012d3d                _cpuGetMSR
                0x0000000030012d68                _cpuSetMSR
                0x0000000030012d87                _tss_init
                0x0000000030012dea                _mptable_probe
                0x00000000300135d7                _check_syscall_support
                0x0000000030013620                _probe_if_cpu_has_support_to_syscall
                0x0000000030013676                _syscall_enable
                0x00000000300136bf                _syscall_set_entry_point
                0x00000000300136f6                _syscall_set_mask
                0x0000000030013727                _initialize_syscall
                0x0000000030013778                _hal_probe_cpu
                0x0000000030013850                _hal_probe_processor_type
                0x000000003001391d                _hal_hardware_detect
                0x0000000030013936                _in8
                0x0000000030013958                _in16
                0x000000003001397e                _in32
                0x00000000300139a2                _out8
                0x00000000300139c1                _out16
                0x00000000300139e2                _out32
                0x00000000300139fe                ___x86_io_delay
                0x0000000030013a0d                _wait_ns
                0x0000000030013a4f                _mdelay
                0x0000000030013a89                _udelay
                0x0000000030013ac3                _portsx86_IN
                0x0000000030013b45                _portsx86_OUT
                0x0000000030013c48                _rtc_get_date
                0x0000000030013ca0                _rtc_get_time
                0x0000000030013cfc                _rtcGetBaseMemory
                0x0000000030013d65                _rtcGetExtendedMemory
                0x0000000030013dce                ___rtc_init_datastructure
                0x0000000030013efb                _DDINIT_rtc
                0x0000000030013f4c                _irq8_RTC
                0x0000000030013f66                _archhal_speaker_on
                0x0000000030013f76                _archhal_speaker_off
                0x0000000030013f86                _archhal_reboot
                0x0000000030013fb9                _hal_io_delay
                0x0000000030013fc6                _hal_get_date
                0x0000000030013fd5                _hal_get_time
                0x0000000030013fe4                _hal_refresh_screen
                0x0000000030013ff9                _hal_vsync
                0x0000000030014009                _hal_set_machine_type
                0x0000000030014023                _hal_get_machine_type
                0x0000000030014034                _hal_reboot
                0x0000000030014089                _hal_shutdown
                0x00000000300140c2                _hal_speaker_on
                0x00000000300140d2                _hal_speaker_off
                0x00000000300140e2                _hal_test_speaker
                0x0000000030014122                _hal_init_cpu
                0x0000000030014137                _halInitialize
                0x000000003001428f                _x64_load_cr8
                0x00000000300142a6                _x64_setup_syscall64
                0x000000003001435f                _x64_init_gdt
                0x00000000300146f5                _set_gdt_entry
                0x0000000030014901                _x64_load_ltr
                0x0000000030014fd3                _x64_init_fpu
                0x0000000030014fe0                _x64_init_fpu_support
                0x00000000300150d1                _fpu_load_control_word
                0x00000000300150e5                _x64_disable_interrupts
                0x00000000300150f1                _x64_enable_interrupts
                0x00000000300150fd                _x64_iretq
                0x000000003001510a                _x64_lret
                0x0000000030015116                _x64_cli_hlt
                0x0000000030015123                _x64_stop_cpu
                0x0000000030015133                _x64_enable_cache
                0x000000003001513e                _x64_init_intel
                0x0000000030015626                _x64_info
                0x0000000030015994                _I_x64CreateInitialProcess
                0x0000000030015ed0                _I_x64ExecuteInitialProcess
                0x000000003001625b                _I_x64CreateKernelProcess
                0x0000000030016588                _I_x64_initialize
                0x00000000300166af                _init_queue
                0x00000000300166d5                _queue_insert_data
                0x0000000030016702                _queue_get_data
                0x000000003001672b                _queue_insert_head
                0x0000000030016758                _ScanReadyQueue
                0x000000003001677a                _feed_ready_queue
                0x000000003001679f                _show_queue_information
                0x00000000300167d2                _get_update_screen_frequency
                0x00000000300167e3                _set_update_screen_frequency
                0x000000003001684d                _get_presence_level
                0x000000003001685e                _set_presence_level
                0x0000000030016ae4                _keGetSystemMetrics
                0x0000000030016b0c                _keDie
                0x0000000030016b1c                _keSoftDie
                0x0000000030016b2c                _keIsQemu
                0x0000000030016b3b                _keCloseInitProcess
                0x0000000030016bbd                _keReboot
                0x0000000030016be9                _keCreateProcess
                0x0000000030016c54                _keCreateThread
                0x0000000030016cb9                _ke_x64ExecuteInitialProcess
                0x0000000030016cff                _keInitializeIntake
                0x0000000030016d37                _keInitialize
 .text          0x0000000030016e6d     0x5ad4 p1_kwrap.o
                0x0000000030016f92                _is_using_serial_debug
                0x0000000030016fa2                _enable_serial_debug
                0x0000000030016fb7                _disable_serial_debug
                0x0000000030016fcc                _debug_print
                0x0000000030017058                _PROGRESS
                0x000000003001709c                _serial_printk
                0x0000000030017189                _debug
                0x00000000300171e0                _debug_breakpoint
                0x00000000300171ff                _debug_compute_checksum
                0x0000000030017238                _info_get_boot_info
                0x0000000030017289                _irql_load_cr8
                0x00000000300172a8                _panic
                0x000000003001739c                _string_panic
                0x00000000300173f0                _createDeferredKernelRequest
                0x00000000300174d7                _clearDeferredKernelRequest
                0x000000003001756c                _processDeferredKernelRequest
                0x0000000030017772                _soft_die
                0x0000000030017787                _die
                0x00000000300177d0                _doGetSystemMetrics
                0x0000000030017b9b                _do_reboot
                0x0000000030017c1c                _system_reboot
                0x0000000030017c3f                _doSetupVersion
                0x0000000030017d38                _core_post_message
                0x0000000030017dcb                _core_spawn_thread_by_tid
                0x0000000030017df8                _core_alloc_shared_ring3_pages
                0x0000000030017e56                _wrappers_get_current_runlevel
                0x0000000030017e66                _wrappers_set_current_runlevel
                0x0000000030017e8e                _core_get_memory_size_mb
                0x0000000030017eab                _core_get_system_metrics
                0x0000000030017ed3                _core_start_thread
                0x0000000030017f25                _core_reboot
                0x0000000030017f35                _core_shutdown
                0x0000000030017f56                _core_die
                0x0000000030017f66                _sys_alarm
                0x00000000300180a8                _sys_get_system_metrics
                0x00000000300180d0                _sys_create_process
                0x0000000030018334                _sys_create_thread
                0x000000003001841d                _sys_exit_thread
                0x0000000030018467                _sys_fork
                0x00000000300184ee                _sys_getpid
                0x00000000300184fd                _sys_getppid
                0x0000000030018569                _sys_initialize_component
                0x0000000030018595                _sys_reboot
                0x0000000030018637                _sys_serial_debug_printk
                0x000000003001869d                _sys_shutdown
                0x00000000300186d3                _sys_show_system_info
                0x0000000030018717                _sys_uname
                0x00000000300187f8                _sys_vsync
                0x0000000030018afa                _sci0
                0x000000003001a864                _sci1
                0x000000003001a9d7                _sci2
                0x000000003001b9d2                _sci3
                0x000000003001bb3b                _test_mod0
                0x000000003001bdf0                _ring0_module_sci
                0x000000003001c014                _mod_initialize
                0x000000003001c095                _cg_initialize
                0x000000003001c0a7                _ns_initialize
                0x000000003001c42a                _isQEMU
                0x000000003001c458                _hv_is_qemu
                0x000000003001c467                _hv_ps2_full_initialization
                0x000000003001c4dc                _hv_probe_info
                0x000000003001c4eb                _hv_is_vmx_supported
                0x000000003001c582                _hv_is_svm_supported
                0x000000003001c61f                _hv_detect_vmx
                0x000000003001c691                _hv_detect_svm
                0x000000003001c6f9                _enable_Intel_VMX
                0x000000003001c781                _disable_Intel_VMX
                0x000000003001c7a9                _enable_AMD_SVM
                0x000000003001c841                _disable_AMD_SVM
                0x000000003001c8c0                _xp_die
                0x000000003001c8df                _xp_putchar_test
                0x000000003001c902                _xp_reboot
                0x000000003001c912                _xp_refresh_screen
                0x000000003001c922                _xp_putchar_in_fgconsole
 .text          0x000000003001c941     0x727a p2_wink.o
                0x000000003001c941                _dispsrv_setup_ds_info
                0x000000003001caa1                _ds_ioctl
                0x000000003001cac9                _ds_init
                0x000000003001cad8                _backbuffer_putpixel
                0x000000003001cb41                _frontbuffer_putpixel
                0x000000003001cbaa                _backbuffer_draw_horizontal_line
                0x000000003001cc31                _frontbuffer_draw_horizontal_line
                0x000000003001cf9d                _backbuffer_draw_rectangle
                0x000000003001cff2                _frontbuffer_draw_rectangle
                0x000000003001d30d                _refresh_rectangle
                0x000000003001d3b4                _scroll_screen_rect
                0x000000003001d562                _bitblt
                0x000000003001d617                _bg_initialize
                0x000000003001d658                _gwsGetCurrentFontCharWidth
                0x000000003001d667                _gwsSetCurrentFontCharWidth
                0x000000003001d683                _gwsGetCurrentFontCharHeight
                0x000000003001d692                _gwsSetCurrentFontCharHeight
                0x000000003001d6ae                _fontGetCurrentAddress
                0x000000003001d6bf                _fontSetCurrentAddress
                0x000000003001d6d9                _gwsInstallFont
                0x000000003001d7ba                _font_initialize
                0x000000003001d81c                _set_char_width
                0x000000003001d836                _set_char_height
                0x000000003001d850                _get_char_width
                0x000000003001d861                _get_char_height
                0x000000003001d872                _char_draw
                0x000000003001da13                _char_draw_transparent
                0x000000003001dbb6                _draw_string
                0x000000003001dc3a                _kgws_enable
                0x000000003001dc68                _kgws_disable
                0x000000003001dc9b                _fib
                0x000000003001dced                _grPlot0
                0x000000003001df36                _plotLine3d
                0x000000003001e074                _rectangleZ
                0x000000003001e133                _plotCircleZ
                0x000000003001e22d                _noraDrawingStuff3
                0x000000003001e2b8                _demoFred0
                0x000000003001e3b4                _demoFred1
                0x000000003001e480                _demo0
                0x000000003001e4f3                _gre_initialize
                0x000000003001e5c4                _wproxy_hit_test00
                0x000000003001e887                _wproxyCreateObject
                0x000000003001e8ea                _wproxy_set_shell
                0x000000003001e991                _wproxy_create0
                0x000000003001ea69                _wproxy_ap_test
                0x000000003001eb07                _wproxy_create_data_buffer
                0x000000003001eb7b                _wproxy_get_data_buffer
                0x000000003001ec9f                _wproxy_drawframe
                0x000000003001ecf0                _wproxy_redrawframe
                0x000000003001ed25                _wproxy_is_inside_frame
                0x000000003001edbc                _wproxy_is_inside_client_area
                0x000000003001ee57                _wproxy_test0
                0x000000003001eeb6                _wproxy_test2
                0x000000003001ef8a                _wproxy_set_parameters_given_tid
                0x000000003001f0a5                _obroker_initialize
                0x000000003001f0be                _ksys_console_write_string
                0x000000003001f1fd                _ibroker_use_kernelside_mouse_drawing
                0x000000003001f227                _ibroker_get_kernelside_mouse_drawing_status
                0x000000003001f237                _sys_change_boot_menu_option
                0x000000003001f4a5                _ibroker_set_keymap
                0x000000003001f5d3                _ibroker_send_ascii_to_stdin
                0x000000003001f669                _input_enter_kernel_console
                0x000000003001f67e                _input_exit_kernel_console
                0x000000003001f68e                _input_process_cad_combination
                0x000000003001f6be                _input_enable_this_input_target
                0x000000003001f703                _input_disable_this_input_target
                0x00000000300208c2                _ksys_shell_parse_cmdline
                0x0000000030021719                _ksys_console_process_keyboard_input
                0x0000000030021773                _is_extended_key
                0x0000000030021f27                _wmRawKeyEvent
                0x0000000030022976                _wmMouseEvent
                0x0000000030022d14                _wmKeyboardEvent
                0x0000000030022d63                _wmTimerEvent
                0x0000000030022de5                _ibroker_initialize
                0x0000000030022e50                _ksys_mouse_event
                0x0000000030022e9a                _ksys_keyboard_event
                0x0000000030022ee1                _ksys_timer_event
                0x0000000030022f37                _init_first_cgroup
                0x0000000030022ff5                _set_current_cgroup
                0x0000000030023018                _get_current_cgroup
                0x0000000030023029                _get_current_cg_id
                0x0000000030023050                _RegisterCG
                0x00000000300230c4                _CreateCG
                0x0000000030023157                _GetCurrentGroupId
                0x0000000030023167                _GetCurrentUserId
                0x0000000030023177                _SetCurrentUserId
                0x00000000300231ae                _is_superuser
                0x00000000300231dd                _setreuid
                0x00000000300231f2                _setregid
                0x0000000030023207                _sys_setuid
                0x000000003002322c                _sys_getusername
                0x000000003002328f                _sys_setusername
                0x0000000030023300                _CreateUser
                0x00000000300234a4                _userCreateRootUser
                0x000000003002367f                _user_initialize
                0x00000000300236ed                _wink_draw_string
                0x0000000030023739                _wink_update_progress_bar
                0x00000000300237fb                _refresh_screen
                0x0000000030023810                _wink_refresh_screen
                0x0000000030023820                _wink_putchar_in_fgconsole
                0x000000003002396a                _x_panic
                0x00000000300239b4                _wink_panic
                0x00000000300239fe                _wink_show_banner
                0x0000000030023b14                _wink_initialize_default_kernel_font
                0x0000000030023b24                _wink_initialize_background
                0x0000000030023b3e                _wink_initialize_video
                0x0000000030023b4e                _wink_initialize_virtual_consoles
                0x0000000030023b7c                _wink_set_cursor
                0x0000000030023ba6                _wink_use_windowing_system
 .text          0x0000000030023bbb     0x1537 netdev.o
                0x0000000030023bbb                _e1000_show_info
                0x00000000300244c7                _e1000hw_send
                0x00000000300249c7                _irq_E1000
                0x00000000300249f0                _DDINIT_e1000
                0x0000000030025059                _e1000_send
                0x00000000300250b7                _e1000_ioctl
 .text          0x00000000300250f2     0x8fae chardev.o
                0x00000000300250f2                _bldisp_do_we_need_to_erase_mouse_pointer
                0x0000000030025117                _bldisp_update_mouse_position
                0x0000000030025140                _bldisp_display_mouse_cursor
                0x0000000030025326                _bldisp_flush
                0x0000000030025372                _bldisp_vsync
                0x0000000030025409                _bldisp_putpixel0
                0x0000000030025cea                _screen_scanline_va
                0x0000000030025d7f                _screenGetWidth
                0x0000000030025d90                _screenGetHeight
                0x0000000030025da1                _screenGetBPP
                0x0000000030025db2                _screenGetPitch
                0x0000000030025dc3                _screenSetSize
                0x0000000030025dec                _invalidate_screen
                0x0000000030025e01                _bldispScreenInit
                0x0000000030025e7a                _bldisp_show_info
                0x0000000030025f09                _videoGetMode
                0x0000000030025f1a                _videoSetMode
                0x0000000030026033                _videoSetupCGAStartAddress
                0x000000003002604d                _bldisp_ioctl
                0x0000000030026151                _Video_initialize
                0x0000000030026179                _DDINIT_bldisp
                0x0000000030026544                _display_putpixel0
                0x000000003002665c                _display_set_backbuffer_pa
                0x0000000030026676                _display_get_backbuffer_pa
                0x0000000030026687                _display_set_backbuffer_va
                0x00000000300266a1                _display_get_backbuffer_va
                0x00000000300266b2                _displayInitialize
                0x00000000300266ee                _tty_flush_raw_queue
                0x00000000300267dc                _tty_flush_canonical_queue
                0x00000000300268ca                _tty_flush_output_queue
                0x00000000300269b8                _tty_flush_output_queue_to_serial
                0x0000000030026ae9                _tty_flush_output_queue_to_stdin
                0x0000000030026be1                _tty_flush_output_queue_ex
                0x0000000030026cb7                _tty_copy_raw_buffer
                0x0000000030026d3a                _tty_copy_output_buffer
                0x0000000030026dbd                _tty_queue_getchar
                0x0000000030026e6e                _tty_queue_putchar
                0x0000000030026f18                ___tty_read
                0x0000000030026f9c                ___tty_read2
                0x0000000030027032                ___tty_read3
                0x0000000030027129                ___tty_write
                0x00000000300271ab                ___tty_write2
                0x0000000030027239                ___tty_write3
                0x00000000300273bf                ___tty_read_mode
                0x0000000030027481                ___tty_write_mode
                0x00000000300275ef                _tty_read
                0x0000000030027714                _sys_tty_read
                0x0000000030027758                _tty_write
                0x000000003002788e                _sys_tty_write
                0x00000000300278dc                _tty_set_output_worker
                0x000000003002792a                _tty_reset_termios
                0x00000000300279e0                _file_tty
                0x0000000030027a04                _tty_flush0
                0x0000000030027a4e                _tty_flush
                0x0000000030027a8f                _tty_start
                0x0000000030027acd                _tty_stop
                0x0000000030027b0c                _tty_delete
                0x0000000030027b52                _tty_gets
                0x0000000030027bb9                _tty_sets
                0x0000000030027c4f                _tty_ioctl
                0x00000000300280c2                _tty_create
                0x0000000030029166                _console_set_current_virtual_console
                0x000000003002919c                _console_get_current_virtual_console
                0x00000000300291ac                _jobcontrol_switch_console
                0x0000000030029317                _set_up_cursor
                0x000000003002937e                _get_cursor_x
                0x00000000300293bc                _get_cursor_y
                0x00000000300293fa                _get_bg_color
                0x0000000030029446                _get_fg_color
                0x0000000030029492                _console_scroll_rect
                0x0000000030029880                _console_outbyte
                0x000000003002a096                _console_echo
                0x000000003002a0cb                _console_putchar
                0x000000003002a1c9                _console_print_indent
                0x000000003002a226                _consoleInputChar
                0x000000003002a474                _consolePrompt
                0x000000003002a4ef                _console_read
                0x000000003002a56a                _console_write
                0x000000003002aea5                _console_write_string
                0x000000003002af4d                _console_banner
                0x000000003002b092                _console_clear_imp
                0x000000003002b144                _console_clear00
                0x000000003002b1c5                _console_clear
                0x000000003002b20d                _console_ioctl
                0x000000003002b742                _DDINIT_console
                0x000000003002bee0                _VirtualConsole_early_initialization
                0x000000003002bfda                _get_legacy_pty_master
                0x000000003002bfeb                _get_legacy_pty_slave
                0x000000003002bffc                _tty_initialize_legacy_pty
                0x000000003002c0e3                _I8042Controller_do_drain
                0x000000003002c1ba                _prepare_for_input
                0x000000003002c1cf                _prepare_for_output
                0x000000003002c1e4                _wait_then_read
                0x000000003002c207                _wait_then_write
                0x000000003002c236                _i8042_reboot_via_keyboard
                0x000000003002c246                _DDINIT_ps2
                0x000000003002c2d7                _DDINIT_ps2_early_initialization
                0x000000003002c3cb                _i8042_keyboard_disable
                0x000000003002c3fa                _i8042_keyboard_enable
                0x000000003002c429                _keyboard_set_leds
                0x000000003002c49a                _keyboardGetKeyState
                0x000000003002c575                _get_alt_status
                0x000000003002c586                _get_ctrl_status
                0x000000003002c597                _get_shift_status
                0x000000003002c5a8                _i8042_keyboard_read
                0x000000003002c5da                _i8042_keyboard_write
                0x000000003002c60d                _i8042_keyboard_read2
                0x000000003002c626                _i8042_keyboard_expect_ack
                0x000000003002c798                _DeviceInterface_PS2Keyboard
                0x000000003002cb68                _ps2kbd_ioctl
                0x000000003002cba3                _ps2kbd_initialize_device
                0x000000003002cc11                _i8042_mouse_read
                0x000000003002cc39                _i8042_mouse_write
                0x000000003002cc76                _i8042_mouse_expect_ack
                0x000000003002cd37                ___update_mouse
                0x000000003002d291                _DeviceInterface_PS2Mouse
                0x000000003002d3e8                _ps2mouse_ioctl
                0x000000003002d423                _ps2mouse_initialize_device
                0x000000003002d715                _ps2kbd_poll
                0x000000003002d73d                _ps2kbd_initialize_driver
                0x000000003002d805                _i8042_IsPS2KeyboardPooling
                0x000000003002d815                _irq1_KEYBOARD
                0x000000003002d8b7                _ps2mouse_poll
                0x000000003002d8df                _ps2mouse_initialize_driver
                0x000000003002d9a7                _i8042_IsPS2MousePooling
                0x000000003002d9b7                _irq12_MOUSE
                0x000000003002da4e                _serial1_handler
                0x000000003002da63                _serial2_handler
                0x000000003002da78                _serial3_handler
                0x000000003002da8d                _serial4_handler
                0x000000003002daa2                _serial_in
                0x000000003002dacd                _serial_out
                0x000000003002db01                _serial_read_char
                0x000000003002db3a                _serial_write_char
                0x000000003002db82                _serial_print
                0x000000003002dbe1                _debug_print_string
                0x000000003002dc3d                _debug_print_nbytes
                0x000000003002dcb6                _serial_ioctl
                0x000000003002dff7                _DDINIT_serial
 .text          0x000000003002e0a0     0x5620 blkdev.o
                0x000000003002e143                _ata_wait
                0x000000003002e18e                _ata_delay
                0x000000003002e1c1                _ata_status_read
                0x000000003002e1fb                _ata_cmd_write
                0x000000003002e255                _ata_soft_reset
                0x000000003002e2f5                _ata_wait_drq
                0x000000003002e33c                _ata_wait_no_drq
                0x000000003002e383                _ata_wait_busy
                0x000000003002e3c4                _ata_wait_not_busy
                0x000000003002e69f                _atapi_pio_read
                0x000000003002e6ea                _ata_set_boottime_ide_port_index
                0x000000003002e701                _ata_get_boottime_ide_port_index
                0x000000003002e711                _ata_set_current_ide_port_index
                0x000000003002e728                _ata_get_current_ide_port_index
                0x000000003002e805                _ata_ioctl
                0x000000003002fdd1                _DDINIT_ata
                0x000000003003039e                _ide_dma_start
                0x000000003003040b                _ide_dma_stop
                0x00000000300304db                _ide_dma_read_status
                0x0000000030030518                _ide_dma_data
                0x0000000030030c89                _atahdd_pio_rw_sector
                0x0000000030030cc6                _ataReadSector
                0x0000000030030d4c                _ataWriteSector
                0x0000000030030dd2                _ata_show_ata_controller_info
                0x0000000030030e5b                _ata_show_ide_info
                0x0000000030030ff2                _ata_show_device_list_info
                0x0000000030031129                _ata_show_ata_info_for_boot_disk
                0x0000000030031261                _irq14_PRIMARY_IDE
                0x0000000030031271                _irq15_SECONDARY_IDE
                0x0000000030031281                _ata_wait_irq
                0x0000000030031306                _disk_ata_wait_irq
                0x0000000030031338                _diskPCIScanDevice
                0x0000000030031430                ___load_sequential_sectors
                0x00000000300314c4                _fatClustToSect
                0x00000000300314fc                _fatLoadCluster
                0x000000003003156c                _atadsk_load_boot_metafile
                0x00000000300315d7                _fs_load_mbr
                0x000000003003163b                _fs_load_fat
                0x00000000300316c8                _fs_load_rootdir
                0x00000000300317e3                _atadsk_store_boot_metafile
                0x0000000030031845                _atadsk_save_fat
                0x00000000300318d8                _atadsk_save_rootdir
                0x000000003003201b                _disk_get_partition_table
                0x00000000300321a5                _disk_show_mbr_info
                0x0000000030032239                _storage_read_sector
                0x0000000030032293                _storage_write_sector
                0x000000003003242f                _disk_show_info
                0x0000000030032473                _diskShowCurrentDiskInfo
                0x00000000300324ae                _disk_get_disk_handle
                0x000000003003270b                _volumeShowVolumeInfo
                0x0000000030032733                _volumeShowCurrentVolumeInfo
                0x000000003003276e                _volume_show_info
                0x00000000300327b2                _volume_get_volume_handle
                0x00000000300327e2                _volume_get_current_volume_info
                0x0000000030032811                _read_lba
                0x00000000300328bc                _write_lba
                0x0000000030032979                _storageWriteCluster
                0x0000000030032b6c                _storagePCISetupMassStorageController
                0x00000000300334d4                _storageInitialize
 .text          0x00000000300336c0     0x71a6 p3_net.o
                0x0000000030033737                _domain_create_domain
                0x00000000300337b0                _domain_set_as_dc
                0x00000000300338a2                _htonl
                0x00000000300338bd                _htons
                0x00000000300338dc                _ntohl
                0x00000000300338f7                _ntohs
                0x0000000030033916                _sys_socket
                0x000000003003409e                _sys_accept
                0x00000000300340e2                _sys_gramado_accept
                0x0000000030034126                _sys_bind
                0x000000003003504c                _sys_connect
                0x000000003003514e                _sys_getsockname
                0x0000000030035553                _sys_listen
                0x00000000300355af                _sys_socket_shutdown
                0x0000000030035726                _sys_sendto
                0x000000003003574a                _sys_sendmsg
                0x0000000030035794                _socket_get_gramado_port
                0x00000000300357ce                _socket_set_gramado_port
                0x0000000030035833                _create_socket_object
                0x00000000300359f5                _show_socket_for_a_process
                0x0000000030035b27                _get_socket_from_fd
                0x0000000030035bc7                _sock_socketpair
                0x0000000030035c81                _socket_dialog
                0x0000000030035d20                _getSocketIPV4
                0x0000000030035d58                _getSocketIPV6
                0x0000000030035d91                _getSocketPort
                0x0000000030035dca                _get_socket_in_process_list
                0x0000000030035e5e                _update_socket
                0x0000000030035e9e                _socket_read
                0x0000000030035ee2                _socket_write
                0x0000000030035f26                _socket_ioctl
                0x000000003003607f                _socket_gramado
                0x000000003003643b                _socket_unix
                0x00000000300367ea                _socket_inet
                0x0000000030036b99                _socket_init
                0x0000000030036bd0                _netif_update
                0x0000000030036cdc                _netif_initialize
                0x0000000030036dc6                _ethernet_send
                0x0000000030036e89                _ethernet_on_sending
                0x0000000030036e98                _network_handle_ethernet
                0x0000000030036fae                _arp_initialize_arp_table
                0x000000003003708e                _arp_table_set_entry
                0x000000003003722b                _arp_table_show_index
                0x000000003003740f                _arp_show_table
                0x0000000030037481                _network_send_arp_request
                0x00000000300374aa                _network_send_arp_request2
                0x00000000300374d3                _network_arp_request_to
                0x000000003003751e                _network_send_arp_reply
                0x000000003003755c                _network_send_arp
                0x0000000030037793                _network_handle_arp
                0x0000000030037910                _ipv4_send
                0x0000000030037ae0                _network_handle_ipv4
                0x0000000030037c43                _network_handle_tcp
                0x00000000300381a5                _udp_save_mac
                0x00000000300381df                _network_test_udp
                0x0000000030038265                _network_test_udp0
                0x000000003003830a                _network_test_udp2
                0x000000003003832e                _network_send_udp
                0x000000003003879f                _network_handle_udp
                0x0000000030038943                _network_show_dhcp_info
                0x00000000300389e1                _network_save_dhcp_server_id
                0x0000000030038a1b                _network_dhcp_send
                0x0000000030038efc                _network_initialize_dhcp
                0x0000000030039009                _network_handle_dhcp
                0x0000000030039268                _gprot_send_udp
                0x00000000300392ef                _gprot_handle_protocol
                0x00000000300397ab                _create_endpoint_object
                0x000000003003984d                _create_endpoint_pair_object
                0x00000000300398d9                _create_connection_object
                0x0000000030039971                _network_keyboard_event
                0x00000000300399b2                _network_mouse_event
                0x0000000030039b73                _network_register_ring3_display_server
                0x0000000030039d20                _network_register_ring3_network_server
                0x0000000030039d36                _network_register_ring3_osshell
                0x0000000030039d4c                _network_register_ring3_browser
                0x0000000030039e6c                _network_fill_mac
                0x0000000030039ec1                _network_fill_ipv4
                0x0000000030039f16                _network_fill_ipv6
                0x0000000030039f6b                _net_checksum
                0x000000003003a041                _network_test_NIC
                0x000000003003a051                _network_send_raw_packet
                0x000000003003a096                _network_on_receiving
                0x000000003003a0dc                _network_on_sending
                0x000000003003a0fd                _network_push_packet
                0x000000003003a220                _network_pop_packet
                0x000000003003a34c                _sys_network_push_packet
                0x000000003003a391                _sys_network_pop_packet
                0x000000003003a3cf                _networkSetStatus
                0x000000003003a3f4                _networkGetStatus
                0x000000003003a404                _networkLock
                0x000000003003a419                _networkUnlock
                0x000000003003a42e                _networkIsLocked
                0x000000003003a43e                _networkSetOnlineStatus
                0x000000003003a463                _networkGetOnlineStatus
                0x000000003003a473                _networkUpdateCounter
                0x000000003003a4d7                _netInitialize
 .text          0x000000003003a866      0xe71 p3_dev.o
                0x000000003003a866                _devmgr_show_device_list
                0x000000003003a958                _devmgr_search_in_dev_list
                0x000000003003aa27                _devmgr_device_object
                0x000000003003ab05                _devmgr_register_tty_device
                0x000000003003ae51                _devmgr_register_pci_device
                0x000000003003b195                _devmgr_register_legacy_device
                0x000000003003b4fd                _devInitialize
                0x000000003003b546                _io_ioctl
                0x000000003003b6b5                _ioInit
 .text          0x000000003003b6d7     0x888a p3_fs.o
                0x000000003003b740                _file_read_buffer
                0x000000003003baa1                _file_write_buffer
                0x000000003003be9d                ___read_imp
                0x000000003003c523                ___write_imp
                0x000000003003cce0                ___open_imp
                0x000000003003d031                ___close_imp
                0x000000003003d30a                _get_file_from_fd
                0x000000003003d3e2                _get_free_slots_in_the_file_table
                0x000000003003d45d                _get_free_slots_in_the_inode_table
                0x000000003003d4ba                _get_filesystem_type
                0x000000003003d4ca                _set_filesystem_type
                0x000000003003d4e9                _fs_count_path_levels
                0x000000003003d568                _get_file
                0x000000003003d58f                _set_file
                0x000000003003d5c4                _fs_init_structures
                0x000000003003d780                _file_close
                0x000000003003d7c1                _file_get_len
                0x000000003003d7f0                _file_inode
                0x000000003003d814                _file_truncate
                0x000000003003d853                _fsCheckELFFile
                0x000000003003d87f                _fsInitTargetDir
                0x000000003003d94c                _fsList
                0x000000003003da9c                _fsListFiles
                0x000000003003db27                _fsUpdateWorkingDiretoryString
                0x000000003003dccf                _fs_fntos
                0x000000003003e004                _fs_fntos2
                0x000000003003e339                _fs_get_free_fd_from_pid
                0x000000003003e3e2                _fs_initialize_process_cwd
                0x000000003003e4f7                _fs_pathname_backup
                0x000000003003e651                _fs_print_process_cwd
                0x000000003003e746                _fs_show_file_info
                0x000000003003e7a7                _fs_show_file_table
                0x000000003003e7fc                _fs_show_inode_info
                0x000000003003e856                _fs_show_inode_table
                0x000000003003e8c4                _fs_show_root_fs_info
                0x000000003003e9e6                _fsSaveFile
                0x000000003003efd7                _do_read_file_from_disk
                0x000000003003f72c                _do_write_file_to_disk
                0x000000003003f7e9                _set_global_open_file
                0x000000003003f81e                _get_global_open_file
                0x000000003003f845                _fs_initialize_dev_dir
                0x000000003003f8fe                _fsInitializeWorkingDiretoryString
                0x000000003003fa95                ___fs_initialize_imp
                0x000000003004025c                _fsbp_initialize_fat
                0x0000000030040285                _fsbp_initialize_bp_directories
                0x000000003004031d                _fsLoadFile
                0x00000000300408b5                _fsLoadFile2
                0x0000000030040965                _fsLoadProgramFromGRAMADO
                0x0000000030040a41                _fsLoadProgramFromDE
                0x0000000030040b1d                _fs_load_path
                0x0000000030040fbd                _fsLoadFileFromCurrentTargetDir
                0x0000000030041171                _fs_load_image
                0x0000000030041354                _sys_read
                0x00000000300413e1                _sys_write
                0x0000000030041441                _sys_open
                0x000000003004148f                _sys_close
                0x00000000300414b7                _sys_fcntl
                0x0000000030041595                _sys_ioctl
                0x00000000300415ed                _sys_get_global_sync
                0x000000003004163f                _sys_set_global_sync
                0x000000003004168c                _get_saved_sync
                0x000000003004169c                _sys_create_new_sync
                0x0000000030041750                _sys_set_file_sync
                0x00000000300418f5                _sys_get_file_sync
                0x0000000030041a03                _sys_get_device_number_by_path
                0x0000000030041a24                _sys_open_device_by_number
                0x0000000030041bcf                _sys_get_file_size
                0x0000000030041c22                _sys_sleep_if_socket_is_empty
                0x0000000030041db6                _sys_pwd
                0x0000000030041e02                _fs_load_boot_metafile
                0x0000000030041e34                _fs_store_boot_metafile
                0x0000000030041e66                _sys_read_file_from_disk
                0x0000000030041f6c                _sys_write_file_to_disk
                0x000000003004202d                _sys_create_empty_file
                0x0000000030042149                _sys_cd_command
                0x00000000300421ce                _sys_create_empty_directory
                0x00000000300422d3                _fsInitialize
                0x00000000300422e7                _elfCheckSignature
                0x00000000300423cd                _sys_dup
                0x00000000300424b2                _sys_dup2
                0x00000000300425e9                _sys_dup3
                0x0000000030042725                _sys_pipe
                0x0000000030042beb                _file_read_pipe_buffer
                0x0000000030042d85                _file_write_pipe_buffer
                0x0000000030042f1d                _sys_read_pipe
                0x0000000030042f9f                _sys_write_pipe
                0x0000000030043021                _pipe_ioctl
                0x0000000030043288                _search_in_dir
                0x00000000300432ec                _search_in_root
                0x000000003004334a                _fs_find_n_empty_entries
                0x00000000300433e7                _findEmptyDirectoryEntry
                0x0000000030043458                _fsSearchFileInRoot
                0x0000000030043485                _fs_find_empty_entry_in_fat
                0x00000000300434b5                _search_path_in_the_inode_table
                0x0000000030043578                _test_fat16_find_volume_info
                0x0000000030043640                _fat16_get_entry_info
                0x000000003004372a                _from_FAT_name
                0x00000000300438d2                _to_FAT_name
                0x0000000030043a11                _fsGetFileSize
                0x0000000030043c38                _fsFAT16ListFiles
                0x0000000030043d69                _fat16_init_fat_structure
                0x0000000030043eb9                _fs_fat16_cache_not_saved
                0x0000000030043ece                _fs_save_fat16_cache
                0x0000000030043f16                _fat16Init
 .text          0x0000000030043f61     0x3941 p3_mm.o
                0x0000000030043f61                _mmsize_initialize
                0x00000000300440b9                _x64mm_has_1gb_pages
                0x000000003004411c                ___enable_pae
                0x0000000030044130                _x64mm_enable_paging
                0x0000000030044146                _load_pml4_table
                0x000000003004415c                _x64mm_load_pml4_table
                0x0000000030044172                _x64mm_refresh_cr3
                0x00000000300443c6                _virtual_to_physical
                0x00000000300443ef                _mm_fill_page_table
                0x00000000300444cc                _mm_gc
                0x00000000300446d2                _memory_create_new_heap
                0x00000000300446fc                _memory_destroy_heap
                0x000000003004471e                _heapAllocateMemory
                0x0000000030044920                _heapFreeMemory
                0x0000000030044a60                _heapReuseMemory
                0x0000000030044af0                _test_heap_reuse
                0x0000000030044bf2                _mmblock_debug_print
                0x0000000030044d5a                _get_process_heap_pointer
                0x0000000030044e59                _mmInitialize
                0x0000000030044f2b                _mmShowPML4Entry
                0x0000000030044f53                _mmShowMemoryInfo
                0x00000000300453f6                _mmShowPML4EntryForAllProcesses
                0x0000000030045453                _mmShowPagedMemoryList
                0x00000000300454d0                _mmShowMemoryBlocksForTheKernelAllocator
                0x0000000030045568                _mmTestingPageAlloc
                0x0000000030045790                _mmNewPage
                0x000000003004594d                _allocPages
                0x0000000030045c7b                _mm_alloc_single_page
                0x0000000030045c8a                _mm_alloc_contig_pages
                0x0000000030045cb2                _mmAllocPage
                0x0000000030045cc1                _mmAllocPages
                0x0000000030045ce9                _initializeFramesAlloc
                0x0000000030045dad                _shmm_user_heap_initialize
                0x0000000030045ddb                _get_2mb_user_heap_page
                0x0000000030045e1a                _pages_print_info
                0x0000000030045f8f                _pages_print_video_info
                0x0000000030045fe9                _CreateAndIntallPageTable
                0x0000000030046023                _get_new_frame
                0x000000003004604c                _alloc_frame
                0x000000003004606a                _get_table_pointer_va
                0x00000000300460ad                _CloneKernelPD0
                0x000000003004613a                _CloneKernelPDPT0
                0x00000000300461c7                _CloneKernelPML4
                0x0000000030046254                _clone_pml4
                0x000000003004638d                _isValidPageStruct
                0x00000000300463cf                _freePage
                0x000000003004640c                _notfreePage
                0x0000000030046449                _mm_is_page_aligned_va
                0x0000000030046471                _pages_calc_mem
                0x0000000030046660                ___initialize_ram_usage_varables
                0x0000000030046e1f                _mm_map_2mb_region_in_pd0_imp
                0x0000000030046eb0                _mm_map_2mb_region_in_pd0
                0x0000000030046ee5                _map_kernel_va_2mb
                0x0000000030046f60                _map_user_va_2mb
                0x0000000030046fdb                _map_kernel_va_1gb
                0x0000000030047051                _map_user_va_1gb
                0x00000000300471a9                _pagesInitializePaging
                0x000000003004739a                _slab_1MB_allocator
                0x000000003004750c                _slab_initialize
                0x00000000300475be                _I_initialize_frame_table
                0x0000000030047880                _mmGetFTStartPA
                0x0000000030047891                _mmGetFTEndPA
 .text          0x00000000300478a2     0x4329 p4_libk.o
                0x00000000300478a2                _isdigit
                0x00000000300478c7                ___tolower
                0x00000000300478f5                ___toupper
                0x0000000030047923                __tolower
                0x0000000030047939                _isodigit
                0x0000000030047960                _kstdio_feed_stdin
                0x0000000030047a29                _sys_setup_stdin
                0x0000000030047b59                _is_socket
                0x0000000030047ba2                _is_virtual_console
                0x0000000030047bd6                _kinput
                0x0000000030047d7d                _printchar
                0x0000000030047dc4                _putchar_K
                0x0000000030047dd9                _putchar
                0x0000000030047e25                _prints
                0x0000000030047f19                _printi
                0x000000003004804b                _print
                0x00000000300482d4                _kinguio_i2hex_versao2
                0x0000000030048410                _kinguio_i2hex
                0x000000003004861d                _kinguio_utoa
                0x000000003004867d                _kinguio_itoa
                0x00000000300487fc                _kinguio_vsprintf
                0x0000000030048d11                _kinguio_puts
                0x0000000030048d91                _kputs
                0x0000000030048dc7                _sprintf_old
                0x0000000030048e47                _mysprintf
                0x0000000030048eff                _k_ungetc
                0x0000000030048f4d                _k_ftell
                0x0000000030048f81                _k_fileno
                0x0000000030048fa4                _k_fgetc
                0x0000000030049048                _k_feof
                0x0000000030049090                _k_ferror
                0x00000000300490ca                _k_fseek
                0x0000000030049371                _k_fputc
                0x0000000030049486                _k_fscanf
                0x0000000030049506                _k_rewind
                0x000000003004952e                _k_fclose
                0x000000003004958b                _k_fputs
                0x0000000030049634                _k_setbuf
                0x000000003004968b                _k_setbuffer
                0x00000000300496d2                _k_setlinebuf
                0x00000000300496f8                _k_setvbuf
                0x000000003004974b                _regularfile_ioctl
                0x0000000030049778                _new_file
                0x000000003004aa36                _kstdio_initialize
                0x000000003004aaaf                _printk_old
                0x000000003004ab2a                _kinguio_printf
                0x000000003004ac43                _sys_sigaction
                0x000000003004ac79                _sys_signal
                0x000000003004acab                _srand
                0x000000003004acc2                _rand
                0x000000003004ad09                _abs
                0x000000003004ad26                _k_atoi
                0x000000003004ae02                ___ptsname
                0x000000003004aee3                _kmalloc
                0x000000003004afc3                _kfree
                0x000000003004aff4                _kcalloc
                0x000000003004b02d                _string_compute_checksum
                0x000000003004b094                _strcmp
                0x000000003004b10f                _kstrncmp
                0x000000003004b17a                _str_cmp
                0x000000003004b210                _memcpy
                0x000000003004b266                _memcpy32
                0x000000003004b2bb                _memcpy64
                0x000000003004b312                _safe_strcpy
                0x000000003004b386                _strcpy
                0x000000003004b3cb                _strncpy
                0x000000003004b43b                _strcat
                0x000000003004b482                _bcopy
                0x000000003004b4c5                _bzero
                0x000000003004b4f7                _strlen
                0x000000003004b527                _k_strnlen
                0x000000003004b564                _memset
                0x000000003004b5b6                _strcspn
                0x000000003004b65f                _strspn
                0x000000003004b710                _k_strtok_r
                0x000000003004b81a                _k_strtok
                0x000000003004b848                _strdup
                0x000000003004b8ac                _sys_getdtablesize
                0x000000003004b8bb                _sys_execve
                0x000000003004b8d6                _fpathconf
                0x000000003004b8fb                _pathconf
                0x000000003004b921                _sys_gethostname
                0x000000003004b9a2                _sys_sethostname
                0x000000003004ba42                _sys_lseek
                0x000000003004bb92                _libk_initialize
 .text          0x000000003004bbcb      0xaad acpi.o
                0x000000003004bbcb                _acpi_check_header
                0x000000003004bc03                _acpi_check_header02
                0x000000003004c2c8                _acpi_probe
 .text          0x000000003004c678     0x115f p3_bus.o
                0x000000003004c678                _pci_ReadPCIConfigAddr
                0x000000003004c6de                _pci_WritePCIConfigAddr
                0x000000003004c74e                _pciConfigReadByte
                0x000000003004c7eb                _pciConfigReadWord
                0x000000003004c88b                _pciConfigReadDWord
                0x000000003004c91c                _pciGetBAR
                0x000000003004ca2f                _pciGetClassCode
                0x000000003004ca60                _pciGetHeaderType
                0x000000003004ca91                _pciGetInterruptLine
                0x000000003004cac2                _pciGetInterruptPin
                0x000000003004caf3                _pciGetSubClass
                0x000000003004cb24                _pciCheckDevice
                0x000000003004cb55                _pciCheckVendor
                0x000000003004cbee                _pciHandleDevice
                0x000000003004d263                _irq_SHARED0
                0x000000003004d26e                _irq_SHARED1
                0x000000003004d279                _irq_SHARED2
                0x000000003004d284                _irq_SHARED3
                0x000000003004d28f                _init_pci
                0x000000003004d376                _pciInfo
                0x000000003004d54c                _pciShowDeviceInfo
                0x000000003004d5f1                _pciscan_probe_devices
                0x000000003004d6d9                _scan_pci_device_list
                0x000000003004d75a                _scan_pci_device_list2
 .text          0x000000003004d7d7      0x261 apmain.o
                0x000000003004da28                _AP_kmain
 .text          0x000000003004da38     0x1284 kmain.o
                0x000000003004daff                _qf_post_message
                0x000000003004dc52                _qf_get_message
                0x000000003004dde7                _welcome_ap_hlt
                0x000000003004ddf2                _welcome_ap_pause
                0x000000003004ddfd                ___AP_BSP_handshake
                0x000000003004e182                _init_globals
                0x000000003004eabb                _I_kmain
                0x000000003004ec84                _start_kernel
                0x000000003004eca0                _x86_64_start_kernel
                0x000000003004ecbc                _code_end = .

.iplt           0x000000003004ecbc        0x0
 .iplt          0x000000003004ecbc        0x0 head_64.o
                0x000000003004f000                . = ALIGN (0x1000)

.rodata         0x000000003004f000    0x1503e
                0x000000003004f000                _rodata_begin = .
 *(.rdata)
 *(.rodata)
 .rodata        0x000000003004f000     0x5f15 p1_ke.o
                0x0000000030053634                _CPUID_FLAG_MSR
 *fill*         0x0000000030054f15        0x3 
 .rodata        0x0000000030054f18     0x1f9f p1_kwrap.o
 *fill*         0x0000000030056eb7        0x1 
 .rodata        0x0000000030056eb8     0x1231 p2_wink.o
 *fill*         0x00000000300580e9        0x7 
 .rodata        0x00000000300580f0      0x700 netdev.o
 .rodata        0x00000000300587f0     0x16b6 chardev.o
 *fill*         0x0000000030059ea6        0x2 
 .rodata        0x0000000030059ea8     0x1676 blkdev.o
 *fill*         0x000000003005b51e        0x2 
 .rodata        0x000000003005b520     0x239e p3_net.o
 *fill*         0x000000003005d8be        0x2 
 .rodata        0x000000003005d8c0      0x387 p3_dev.o
 *fill*         0x000000003005dc47        0x1 
 .rodata        0x000000003005dc48     0x31eb p3_fs.o
 *fill*         0x0000000030060e33        0x5 
 .rodata        0x0000000030060e38     0x1475 p3_mm.o
 *fill*         0x00000000300622ad       0x13 
 .rodata        0x00000000300622c0      0x909 p4_libk.o
                0x00000000300622c0                __ctype
 *fill*         0x0000000030062bc9        0x7 
 .rodata        0x0000000030062bd0      0x307 acpi.o
 *fill*         0x0000000030062ed7        0x1 
 .rodata        0x0000000030062ed8      0xa90 p3_bus.o
 .rodata        0x0000000030063968       0x1f apmain.o
 *fill*         0x0000000030063987        0x1 
 .rodata        0x0000000030063988      0x6b6 kmain.o
                0x000000003006403e                _rodata_end = .

.eh_frame       0x0000000030064040     0xa818
 .eh_frame      0x0000000030064040     0x2c48 p1_ke.o
                                       0x2fb0 (size before relaxing)
 .eh_frame      0x0000000030066c88      0xa98 p1_kwrap.o
                                        0xc00 (size before relaxing)
 .eh_frame      0x0000000030067720     0x1100 p2_wink.o
                                       0x12a8 (size before relaxing)
 .eh_frame      0x0000000030068820      0x2b0 netdev.o
                                        0x2e0 (size before relaxing)
 .eh_frame      0x0000000030068ad0     0x15b8 chardev.o
                                       0x16c4 (size before relaxing)
 *fill*         0x000000003006a088        0x0 
 .eh_frame      0x000000003006a088      0xba0 blkdev.o
                                        0xc78 (size before relaxing)
 .eh_frame      0x000000003006ac28      0xe00 p3_net.o
                                        0xf48 (size before relaxing)
 .eh_frame      0x000000003006ba28      0x158 p3_dev.o
                                        0x188 (size before relaxing)
 .eh_frame      0x000000003006bb80      0xe70 p3_fs.o
                                        0xf40 (size before relaxing)
 .eh_frame      0x000000003006c9f0      0xa70 p3_mm.o
                                        0xb30 (size before relaxing)
 .eh_frame      0x000000003006d460      0xc60 p4_libk.o
                                        0xd28 (size before relaxing)
 .eh_frame      0x000000003006e0c0       0xc8 acpi.o
                                         0xe0 (size before relaxing)
 .eh_frame      0x000000003006e188      0x338 p3_bus.o
                                        0x384 (size before relaxing)
 *fill*         0x000000003006e4c0        0x0 
 .eh_frame      0x000000003006e4c0       0x78 apmain.o
                                         0x90 (size before relaxing)
 .eh_frame      0x000000003006e538      0x320 kmain.o
                                        0x338 (size before relaxing)

.rela.dyn       0x000000003006e858        0x0
 .rela.got      0x000000003006e858        0x0 head_64.o
 .rela.iplt     0x000000003006e858        0x0 head_64.o
 .rela.head_x86_64
                0x000000003006e858        0x0 head_64.o
 .rela.text     0x000000003006e858        0x0 head_64.o
                0x000000003006f000                . = ALIGN (0x1000)

.data           0x000000003006f000     0x1828
                0x000000003006f000                _data_begin = .
 *(.data)
 .data          0x000000003006f000        0x2 head_64.o
                0x000000003006f000                _data_start
 *fill*         0x000000003006f002        0x6 
 .data          0x000000003006f008       0x7c p1_ke.o
                0x000000003006f008                _g_use_event_responder
                0x000000003006f014                _gszLastStackFrame
                0x000000003006f020                _init_thread_default_name
                0x000000003006f028                _initbin_cmdline_server
                0x000000003006f030                _initbin_cmdline_headless
                0x000000003006f038                _initbin_cmdline_cli
                0x000000003006f040                _initbin_cmdline_desktop
                0x000000003006f048                _initbin_cmdline_reboot
                0x000000003006f050                _initbin_cmdline_shutdown
                0x000000003006f058                _kernel_process_default_name
                0x000000003006f060                _init_process_default_name
                0x000000003006f068                _init_image_name
 *fill*         0x000000003006f084        0x4 
 .data          0x000000003006f088       0x18 p1_kwrap.o
                0x000000003006f088                _g_product_type
                0x000000003006f08c                _current_arch
                0x000000003006f098                _mod0_image_name
 .data          0x000000003006f0a0        0x8 p2_wink.o
 .data          0x000000003006f0a8        0x0 netdev.o
 *fill*         0x000000003006f0a8       0x18 
 .data          0x000000003006f0c0      0x298 chardev.o
                0x000000003006f0c0                _gKernelOwnsDisplay
                0x000000003006f0c8                _device_name_nonameconsole
                0x000000003006f0e0                _map_abnt2
                0x000000003006f180                _shift_abnt2
                0x000000003006f220                _ctl_abnt2
                0x000000003006f2c0                _extended_abnt2
                0x000000003006f348                _device_name_ps2kbd
                0x000000003006f350                _device_name_ps2mouse
 .data          0x000000003006f358       0x30 blkdev.o
                0x000000003006f360                _sda_string
                0x000000003006f368                _sdb_string
                0x000000003006f370                _sdc_string
                0x000000003006f378                _sdd_string
                0x000000003006f380                _sdfail_string
 .data          0x000000003006f388       0x68 p3_net.o
                0x000000003006f38a                _localhost_ipv4
                0x000000003006f38e                ___arp_broadcast_mac
                0x000000003006f394                ___arp_target_mac
                0x000000003006f39a                ___arp_target_default_ipv4
                0x000000003006f39e                ___arp_gateway_default_ipv4
                0x000000003006f3a2                ___udp_gramado_default_ipv4
                0x000000003006f3a6                ___udp_target_default_ipv4
                0x000000003006f3aa                ___udp_target_gateway_ipv4
                0x000000003006f3ae                ___udp_target_mac
                0x000000003006f3b4                _udp_saved_mac
                0x000000003006f3ba                ___dhcp_source_ipv4_2
                0x000000003006f3be                _dhcp_saved_server_id
                0x000000003006f3c2                ___dhcp_target_ipv4
                0x000000003006f3c6                ___dhcp_target_mac
                0x000000003006f3cc                ___dhcp_target_broadcast_mac
                0x000000003006f3d8                _gprot_response_file
                0x000000003006f3e0                _default_network_name_string
                0x000000003006f3e8                _default_network_version_string
 .data          0x000000003006f3f0        0x0 p3_dev.o
 .data          0x000000003006f3f0       0x1c p3_fs.o
                0x000000003006f400                _root_name
                0x000000003006f408                _pipe_max_size
 *fill*         0x000000003006f40c        0x4 
 .data          0x000000003006f410        0x8 p3_mm.o
                0x000000003006f410                _table_pointer_heap_base
 .data          0x000000003006f418        0x4 p4_libk.o
 .data          0x000000003006f41c        0x0 acpi.o
 *fill*         0x000000003006f41c        0x4 
 .data          0x000000003006f420     0x1408 p3_bus.o
                0x000000003006f420                _pci_device_no_name
                0x000000003006f440                _pci_classes2
 .data          0x0000000030070828        0x0 apmain.o
 .data          0x0000000030070828        0x0 kmain.o
                0x0000000030070828                _data_end = .

.got            0x0000000030070828        0x0
 .got           0x0000000030070828        0x0 head_64.o

.got.plt        0x0000000030070828        0x0
 .got.plt       0x0000000030070828        0x0 head_64.o

.igot.plt       0x0000000030070828        0x0
 .igot.plt      0x0000000030070828        0x0 head_64.o
                0x0000000030071000                . = ALIGN (0x1000)

.bss            0x0000000030071000    0x68dd8
                0x0000000030071000                _bss_begin = .
 *(.bss)
 .bss           0x0000000030071000    0x20000 head_64.o
                0x0000000030071000                _EarlyKernelStackEnd
                0x0000000030071000                _bss_start
                0x0000000030081000                _rsp0StackEnd
                0x0000000030081000                _EarlyKernelStack
                0x0000000030091000                _rsp0Stack
 .bss           0x0000000030091000      0x390 p1_ke.o
                0x0000000030091030                _task_switch_status
                0x000000003009103c                _dispatcherType
                0x0000000030091040                _dispatcherQueueIndex
                0x0000000030091048                _contextSS
                0x0000000030091050                _contextRSP
                0x0000000030091058                _contextRFLAGS
                0x0000000030091060                _contextCS
                0x0000000030091068                _contextRIP
                0x0000000030091070                _contextDS
                0x0000000030091078                _contextES
                0x0000000030091080                _contextFS
                0x0000000030091088                _contextGS
                0x0000000030091090                _contextRAX
                0x0000000030091098                _contextRBX
                0x00000000300910a0                _contextRCX
                0x00000000300910a8                _contextRDX
                0x00000000300910b0                _contextRSI
                0x00000000300910b8                _contextRDI
                0x00000000300910c0                _contextRBP
                0x00000000300910c8                _contextR8
                0x00000000300910d0                _contextR9
                0x00000000300910d8                _contextR10
                0x00000000300910e0                _contextR11
                0x00000000300910e8                _contextR12
                0x00000000300910f0                _contextR13
                0x00000000300910f8                _contextR14
                0x0000000030091100                _contextR15
                0x0000000030091108                _contextCPL
                0x0000000030091110                _asmflagDoCallbackAfterCR3
                0x0000000030091118                _ring3_callback_address
                0x0000000030091120                _ring3_callback_parm1
                0x0000000030091128                _ring3_callback_parm2
                0x0000000030091130                _ring3_callback_parm3
                0x0000000030091138                _ring3_callback_parm4
                0x0000000030091140                _callback_restorer_done
                0x0000000030091148                __callback_status
                0x0000000030091150                __callback_address
                0x0000000030091158                __callback_address_saved
                0x0000000030091160                _foreground_thread
                0x0000000030091164                _special_reader
                0x0000000030091168                ___gpidBoot
                0x000000003009116c                ___gpidInclude
                0x0000000030091170                ___gpidInit
                0x0000000030091174                ___gpidInstall
                0x0000000030091178                ___gpidLogoff
                0x000000003009117c                ___gpidLogon
                0x0000000030091180                ___gpidNetServer
                0x0000000030091184                ___gpidNotificationServer
                0x0000000030091188                ___gpidSCI
                0x000000003009118c                ___gpidSecurityServer
                0x0000000030091190                ___gpidSysIO
                0x0000000030091194                ___gpidSysLib
                0x0000000030091198                ___gpidSysMK
                0x000000003009119c                ___gpidSysSM
                0x00000000300911a0                ___gpidWindowManager
                0x00000000300911a4                ___gpidWindowServer