
Merging program properties

Removed property 0xc0000002 to merge p1_ke.o (0x3) and head_64.o (not found)
Removed property 0xc0000002 to merge p1_ke.o (not found) and p1_kwrap.o (0x3)
Removed property 0xc0000002 to merge p1_ke.o (not found) and p2_wink.o (0x3)
Removed property 0xc0000002 to merge p1_ke.o (not found) and netdev.o (0x3)
Removed property 0xc0000002 to merge p1_ke.o (not found) and chardev.o (0x3)
Removed property 0xc0000002 to merge p1_ke.o (not found) and blkdev.o (0x3)
Removed property 0xc0000002 to merge p1_ke.o (not found) and p3_mm.o (0x3)
Removed property 0xc0000002 to merge p1_ke.o (not found) and p3_net.o (0x3)
Removed property 0xc0000002 to merge p1_ke.o (not found) and acpi.o (0x3)
Removed property 0xc0000002 to merge p1_ke.o (not found) and p3_bus.o (0x3)
Removed property 0xc0000002 to merge p1_ke.o (not found) and p3_dev.o (0x3)
Removed property 0xc0000002 to merge p1_ke.o (not found) and p3_fs.o (0x3)
Removed property 0xc0000002 to merge p1_ke.o (not found) and p4_libk.o (0x3)
Removed property 0xc0000002 to merge p1_ke.o (not found) and kmain.o (0x3)

Allocating common symbols
Common symbol       size              file

_usessionList       0x80              p2_wink.o
_wproxy_hover       0x8               p2_wink.o
_kernel_mod0        0x8               p1_kwrap.o
_Graphics           0x8               p1_ke.o
_framepoolList      0x2000            p1_ke.o
_PS2                0x10              p1_ke.o
_PS2MouseDeviceTTY  0x8               chardev.o
_sdGRAMADO          0x58              p3_fs.o
_TEKernelProcess    0x8               p1_ke.o
_prompt             0x400             p4_libk.o
_threadList         0x2000            p1_ke.o
_pci_device         0x8               p3_bus.o
_current_sd         0x8               blkdev.o
_kgws_ws_status     0x4               p2_wink.o
_wait_queue         0x8               p1_ke.o
_NewPagedPool       0x38              p3_mm.o
_context_fpu_buffer
                    0x200             p1_ke.o
_kstdio_info        0x8               p4_libk.o
_dc_backbuffer      0x8               p1_ke.o
_LocalHostHTTPSocket
                    0x8               p3_net.o
_KernelArgs         0x20              p1_ke.o
_pcideviceList      0x400             p1_ke.o
_PS2MouseDeviceObject
                    0x8               chardev.o
_xxx_gdt            0x100             p1_ke.o
_vol_label_directory_entry
                    0x8               p3_fs.o
_init_mm_data       0x38              p3_mm.o
_current_volume_string
                    0x8               blkdev.o
_storage            0x8               blkdev.o
_InitThread         0x8               p1_ke.o
_extra              0x4               p1_ke.o
_fsbFrames          0x2000            p1_ke.o
_____network_file   0x8               p3_net.o
_Initialization     0x3c              kmain.o
_system_cg          0x8               p2_wink.o
_stderr             0x8               p4_libk.o
_____whatchdog_ps2_keyboard
                    0x4               p1_ke.o
_nicList            0x40              p3_dev.o
_gui                0x8               p1_kwrap.o
_CurrentUserSession
                    0x8               p2_wink.o
_volume2_rootdir_fp
                    0x8               p4_libk.o
_system_disk_pt2    0x8               blkdev.o
_processor          0x8               p1_ke.o
_userList           0x80              p2_wink.o
_bldisp_info        0xc               chardev.o
_mbr                0x8               blkdev.o
_NetworkSaved       0x14              p3_net.o
_current_mmblock    0x8               p3_mm.o
_deviceList         0x1000            p3_dev.o
_teList             0x2000            p1_ke.o
_surfacexxxx        0x4               p2_wink.o
_cgroupList         0x80              p2_wink.o
_nb_rx_11888        0x1a8             p3_net.o
_pagetableList      0x2000            p1_ke.o
_mbuttons_old_state
                    0x14              chardev.o
_PCI                0x20              p3_bus.o
_root               0x8               p3_fs.o
_current_pci_device
                    0x8               p3_bus.o
_ATACurrentPort     0x10              blkdev.o
_TEInitProcess      0x8               p1_ke.o
_InputBrokerInfo    0xc               p2_wink.o
_usession0          0x8               p2_wink.o
_CurrentSocket      0x8               p3_net.o
_console3_tty       0x8               chardev.o
_____boot____disk   0x8               blkdev.o
_NetworkInitialization
                    0xc               p3_net.o
_redirect           0x8               chardev.o
_stdin              0x8               p4_libk.o
_currentq           0x8               p1_ke.o
_CONSOLE_TTYS       0x3900            chardev.o
_socketList         0x100             p3_net.o
_rsdt               0x8               acpi.o
_CWD                0x28              p3_fs.o
_____whatchdog_ps2_mouse
                    0x4               p1_ke.o
_PrideColorScheme   0x8               p2_wink.o
_CurrentTSS         0x8               p1_ke.o
_queue              0x8               p1_ke.o
[...]
Memory Configuration

Name             Origin             Length             Attributes
*default*        0x0000000000000000 0xffffffffffffffff

Linker script and memory map

                0x0000000030000000                . = 0x30000000
                0x0000000030000000                _kernel_begin = .
                0x0000000030001000                . = 0x30001000

.text           0x0000000030001000    0x4b6f8
                0x0000000030001000                _code_begin = .
 *(.head_x86_64)
 .head_x86_64   0x0000000030001000     0x349f head_64.o
                0x0000000030001000                _kernel_entry_point
                0x0000000030001078                _idt
                0x0000000030002080                _IDT_register
                0x0000000030002176                _save_fault_number
                0x0000000030002358                ExecutionHall_fault_N0
                0x0000000030002369                ExecutionHall_fault_N1
                0x000000003000237a                ExecutionHall_fault_N2
                0x000000003000238b                ExecutionHall_fault_N3
                0x000000003000239c                ExecutionHall_fault_N4
                0x00000000300023ad                ExecutionHall_fault_N5
                0x00000000300023be                ExecutionHall_fault_INVALID_OPCODE
                0x00000000300023cf                ExecutionHall_fault_N7
                0x00000000300023e0                ExecutionHall_fault_DOUBLE
                0x00000000300023f1                ExecutionHall_fault_N9
                0x0000000030002402                ExecutionHall_fault_N10
                0x0000000030002413                ExecutionHall_fault_N11
                0x0000000030002424                ExecutionHall_fault_STACK
                0x0000000030002435                ExecutionHall_fault_GP
                0x0000000030002446                ExecutionHall_fault_N14
                0x0000000030002457                ExecutionHall_fault_N15
                0x0000000030002468                ExecutionHall_fault_N16
                0x0000000030002479                ExecutionHall_fault_N17
                0x000000003000248a                ExecutionHall_fault_N18
                0x000000003000249b                ExecutionHall_fault_N19
                0x00000000300024ac                ExecutionHall_fault_N20
                0x00000000300024bd                ExecutionHall_fault_N21
                0x00000000300024ce                ExecutionHall_fault_N22
                0x00000000300024df                ExecutionHall_fault_N23
                0x00000000300024f0                ExecutionHall_fault_N24
                0x0000000030002501                ExecutionHall_fault_N25
                0x0000000030002512                ExecutionHall_fault_N26
                0x0000000030002523                ExecutionHall_fault_N27
                0x0000000030002534                ExecutionHall_fault_N28
                0x0000000030002545                ExecutionHall_fault_N29
                0x0000000030002556                ExecutionHall_fault_N30
                0x0000000030002567                ExecutionHall_fault_N31
                0x0000000030002780                _DisableSSE
                0x000000003000278d                _EnableSSE
                0x000000003000279a                _x64_enable_avx
                0x00000000300027bc                PeripheralHall_irq0
                0x0000000030002900                PeripheralHall_irq1
                0x0000000030002ad4                _irq3
                0x0000000030002b10                _irq4
                0x0000000030002b4c                _irq7
                0x0000000030002b98                PeripheralHall_irq8
                0x0000000030002be0                _irq9
                0x0000000030002c30                PeripheralHall_irq9_nic_handler
                0x0000000030002e0c                _irq10
                0x0000000030002e5c                _irq11
                0x0000000030002eac                PeripheralHall_irq12
                0x0000000030003088                _irq13
                0x00000000300030d8                PeripheralHall_irq14
                0x0000000030003138                PeripheralHall_irq15
                0x0000000030003345                _turn_task_switch_on
                0x0000000030003367                _turn_task_switch_off
                0x0000000030003590                RequestHall_int128
                0x0000000030003650                RequestHall_int129
                0x0000000030003710                RequestHall_int130
                0x00000000300037d0                RequestHall_int131
                0x0000000030003890                _system_call
                0x000000003000389c                _syscall_handler
                0x00000000300038d0                RequestHall_int198
                0x0000000030003934                RequestHall_int199
                0x0000000030003c00                PeripheralHall_lapic_timer_handler
                0x0000000030003c6d                PeripheralHall_lapic_perf_handler
                0x0000000030003c81                PeripheralHall_lapic_lint0_handler
                0x0000000030003c95                PeripheralHall_lapic_nmi_handler
                0x0000000030003ca9                PeripheralHall_lapic_error_handler
                0x0000000030003cbd                PeripheralHall_lapic_thermal_handler
                0x0000000030003cd1                PeripheralHall_spurious_handler
                0x0000000030003cd9                _x64_clear_nt_flag
                0x0000000030003ced                _gdt_flush
                0x0000000030003d97                _setup_system_interrupt
                0x0000000030003e53                _setup_system_interrupt_hw
                0x0000000030004315                _asm_nic_create_new_idt_entry
                0x000000003000433c                _asm_initialize_module0
                0x0000000030004342                _asm_reboot
                0x000000003000444d                _asm_AP_entry_point
 *(.text)
 .text          0x000000003000449f    0x11b2b p1_ke.o
                0x000000003000465c                _get_init_thread
                0x000000003000466d                _get_next_on_queue_or_the_init_thread
                0x0000000030004706                _get_ev_responter
                0x000000003000475f                _set_ev_responder
                0x00000000300047d0                _has_pending_event
                0x000000003000483d                _sched_show_info
                0x0000000030004888                _scheduler_lock
                0x000000003000489d                _scheduler_unlock
                0x00000000300048b2                _is_scheduler_locked
                0x00000000300048c2                _sched_cut_round
                0x0000000030005671                _scheduler
                0x0000000030005792                _psScheduler
                0x00000000300057d9                _sched_count_active_threads
                0x0000000030005859                _sched_boost_ds_thread
                0x00000000300058da                _sched_boost_foreground_thread
                0x0000000030005946                _sched_lower_current_thread
                0x00000000300059b2                _sys_nice
                0x0000000030005a83                _sys_sleep
                0x0000000030005ac5                _sys_yield
                0x0000000030005afc                _init_scheduler
                0x0000000030005bc8                _do_credits
                0x0000000030005c1a                _do_credits_by_tid
                0x0000000030005c61                _do_thread_blocked
                0x0000000030005cdb                _do_thread_dead
                0x0000000030005d43                _do_thread_initialized
                0x0000000030005dab                _do_thread_ready
                0x0000000030005e25                _do_thread_running
                0x0000000030005e87                _do_thread_standby
                0x0000000030005eef                _do_thread_waiting
                0x0000000030005fa1                _do_thread_zombie
                0x0000000030006024                _do_waitpid
                0x00000000300060e5                _schediSelectForExecution
                0x0000000030006127                _get_current_thread
                0x0000000030006137                _set_current_thread
                0x00000000300061a8                _set_foreground_thread
                0x0000000030006219                _wait_for_a_reason
                0x00000000300062cf                _wakeup_thread_reason
                0x00000000300062f7                _wakeup_scan_thread_reason
                0x000000003000631c                _wakeup_thread
                0x00000000300063d6                _yield
                0x000000003000643b                _sleep_until
                0x0000000030006482                _sleep
                0x00000000300064fa                _schedi_drop_quantum
                0x0000000030006532                _schedi_check_for_standby
                0x00000000300065fc                _set_currentq
                0x0000000030006650                _get_currentq
                0x0000000030006661                _qlist_set_element
                0x00000000300066d8                _qlist_get_element
                0x0000000030006724                _qlist_initialize
                0x0000000030006756                _get_taskswitch_status
                0x0000000030006767                _set_taskswitch_status
                0x0000000030006781                _taskswitch_lock
                0x0000000030006797                _taskswitch_unlock
                0x00000000300067ad                _tsCallExtraRoutines
                0x00000000300070a2                _tsTaskSwitch
                0x00000000300071bc                _init_ts
                0x00000000300071d0                _IncrementDispatcherCount
                0x00000000300072ea                _dispatcher
                0x00000000300074ab                _init_dispatch
                0x00000000300075bd                _spawn_set_eoi_state
                0x00000000300075d2                _spawn_reset_eoi_state
                0x0000000030007bf9                _psSpawnThreadByTID
                0x0000000030007c56                _save_current_context
                0x00000000300081ab                _restore_current_context
                0x000000003000866c                _contextCheckThreadRing3Context
                0x000000003000876b                _callback_is_restored
                0x00000000300087f6                _setup_callback_parameters
                0x000000003000883d                _setup_callback
                0x000000003000884c                _prepare_next_callback
                0x0000000030008857                _callbackReinitialize
                0x0000000030008866                _callbackInitialize
                0x0000000030008875                _threadObject
                0x0000000030008d7e                _destroy_thread_structure
                0x0000000030008e11                _gc_thread_structure
                0x0000000030008e33                _GetThreadStats
                0x000000003000912e                _getthreadname
                0x00000000300091c8                _FindReadyThread
                0x0000000030009233                _GetThreadState
                0x0000000030009269                _GetThreadType
                0x000000003000929c                _SetCurrentTID
                0x00000000300092b3                _GetCurrentTID
                0x00000000300092c3                _GetThreadByTID
                0x00000000300092fb                _GetCurrentThread
                0x0000000030009323                _GetForegroundThread
                0x000000003000934b                _GetDSThread
                0x0000000030009385                _SelectForExecution
                0x00000000300093b6                _thread_show_profiler_info
                0x000000003000946a                _thread_get_profiler_percentage
                0x000000003000949d                _thread_profiler
                0x00000000300096c1                _sys_notify_event
                0x00000000300097ab                _sys_msgctl
                0x0000000030009969                _exit_thread
                0x0000000030009a58                _exit_current_thread
                0x0000000030009a91                _copy_thread_struct
                0x000000003000a1e2                _create_thread
                0x000000003000a971                _init_threads
                0x000000003000a9d3                _show_slot
                0x000000003000ab99                _show_slots
                0x000000003000ac5a                _show_reg
                0x000000003000adb9                _show_thread_information
                0x000000003000ae75                _link_two_threads
                0x000000003000af01                _unlink_two_threads
                0x000000003000af8d                _set_thread_priority
                0x000000003000b0b4                _threadi_power
                0x000000003000b13b                _release
                0x000000003000b168                _SetThread_PML4PA
                0x000000003000b193                _check_for_dead_thread_collector
                0x000000003000b1b6                _dead_thread_collector
                0x000000003000b2a8                _kill_thread
                0x000000003000b36f                _kill_all_threads
                0x000000003000b39d                _kill_zombie_threads
                0x000000003000b411                _destroy_process_structure
                0x000000003000b4b3                _gc_process_structure
                0x000000003000b4c6                _get_kernel_process
                0x000000003000b4d7                _get_init_process
                0x000000003000b4e8                _close_all_threads_of_this_process
                0x000000003000b52f                _close_all_processes
                0x000000003000b5c0                _set_current_process
                0x000000003000b5d7                _get_current_process
                0x000000003000b5e7                _get_current_pid
                0x000000003000b5f6                _get_current_process_pointer
                0x000000003000b66d                _get_process_stats
                0x000000003000b9e0                _getprocessname
                0x000000003000ba54                _getNewPID
                0x000000003000baa2                _processTesting
                0x000000003000bb0e                _processSendSignal
                0x000000003000bb51                _GetProcessPML4_PA
                0x000000003000bb78                _GetProcessPML4_VA
                0x000000003000bb9f                _GetProcessHeapStart
                0x000000003000bc4a                _SetProcessPML4_VA
                0x000000003000bc73                _SetProcessPML4_PA
                0x000000003000bc9c                _get_caller_process_id
                0x000000003000bcac                _set_caller_process_id
                0x000000003000bcc3                _process_close_gate
                0x000000003000bd35                _process_open_gate
                0x000000003000bda6                _process_get_file_from_pid
                0x000000003000bdf3                _process_get_file
                0x000000003000be28                _process_get_tty
                0x000000003000bea6                _alloc_memory_for_image_and_stack
                0x000000003000c3b8                _processObject
                0x000000003000c3fc                _create_and_initialize_process_object
                0x000000003000c715                _create_process
                0x000000003000cca5                _init_processes
                0x000000003000ccfa                _show_process_information
                0x000000003000ceb4                _show_currentprocess_info
                0x000000003000cfea                _create_init_thread
                0x000000003000d6c4                _copy_process_struct
                0x000000003000dd81                _copy_process00
                0x000000003000e94d                _copy_process
                0x000000003000e98b                _get_ticks
                0x000000003000e99c                _get_seconds
                0x000000003000e9cd                _get_milliseconds
                0x000000003000ea05                _get_hz
                0x000000003000ea14                _now
                0x000000003000ea5d                _pit_speaker_on
                0x000000003000ea9f                _pit_speaker_off
                0x000000003000ead2                _irq0_TIMER
                0x000000003000eb1b                _DeviceInterface_PIT
                0x000000003000eb67                _timerInit8253
                0x000000003000ec19                _set_timeout
                0x000000003000ec33                _get_timeout
                0x000000003000ec44                _get_systime_info
                0x000000003000ec89                _new_timer_id
                0x000000003000ecce                _pit_sleep
                0x000000003000ed0f                _timerInit
                0x000000003000ed2d                _early_timer_init
                0x000000003000edae                _create_timer
                0x000000003000ef9f                _sc80h
                0x000000003000f091                _sc81h
                0x000000003000f159                _sc82h
                0x000000003000f221                _sc83h
                0x000000003000f43f                _x64_all_faults
                0x000000003000f7b8                _x64smp_show_info
                0x000000003000f8a9                _x64smp_initialization
                0x000000003000fa9a                _apic_TimerHandler0000
                0x000000003000fb30                _apic_mark_cpu_as_running
                0x000000003000fc55                _apic_get_id
                0x000000003000fc7b                _apic_get_version
                0x000000003000fc9e                _local_apic_eoi
                0x000000003000fcc4                _has_apic
                0x000000003000fd19                _cpu_set_apic_base
                0x000000003000fd54                _cpu_get_apic_base
                0x000000003000fda6                _local_apic_send_init
                0x000000003000fe05                _local_apic_send_startup
                0x000000003000fe6c                _Send_INIT_IPI_Once
                0x000000003000feae                _Send_STARTUP_IPI_Twice
                0x000000003000ffd3                _apic_setup_registers
                0x0000000030010178                _lapic_info_initializing
                0x00000000300103d1                _apic_timer_setup_periodic
                0x0000000030010508                _apic_initial_count_timer
                0x0000000030010615                _apic_timer_umasked
                0x0000000030010654                _apic_timer_masked
                0x0000000030010693                _apictim_initialize
                0x0000000030010895                _ioapic_masked
                0x0000000030010916                _ioapic_umasked
                0x0000000030010d2c                _ioapic_initialize
                0x0000000030010dd5                _cpuHasMSR
                0x0000000030010e1d                _cpuGetMSR
                0x0000000030010e48                _cpuSetMSR
                0x0000000030010e67                _mptable_probe
                0x0000000030011654                _check_syscall_support
                0x000000003001169d                _probe_if_cpu_has_support_to_syscall
                0x00000000300116f3                _syscall_enable
                0x000000003001173c                _syscall_set_entry_point
                0x0000000030011773                _syscall_set_mask
                0x00000000300117a4                _initialize_syscall
                0x00000000300117f5                _hal_probe_cpu
                0x00000000300118cd                _hal_probe_processor_type
                0x000000003001199a                _hal_hardware_detect
                0x00000000300119b3                _ipc_post_message_to_tid2
                0x0000000030011c38                _ipc_post_message_to_tid
                0x0000000030012179                _ipc_post_message_to_foreground_thread
                0x00000000300121ea                _ipc_post_message_to_init
                0x0000000030012251                _ipc_post_message_to_ds
                0x00000000300122e3                _ipc_post_input_event_to_ds
                0x00000000300123c1                _ipc_broadcast_system_message
                0x000000003001248c                _ipc_get_message
                0x0000000030012753                _sys_get_message
                0x0000000030012787                _sys_get_message2
                0x0000000030012aa4                _sys_post_message_to_tid
                0x0000000030012b4c                _sys_broadcast_system_message
                0x0000000030012bda                _in8
                0x0000000030012bfc                _in16
                0x0000000030012c22                _in32
                0x0000000030012c46                _out8
                0x0000000030012c65                _out16
                0x0000000030012c86                _out32
                0x0000000030012ca2                ___x86_io_delay
                0x0000000030012cb1                _wait_ns
                0x0000000030012cf3                _mdelay
                0x0000000030012d2d                _udelay
                0x0000000030012d67                _portsx86_IN
                0x0000000030012de9                _portsx86_OUT
                0x0000000030012eec                _rtc_get_date
                0x0000000030012f44                _rtc_get_time
                0x0000000030012fa0                _rtcGetBaseMemory
                0x0000000030013009                _rtcGetExtendedMemory
                0x0000000030013072                ___rtc_init_datastructure
                0x000000003001319f                _DDINIT_rtc
                0x00000000300131f0                _irq8_RTC
                0x000000003001320a                _archhal_speaker_on
                0x000000003001321a                _archhal_speaker_off
                0x000000003001322a                _archhal_reboot
                0x000000003001323a                _hal_io_delay
                0x0000000030013247                _hal_get_date
                0x0000000030013256                _hal_get_time
                0x0000000030013265                _hal_refresh_screen
                0x000000003001327a                _hal_vsync
                0x000000003001328a                _hal_set_machine_type
                0x00000000300132a4                _hal_get_machine_type
                0x00000000300132b5                _hal_reboot
                0x000000003001330a                _hal_shutdown
                0x0000000030013343                _hal_speaker_on
                0x0000000030013353                _hal_speaker_off
                0x0000000030013363                _hal_test_speaker
                0x00000000300133a3                _hal_init_cpu
                0x00000000300133b8                _halInitialize
                0x00000000300134e5                _x64_init_gdt
                0x000000003001373e                _set_gdt_entry
                0x000000003001394a                _tss_init
                0x00000000300139a3                _x64_load_ltr
                0x0000000030014013                _x64_init_fpu
                0x0000000030014020                _x64_init_fpu_support
                0x000000003001410e                _fpu_load_control_word
                0x0000000030014122                _x64_disable_interrupts
                0x000000003001412e                _x64_enable_interrupts
                0x000000003001413a                _x64_iretq
                0x0000000030014147                _x64_iret
                0x0000000030014153                _x64_lret
                0x000000003001415f                _x64_cli_hlt
                0x000000003001416c                _x64_stop_cpu
                0x000000003001417c                _x64_enable_cache
                0x0000000030014187                _x64_init_intel
                0x000000003001463d                _x64_info
                0x0000000030014ee2                _I_x64ExecuteInitialProcess
                0x000000003001557e                _I_x64_initialize
                0x00000000300156fa                _init_queue
                0x0000000030015720                _queue_insert_data
                0x000000003001574d                _queue_get_data
                0x0000000030015776                _queue_insert_head
                0x00000000300157a3                _ScanReadyQueue
                0x00000000300157c5                _feed_ready_queue
                0x00000000300157ea                _show_queue_information
                0x000000003001581d                _get_update_screen_frequency
                0x000000003001582e                _set_update_screen_frequency
                0x0000000030015898                _get_presence_level
                0x00000000300158a9                _set_presence_level
                0x00000000300158e4                _schedulerUpdateScreen
                0x0000000030015d5c                _keGetSystemMetrics
                0x0000000030015d84                _keDie
                0x0000000030015d94                _keSoftDie
                0x0000000030015da4                _keIsQemu
                0x0000000030015db3                _keCloseInitProcess
                0x0000000030015e3a                _keReboot
                0x0000000030015e66                _ke_x64ExecuteInitialProcess
                0x0000000030015e89                _keInitializeIntake
                0x0000000030015ec1                _keInitialize
 .text          0x0000000030015fca     0x5336 p1_kwrap.o
                0x00000000300160ef                _is_using_serial_debug
                0x00000000300160ff                _enable_serial_debug
                0x0000000030016114                _disable_serial_debug
                0x0000000030016129                _debug_print
                0x00000000300161b5                _PROGRESS
                0x00000000300161f9                _serial_printk
                0x00000000300162e6                _debug
                0x000000003001633d                _debug_breakpoint
                0x000000003001635c                _debug_compute_checksum
                0x0000000030016395                _info_get_boot_info
                0x00000000300163e6                _panic
                0x00000000300164da                _string_panic
                0x000000003001652e                _createDeferredKernelRequest
                0x0000000030016615                _clearDeferredKernelRequest
                0x00000000300166aa                _processDeferredKernelRequest
                0x000000003001689e                _soft_die
                0x00000000300168b3                _die
                0x00000000300168fc                _doGetSystemMetrics
                0x0000000030016cbc                _do_reboot
                0x0000000030016d3d                _system_reboot
                0x0000000030016d60                _doSetupVersion
                0x00000000300170b1                _isQEMU
                0x00000000300170df                _hv_is_qemu
                0x00000000300170ee                _hv_ps2_full_initialization
                0x0000000030017163                _hv_probe_info
                0x0000000030017172                _hv_is_vmx_supported
                0x0000000030017209                _core_post_message
                0x000000003001729c                _core_spawn_thread_by_tid
                0x00000000300172c9                _core_alloc_shared_ring3_pages
                0x0000000030017327                _wrappers_get_current_runlevel
                0x0000000030017337                _wrappers_set_current_runlevel
                0x000000003001735f                _core_get_memory_size_mb
                0x000000003001737c                _core_get_system_metrics
                0x00000000300173a4                _core_start_thread
                0x00000000300173f6                _core_reboot
                0x0000000030017406                _core_shutdown
                0x0000000030017427                _core_die
                0x0000000030017437                _sys_alarm
                0x0000000030017566                _sys_get_system_metrics
                0x000000003001758e                _sys_create_process
                0x00000000300177cc                _sys_create_thread
                0x00000000300178b5                _sys_exit_thread
                0x00000000300178ff                _sys_fork
                0x0000000030017986                _sys_getpid
                0x0000000030017995                _sys_getppid
                0x0000000030017a01                _sys_initialize_component
                0x0000000030017a2d                _sys_reboot
                0x0000000030017acf                _sys_serial_debug_printk
                0x0000000030017b35                _sys_shutdown
                0x0000000030017b6b                _sys_show_system_info
                0x0000000030017baf                _sys_uname
                0x0000000030017c90                _sys_vsync
                0x0000000030017f57                _sci0
                0x00000000300199be                _sci1
                0x0000000030019bf0                _sci2
                0x000000003001abfa                _sci3
                0x000000003001ae22                _test_mod0
                0x000000003001afe1                _ring0_module_sci
                0x000000003001b1fe                _mod_initialize
                0x000000003001b27f                _xp_die
                0x000000003001b29e                _xp_putchar_test
                0x000000003001b2c1                _xp_reboot
                0x000000003001b2d1                _xp_refresh_screen
                0x000000003001b2e1                _xp_putchar_in_fgconsole
 .text          0x000000003001b300     0x740e p2_wink.o
                0x000000003001b300                _dispsrv_setup_ds_info
                0x000000003001b45b                _ds_ioctl
                0x000000003001b483                _ds_init
                0x000000003001b492                _backbuffer_putpixel
                0x000000003001b4fb                _frontbuffer_putpixel
                0x000000003001b564                _backbuffer_draw_horizontal_line
                0x000000003001b5eb                _frontbuffer_draw_horizontal_line
                0x000000003001b9d8                _backbuffer_draw_rectangle
                0x000000003001ba2d                _frontbuffer_draw_rectangle
                0x000000003001bd2f                _refresh_rectangle
                0x000000003001bdcc                _scroll_screen_rect
                0x000000003001bf70                _bitblt
                0x000000003001c025                _bg_initialize
                0x000000003001c066                _gwsGetCurrentFontCharWidth
                0x000000003001c075                _gwsSetCurrentFontCharWidth
                0x000000003001c091                _gwsGetCurrentFontCharHeight
                0x000000003001c0a0                _gwsSetCurrentFontCharHeight
                0x000000003001c0bc                _fontGetCurrentAddress
                0x000000003001c0cd                _fontSetCurrentAddress
                0x000000003001c0e7                _gwsInstallFont
                0x000000003001c1c8                _font_initialize
                0x000000003001c22a                _set_char_width
                0x000000003001c244                _set_char_height
                0x000000003001c25e                _get_char_width
                0x000000003001c26f                _get_char_height
                0x000000003001c280                _char_draw
                0x000000003001c421                _char_draw_transparent
                0x000000003001c5c4                _draw_string
                0x000000003001c648                _kgws_enable
                0x000000003001c676                _kgws_disable
                0x000000003001c6a9                _fib
                0x000000003001c6fb                _grPlot0
                0x000000003001c944                _plotLine3d
                0x000000003001ca82                _rectangleZ
                0x000000003001cb41                _plotCircleZ
                0x000000003001cc3b                _noraDrawingStuff3
                0x000000003001ccc6                _demoFred0
                0x000000003001cdc2                _demoFred1
                0x000000003001ce8e                _demo0
                0x000000003001ce99                _gre_get_system_icon
                0x000000003001cf11                _greLoadGramadoIcons
                0x000000003001d292                _gre_initialize
                0x000000003001d363                _wproxy_hit_test00
                0x000000003001d5e5                _wproxyCreateObject
                0x000000003001d653                _wproxy_set_shell
                0x000000003001d710                _wproxy_create0
                0x000000003001d7e8                _wproxy_ap_test
                0x000000003001d886                _wproxy_create_data_buffer
                0x000000003001d8fa                _wproxy_get_data_buffer
                0x000000003001da1e                _wproxy_drawframe
                0x000000003001da6f                _wproxy_redrawframe
                0x000000003001daa4                _wproxy_is_inside_frame
                0x000000003001db3b                _wproxy_is_inside_client_area
                0x000000003001dbd6                _wproxy_test0
                0x000000003001dc35                _wproxy_test2
                0x000000003001dd09                _wproxy_set_parameters_given_tid
                0x000000003001de24                _obroker_initialize
                0x000000003001de3d                _ksys_console_write_string
                0x000000003001df7c                _ibroker_use_kernelside_mouse_drawing
                0x000000003001dfa6                _ibroker_get_kernelside_mouse_drawing_status
                0x000000003001dfb6                _sys_change_boot_menu_option
                0x000000003001e224                _ibroker_set_keymap
                0x000000003001e32f                _ibroker_send_ascii_to_stdin
                0x000000003001e3c5                _input_enter_kernel_console
                0x000000003001e3da                _input_exit_kernel_console
                0x000000003001e3ea                _input_process_cad_combination
                0x000000003001e41a                _input_enable_this_input_target
                0x000000003001e45f                _input_disable_this_input_target
                0x000000003001f4d7                _ksys_shell_parse_cmdline
                0x000000003002032e                _ksys_console_process_keyboard_input
                0x0000000030020388                _is_extended_key
                0x0000000030020b3c                _wmRawKeyEvent
                0x000000003002155b                _wmMouseEvent
                0x00000000300218b3                _wmKeyboardEvent
                0x0000000030021902                _wmTimerEvent
                0x0000000030021984                _ibroker_initialize
                0x00000000300219f4                _ksys_mouse_event
                0x0000000030021a34                _ksys_keyboard_event
                0x0000000030021a74                _ksys_timer_event
                0x0000000030021ac3                _init_first_cgroup
                0x0000000030021b81                _set_current_cgroup
                0x0000000030021ba4                _get_current_cgroup
                0x0000000030021bb5                _get_current_cg_id
                0x0000000030021bdc                _RegisterCG
                0x0000000030021c50                _CreateCG
                0x0000000030021ce3                _GetCurrentGroupId
                0x0000000030021cf3                _GetCurrentUserId
                0x0000000030021d03                _SetCurrentUserId
                0x0000000030021d3a                _is_superuser
                0x0000000030021d69                _setreuid
                0x0000000030021d7e                _setregid
                0x0000000030021d93                _sys_setuid
                0x0000000030021db8                _sys_getusername
                0x0000000030021e1b                _sys_setusername
                0x0000000030021e8c                _CreateUser
                0x0000000030022030                _userCreateRootUser
                0x000000003002220b                _user_initialize
                0x0000000030022279                _wink_draw_string
                0x00000000300222c5                _wink_load_gramado_icons
                0x00000000300222d4                _wink_update_progress_bar
                0x0000000030022396                _refresh_screen
                0x00000000300223ab                _wink_refresh_screen
                0x00000000300223bb                _wink_putchar_in_fgconsole
                0x0000000030022505                _x_panic
                0x000000003002252b                _wink_panic
                0x0000000030022551                _wink_show_banner
                0x0000000030022667                _wink_initialize_default_kernel_font
                0x0000000030022677                _wink_initialize_background
                0x0000000030022691                _wink_initialize_video
                0x00000000300226a1                _wink_initialize_virtual_consoles
                0x00000000300226cf                _wink_set_cursor
                0x00000000300226f9                _wink_use_windowing_system
 .text          0x000000003002270e     0x1541 netdev.o
                0x000000003002270e                _e1000_show_info
                0x0000000030023022                _e1000hw_send
                0x0000000030023524                _irq_E1000
                0x000000003002354d                _DDINIT_e1000
                0x0000000030023bb6                _e1000_send
                0x0000000030023c14                _e1000_ioctl
 .text          0x0000000030023c4f     0x8c39 chardev.o
                0x0000000030023c4f                _bldisp_do_we_need_to_erase_mouse_pointer
                0x0000000030023c74                _bldisp_update_mouse_position
                0x0000000030023c9d                _bldisp_display_mouse_cursor
                0x0000000030023e7a                _bldisp_flush
                0x0000000030023ec6                _bldisp_vsync
                0x0000000030023f5d                _bldisp_putpixel0
                0x000000003002480d                _screen_scanline_va
                0x00000000300248a2                _screenGetWidth
                0x00000000300248b3                _screenGetHeight
                0x00000000300248c4                _screenGetBPP
                0x00000000300248d5                _screenGetPitch
                0x00000000300248e6                _screenSetSize
                0x000000003002490f                _invalidate_screen
                0x0000000030024924                _bldispScreenInit
                0x000000003002499d                _bldisp_show_info
                0x0000000030024a2c                _videoGetMode
                0x0000000030024a3d                _videoSetMode
                0x0000000030024b56                _videoSetupCGAStartAddress
                0x0000000030024b70                _bldisp_ioctl
                0x0000000030024c73                _Video_initialize
                0x0000000030024c9b                _DDINIT_bldisp
                0x0000000030025062                _displayInitialize
                0x000000003002509e                _tty_flush_raw_queue
                0x000000003002518c                _tty_flush_canonical_queue
                0x000000003002527a                _tty_flush_output_queue
                0x0000000030025368                _tty_flush_output_queue_to_serial
                0x0000000030025499                _tty_flush_output_queue_to_stdin
                0x0000000030025591                _tty_flush_output_queue_ex
                0x0000000030025667                _tty_copy_raw_buffer
                0x00000000300256ea                _tty_copy_output_buffer
                0x000000003002576d                _tty_queue_getchar
                0x000000003002581e                _tty_queue_putchar
                0x00000000300258c8                ___tty_read
                0x000000003002594c                ___tty_read2
                0x00000000300259e2                ___tty_read3
                0x0000000030025ad9                ___tty_write
                0x0000000030025b5b                ___tty_write2
                0x0000000030025be9                ___tty_write3
                0x0000000030025d6f                ___tty_read_mode
                0x0000000030025e31                ___tty_write_mode
                0x0000000030025f9f                _tty_read
                0x00000000300260be                _sys_tty_read
                0x0000000030026102                _tty_write
                0x0000000030026232                _sys_tty_write
                0x0000000030026280                _tty_set_output_worker
                0x00000000300262ce                _tty_reset_termios
                0x0000000030026384                _file_tty
                0x00000000300263a8                _tty_flush0
                0x00000000300263f2                _tty_flush
                0x0000000030026433                _tty_start
                0x0000000030026471                _tty_stop
                0x00000000300264b0                _tty_delete
                0x00000000300264f6                _tty_gets
                0x000000003002655d                _tty_sets
                0x00000000300265f3                _tty_ioctl
                0x0000000030026a60                _tty_create
                0x0000000030027b01                _console_set_current_virtual_console
                0x0000000030027b37                _console_get_current_virtual_console
                0x0000000030027b47                _jobcontrol_switch_console
                0x0000000030027c8a                _set_up_cursor
                0x0000000030027cf1                _get_cursor_x
                0x0000000030027d2f                _get_cursor_y
                0x0000000030027d6d                _get_bg_color
                0x0000000030027db9                _get_fg_color
                0x0000000030027e05                _console_scroll_rect
                0x00000000300281f3                _console_outbyte
                0x0000000030028a09                _console_echo
                0x0000000030028a3e                _console_putchar
                0x0000000030028b3c                _console_print_indent
                0x0000000030028b99                _consoleInputChar
                0x0000000030028de7                _consolePrompt
                0x0000000030028e62                _console_read
                0x0000000030028edd                _console_write
                0x0000000030029818                _console_write_string
                0x00000000300298c0                _console_banner
                0x0000000030029a05                _console_clear_imp
                0x0000000030029a99                _console_clear00
                0x0000000030029b1a                _console_clear
                0x0000000030029b62                _console_ioctl
                0x000000003002a097                _DDINIT_console
                0x000000003002a835                _VirtualConsole_early_initialization
                0x000000003002a92f                _get_legacy_pty_master
                0x000000003002a940                _get_legacy_pty_slave
                0x000000003002a951                _tty_initialize_legacy_pty
                0x000000003002aa38                _I8042Controller_do_drain
                0x000000003002ab0f                _prepare_for_input
                0x000000003002ab24                _prepare_for_output
                0x000000003002ab39                _wait_then_read
                0x000000003002ab5c                _wait_then_write
                0x000000003002ab8b                _i8042_reboot_via_keyboard
                0x000000003002ab9b                _DDINIT_ps2
                0x000000003002ac2c                _DDINIT_ps2_early_initialization
                0x000000003002ad20                _i8042_keyboard_disable
                0x000000003002ad4f                _i8042_keyboard_enable
                0x000000003002ad7e                _keyboard_set_leds
                0x000000003002adef                _keyboardGetKeyState
                0x000000003002aeca                _get_alt_status
                0x000000003002aedb                _get_ctrl_status
                0x000000003002aeec                _get_shift_status
                0x000000003002aefd                _i8042_keyboard_read
                0x000000003002af2f                _i8042_keyboard_write
                0x000000003002af62                _i8042_keyboard_read2
                0x000000003002af7b                _i8042_keyboard_expect_ack
                0x000000003002b086                _DeviceInterface_PS2Keyboard
                0x000000003002b456                _ps2kbd_ioctl
                0x000000003002b491                _ps2kbd_initialize_device
                0x000000003002b4ff                _i8042_mouse_read
                0x000000003002b527                _i8042_mouse_write
                0x000000003002b564                _i8042_mouse_expect_ack
                0x000000003002b625                ___update_mouse
                0x000000003002bad2                ___get_device_id
                0x000000003002baf3                _DeviceInterface_PS2Mouse
                0x000000003002bc4a                _ps2mouse_ioctl
                0x000000003002bc85                _ps2mouse_initialize_device
                0x000000003002bf77                _ps2kbd_poll
                0x000000003002bf9f                _ps2kbd_initialize_driver
                0x000000003002c067                _i8042_IsPS2KeyboardPooling
                0x000000003002c077                _irq1_KEYBOARD
                0x000000003002c0dc                _ps2mouse_poll
                0x000000003002c104                _ps2mouse_initialize_driver
                0x000000003002c1cc                _i8042_IsPS2MousePooling
                0x000000003002c1dc                _irq12_MOUSE
                0x000000003002c236                _serial1_handler
                0x000000003002c24b                _serial2_handler
                0x000000003002c260                _serial3_handler
                0x000000003002c275                _serial4_handler
                0x000000003002c28a                _serial_in
                0x000000003002c2b5                _serial_out
                0x000000003002c2e9                _serial_read_char
                0x000000003002c322                _serial_write_char
                0x000000003002c36a                _serial_print
                0x000000003002c3c9                _debug_print_string
                0x000000003002c425                _debug_print_nbytes
                0x000000003002c49e                _serial_ioctl
                0x000000003002c7df                _DDINIT_serial
 .text          0x000000003002c888     0x5641 blkdev.o
                0x000000003002c92b                _ata_wait
                0x000000003002c976                _ata_delay
                0x000000003002c9a9                _ata_status_read
                0x000000003002c9e3                _ata_cmd_write
                0x000000003002ca3d                _ata_soft_reset
                0x000000003002cadd                _ata_wait_drq
                0x000000003002cb24                _ata_wait_no_drq
                0x000000003002cb6b                _ata_wait_busy
                0x000000003002cbac                _ata_wait_not_busy
                0x000000003002ce87                _atapi_pio_read
                0x000000003002ced2                _ata_set_boottime_ide_port_index
                0x000000003002cee9                _ata_get_boottime_ide_port_index
                0x000000003002cef9                _ata_set_current_ide_port_index
                0x000000003002cf10                _ata_get_current_ide_port_index
                0x000000003002cfed                _ata_ioctl
                0x000000003002eb6e                _DDINIT_ata
                0x000000003002ebe9                _ide_dma_start
                0x000000003002ec56                _ide_dma_stop
                0x000000003002ed26                _ide_dma_read_status
                0x000000003002ed63                _ide_dma_data
                0x000000003002f181                _atahdd_pio_rw_sector
                0x000000003002f511                _ataReadSector
                0x000000003002f597                _ataWriteSector
                0x000000003002f61d                _ata_show_ata_controller_info
                0x000000003002f6a6                _ata_show_ide_info
                0x000000003002f83d                _ata_show_device_list_info
                0x000000003002f974                _ata_show_ata_info_for_boot_disk
                0x000000003002faac                _irq14_PRIMARY_IDE
                0x000000003002fabc                _irq15_SECONDARY_IDE
                0x000000003002facc                _ata_wait_irq
                0x000000003002fb51                _disk_ata_wait_irq
                0x000000003002fb83                _diskReadPCIConfigAddr
                0x000000003002fbe9                _diskWritePCIConfigAddr
                0x000000003002fc59                _diskPCIScanDevice
                0x000000003002fd51                _atapciSetupMassStorageController
                0x00000000300306b9                ___load_sequential_sectors
                0x000000003003074d                _fatClustToSect
                0x0000000030030785                _fatLoadCluster
                0x00000000300307f5                _ata_load_boot_metafile
                0x0000000030030860                _fs_load_mbr
                0x00000000300308c4                _fs_load_fat
                0x0000000030030951                _fs_load_rootdir
                0x0000000030030a6c                _fatWriteCluster
                0x0000000030030ae5                _ata_store_boot_metafile
                0x0000000030030b47                _fs_save_fat
                0x0000000030030bda                _fs_save_rootdir
                0x0000000030031314                _disk_get_partition_table
                0x000000003003149e                _disk_show_mbr_info
                0x0000000030031532                _storage_read_sector
                0x000000003003158c                _storage_write_sector
                0x0000000030031728                _disk_show_info
                0x000000003003176c                _diskShowCurrentDiskInfo
                0x00000000300317a7                _disk_get_disk_handle
                0x0000000030031a01                _volumeShowVolumeInfo
                0x0000000030031a29                _volumeShowCurrentVolumeInfo
                0x0000000030031a57                _volume_show_info
                0x0000000030031a9b                _volume_get_volume_handle
                0x0000000030031acb                _volume_get_current_volume_info
                0x0000000030031afa                _read_lba
                0x0000000030031ba5                _write_lba
                0x0000000030031dd1                _storageInitialize
 .text          0x0000000030031ec9     0x3421 p3_mm.o
                0x0000000030031ec9                _mmsize_initialize
                0x0000000030032021                ___enable_pae
                0x0000000030032035                _x64mm_enable_paging
                0x000000003003204b                _load_pml4_table
                0x0000000030032061                _x64mm_load_pml4_table
                0x0000000030032077                _x64mm_refresh_cr3
                0x00000000300322cb                _virtual_to_physical
                0x00000000300322f4                _mm_fill_page_table
                0x00000000300323d1                _mm_gc
                0x00000000300325d7                _memory_create_new_heap
                0x0000000030032601                _memory_destroy_heap
                0x0000000030032623                _heapAllocateMemory
                0x000000003003282a                _heapFreeMemory
                0x000000003003296a                _heapReuseMemory
                0x00000000300329fa                _test_heap_reuse
                0x0000000030032afc                _mmblock_debug_print
                0x0000000030032c64                _get_process_heap_pointer
                0x0000000030032d63                _mmInitialize
                0x0000000030032e35                _mmShowPML4Entry
                0x0000000030032e5d                _mmShowMemoryInfo
                0x00000000300332e7                _mmShowPML4EntryForAllProcesses
                0x0000000030033344                _mmShowPagedMemoryList
                0x00000000300333c0                _mmShowMemoryBlocksForTheKernelAllocator
                0x0000000030033458                _mmTestingPageAlloc
                0x00000000300335bd                _mmNewPage
                0x000000003003376f                _mm_alloc_single_page
                0x000000003003377e                _mm_alloc_contig_pages
                0x00000000300337ad                _allocPages
                0x0000000030033a8c                _mmAllocPage
                0x0000000030033a9b                _mmAllocPages
                0x0000000030033ab6                _initializeFramesAlloc
                0x0000000030033b79                _pages_print_info
                0x0000000030033cee                _pages_print_video_info
                0x0000000030033d48                _CreateAndIntallPageTable
                0x0000000030033d82                _get_new_frame
                0x0000000030033dab                _alloc_frame
                0x0000000030033dc9                _get_table_pointer_va
                0x0000000030033e0c                _CloneKernelPD0
                0x0000000030033e99                _CloneKernelPDPT0
                0x0000000030033f26                _CloneKernelPML4
                0x0000000030033fb3                _clone_pml4
                0x00000000300340e2                _isValidPageStruct
                0x0000000030034124                _freePage
                0x0000000030034161                _notfreePage
                0x000000003003419e                _mm_is_page_aligned_va
                0x00000000300341c6                _pages_calc_mem
                0x00000000300343b5                ___initialize_ram_usage_varables
                0x0000000030034b22                _mm_map_2mb_region
                0x0000000030034bf9                _pagesInitializePaging
                0x0000000030034de2                _slab_1MB_allocator
                0x0000000030034f54                _slab_initialize
                0x0000000030035006                _I_initialize_frame_table
                0x00000000300352c8                _mmGetFTStartPA
                0x00000000300352d9                _mmGetFTEndPA
 .text          0x00000000300352ea     0x714f p3_net.o
                0x0000000030035361                _domain_create_domain
                0x00000000300353da                _domain_set_as_dc
                0x00000000300354cc                _htonl
                0x00000000300354e7                _htons
                0x0000000030035506                _ntohl
                0x0000000030035521                _ntohs
                0x0000000030035540                _sys_socket
                0x0000000030035cbe                _sys_accept
                0x0000000030035d02                _sys_gramado_accept
                0x0000000030035d46                _sys_bind
                0x0000000030036c64                _sys_connect
                0x0000000030036d66                _sys_getsockname
                0x000000003003715f                _sys_listen
                0x00000000300371bb                _sys_socket_shutdown
                0x000000003003732c                _sys_sendto
                0x0000000030037350                _sys_sendmsg
                0x000000003003739a                _socket_get_gramado_port
                0x00000000300373d4                _socket_set_gramado_port
                0x0000000030037439                _create_socket_object
                0x00000000300375f6                _show_socket_for_a_process
                0x0000000030037728                _get_socket_from_fd
                0x00000000300377c2                _sock_socketpair
                0x000000003003787c                _socket_dialog
                0x000000003003791b                _getSocketIPV4
                0x0000000030037953                _getSocketIPV6
                0x000000003003798c                _getSocketPort
                0x00000000300379c5                _get_socket_in_process_list
                0x0000000030037a59                _update_socket
                0x0000000030037a99                _socket_read
                0x0000000030037add                _socket_write
                0x0000000030037b21                _socket_ioctl
                0x0000000030037c74                _socket_gramado
                0x0000000030038029                _socket_unix
                0x00000000300383d1                _socket_inet
                0x0000000030038779                _socket_init
                0x00000000300387b0                _netif_update
                0x00000000300388bc                _netif_initialize
                0x00000000300389a6                _ethernet_send
                0x0000000030038a69                _ethernet_on_sending
                0x0000000030038a78                _network_handle_ethernet
                0x0000000030038b8e                _arp_initialize_arp_table
                0x0000000030038c6e                _arp_table_set_entry
                0x0000000030038e0b                _arp_table_show_index
                0x0000000030038fef                _arp_show_table
                0x0000000030039061                _network_send_arp_request
                0x000000003003908a                _network_send_arp_request2
                0x00000000300390b3                _network_arp_request_to
                0x00000000300390fe                _network_send_arp_reply
                0x000000003003913c                _network_send_arp
                0x0000000030039374                _network_handle_arp
                0x00000000300394f1                _ipv4_send
                0x00000000300396c1                _network_handle_ipv4
                0x0000000030039824                _network_handle_tcp
                0x0000000030039d86                _udp_save_mac
                0x0000000030039dc0                _network_test_udp
                0x0000000030039e46                _network_test_udp0
                0x0000000030039eeb                _network_test_udp2
                0x0000000030039f0f                _network_send_udp
                0x000000003003a381                _network_handle_udp
                0x000000003003a525                _network_show_dhcp_info
                0x000000003003a5c3                _network_save_dhcp_server_id
                0x000000003003a5fd                _network_dhcp_send
                0x000000003003aade                _network_initialize_dhcp
                0x000000003003abeb                _network_handle_dhcp
                0x000000003003ae4a                _gprot_send_udp
                0x000000003003aed1                _gprot_handle_protocol
                0x000000003003b38d                _create_endpoint_object
                0x000000003003b42f                _create_endpoint_pair_object
                0x000000003003b4bb                _create_connection_object
                0x000000003003b553                _network_keyboard_event
                0x000000003003b594                _network_mouse_event
                0x000000003003b750                _network_register_ring3_display_server
                0x000000003003b8f8                _network_register_ring3_network_server
                0x000000003003b90e                _network_register_ring3_osshell
                0x000000003003b924                _network_register_ring3_browser
                0x000000003003ba3f                _network_fill_mac
                0x000000003003ba94                _network_fill_ipv4
                0x000000003003bae9                _network_fill_ipv6
                0x000000003003bb3e                _net_checksum
                0x000000003003bc14                _network_test_NIC
                0x000000003003bc24                _network_send_raw_packet
                0x000000003003bc69                _network_on_receiving
                0x000000003003bcaf                _network_on_sending
                0x000000003003bcd0                _network_push_packet
                0x000000003003bdf3                _network_pop_packet
                0x000000003003bf1f                _sys_network_push_packet
                0x000000003003bf64                _sys_network_pop_packet
                0x000000003003bfa2                _networkSetStatus
                0x000000003003bfc7                _networkGetStatus
                0x000000003003bfd7                _networkLock
                0x000000003003bfec                _networkUnlock
                0x000000003003c001                _networkIsLocked
                0x000000003003c011                _networkSetOnlineStatus
                0x000000003003c036                _networkGetOnlineStatus
                0x000000003003c046                _networkUpdateCounter
                0x000000003003c0aa                _netInitialize
 .text          0x000000003003c439      0xaad acpi.o
                0x000000003003c439                _acpi_check_header
                0x000000003003c471                _acpi_check_header02
                0x000000003003cb36                _acpi_probe
 .text          0x000000003003cee6     0x1089 p3_bus.o
                0x000000003003cee6                _pciConfigReadByte
                0x000000003003cf83                _pciConfigReadWord
                0x000000003003d023                _pciConfigReadDWord
                0x000000003003d0b4                _pciGetBAR
                0x000000003003d1c7                _pciGetClassCode
                0x000000003003d1f8                _pciGetHeaderType
                0x000000003003d229                _pciGetInterruptLine
                0x000000003003d25a                _pciGetInterruptPin
                0x000000003003d28b                _pciGetSubClass
                0x000000003003d2bc                _pciCheckDevice
                0x000000003003d2ed                _pciCheckVendor
                0x000000003003d386                _pciHandleDevice
                0x000000003003d9fb                _irq_SHARED0
                0x000000003003da06                _irq_SHARED1
                0x000000003003da11                _irq_SHARED2
                0x000000003003da1c                _irq_SHARED3
                0x000000003003da27                _init_pci
                0x000000003003db0e                _pciInfo
                0x000000003003dce4                _pciShowDeviceInfo
                0x000000003003dd89                _pciscan_probe_devices
                0x000000003003de71                _scan_pci_device_list
                0x000000003003def2                _scan_pci_device_list2
 .text          0x000000003003df6f      0xe59 p3_dev.o
                0x000000003003df6f                _devmgr_show_device_list
                0x000000003003e061                _devmgr_search_in_dev_list
                0x000000003003e130                _devmgr_device_object
                0x000000003003e20a                _devmgr_register_tty_device
                0x000000003003e553                _devmgr_register_pci_device
                0x000000003003e894                _devmgr_register_legacy_device
                0x000000003003ebf5                _devInitialize
                0x000000003003ec37                _io_ioctl
                0x000000003003eda6                _ioInit
 .text          0x000000003003edc8     0x880d p3_fs.o
                0x000000003003ee31                _file_read_buffer
                0x000000003003f192                _file_write_buffer
                0x000000003003f58e                ___read_imp
                0x000000003003fc0f                ___write_imp
                0x00000000300403c7                ___open_imp
                0x0000000030040711                ___close_imp
                0x00000000300409e3                _get_file_from_fd
                0x0000000030040ab5                _get_free_slots_in_the_file_table
                0x0000000030040b30                _get_free_slots_in_the_inode_table
                0x0000000030040b8d                _get_filesystem_type
                0x0000000030040b9d                _set_filesystem_type
                0x0000000030040bbc                _fs_count_path_levels
                0x0000000030040c3b                _get_file
                0x0000000030040c62                _set_file
                0x0000000030040c97                _fs_init_structures
                0x0000000030040e53                _file_close
                0x0000000030040e94                _file_get_len
                0x0000000030040ec3                _file_inode
                0x0000000030040ee7                _file_truncate
                0x0000000030040f26                _fsCheckELFFile
                0x0000000030040f52                _fsInitTargetDir
                0x000000003004101f                _fsList
                0x000000003004116f                _fsListFiles
                0x00000000300411fa                _fsUpdateWorkingDiretoryString
                0x000000003004139d                _fs_fntos
                0x00000000300416d2                _fs_fntos2
                0x0000000030041a07                _fs_get_free_fd_from_pid
                0x0000000030041aaf                _fs_initialize_process_cwd
                0x0000000030041bc4                _fs_pathname_backup
                0x0000000030041d1e                _fs_print_process_cwd
                0x0000000030041e13                _fs_show_file_info
                0x0000000030041e74                _fs_show_file_table
                0x0000000030041ec9                _fs_show_inode_info
                0x0000000030041f23                _fs_show_inode_table
                0x0000000030041f91                _fs_show_root_fs_info
                0x00000000300420b3                _fsSaveFile
                0x00000000300426a4                _do_read_file_from_disk
                0x0000000030042df7                _do_write_file_to_disk
                0x0000000030042eb4                _set_global_open_file
                0x0000000030042ee9                _get_global_open_file
                0x0000000030042f10                _fs_initialize_dev_dir
                0x0000000030042fc9                _fsInitializeWorkingDiretoryString
                0x0000000030043160                ___fs_initialize_imp
                0x0000000030043927                _fsbp_initialize_fat
                0x0000000030043950                _fsbp_initialize_bp_directories
                0x00000000300439db                _fsLoadFile
                0x0000000030043f69                _fsLoadFile2
                0x0000000030044019                _fsLoadProgramFromGRAMADO
                0x00000000300440f5                _fsLoadProgramFromDE
                0x00000000300441d1                _fs_load_path
                0x0000000030044671                _fsLoadFileFromCurrentTargetDir
                0x0000000030044825                _fs_load_image
                0x0000000030044a08                _sys_read
                0x0000000030044a95                _sys_write
                0x0000000030044af5                _sys_open
                0x0000000030044b43                _sys_close
                0x0000000030044b6b                _sys_fcntl
                0x0000000030044c49                _sys_ioctl
                0x0000000030044ca1                _sys_get_global_sync
                0x0000000030044cf3                _sys_set_global_sync
                0x0000000030044d40                _get_saved_sync
                0x0000000030044d50                _sys_create_new_sync
                0x0000000030044e04                _sys_set_file_sync
                0x0000000030044fa3                _sys_get_file_sync
                0x00000000300450ab                _sys_get_device_number_by_path
                0x00000000300450cc                _sys_open_device_by_number
                0x0000000030045270                _sys_get_file_size
                0x00000000300452c3                _sys_sleep_if_socket_is_empty
                0x0000000030045451                _sys_pwd
                0x0000000030045498                _fs_load_boot_metafile
                0x00000000300454ca                _fs_store_boot_metafile
                0x00000000300454fc                _sys_read_file_from_disk
                0x0000000030045602                _sys_write_file_to_disk
                0x00000000300456c3                _sys_create_empty_file
                0x00000000300457df                _sys_cd_command
                0x0000000030045864                _sys_create_empty_directory
                0x0000000030045969                _fsInitialize
                0x000000003004597d                _elfCheckSignature
                0x0000000030045a5e                _sys_dup
                0x0000000030045b40                _sys_dup2
                0x0000000030045c72                _sys_dup3
                0x0000000030045da9                _sys_pipe
                0x0000000030046262                _file_read_pipe_buffer
                0x00000000300463fc                _file_write_pipe_buffer
                0x0000000030046594                _sys_read_pipe
                0x0000000030046616                _sys_write_pipe
                0x0000000030046698                _pipe_ioctl
                0x00000000300468ff                _search_in_dir
                0x0000000030046963                _search_in_root
                0x00000000300469c1                _fs_find_n_empty_entries
                0x0000000030046a5e                _findEmptyDirectoryEntry
                0x0000000030046acf                _fsSearchFileInRoot
                0x0000000030046afc                _fs_find_empty_entry_in_fat
                0x0000000030046b2c                _search_path_in_the_inode_table
                0x0000000030046bef                _test_fat16_find_volume_info
                0x0000000030046cb7                _fat16_get_entry_info
                0x0000000030046da1                _from_FAT_name
                0x0000000030046f49                _to_FAT_name
                0x0000000030047088                _fsGetFileSize
                0x00000000300472af                _fsFAT16ListFiles
                0x00000000300473e0                _fat16_init_fat_structure
                0x000000003004752d                _fs_fat16_cache_not_saved
                0x0000000030047542                _fs_save_fat16_cache
                0x000000003004758a                _fat16Init
 .text          0x00000000300475d5     0x4310 p4_libk.o
                0x00000000300475d5                _isdigit
                0x00000000300475fa                ___tolower
                0x0000000030047628                ___toupper
                0x0000000030047656                __tolower
                0x000000003004766c                _isodigit
                0x0000000030047693                _kstdio_feed_stdin
                0x000000003004775c                _sys_setup_stdin
                0x0000000030047886                _is_socket
                0x00000000300478cf                _is_virtual_console
                0x0000000030047903                _kinput
                0x0000000030047aaa                _printchar
                0x0000000030047af1                _putchar_K
                0x0000000030047b06                _putchar
                0x0000000030047b52                _prints
                0x0000000030047c46                _printi
                0x0000000030047d78                _print
                0x0000000030048001                _kinguio_i2hex_versao2
                0x000000003004813d                _kinguio_i2hex
                0x000000003004834a                _kinguio_utoa
                0x00000000300483aa                _kinguio_itoa
                0x0000000030048529                _kinguio_vsprintf
                0x0000000030048a3e                _kinguio_puts
                0x0000000030048abe                _kputs
                0x0000000030048af4                _sprintf_old
                0x0000000030048b74                _mysprintf
                0x0000000030048c2c                _k_ungetc
                0x0000000030048c7a                _k_ftell
                0x0000000030048cae                _k_fileno
                0x0000000030048cd1                _k_fgetc
                0x0000000030048d75                _k_feof
                0x0000000030048dbd                _k_ferror
                0x0000000030048df7                _k_fseek
                0x000000003004909e                _k_fputc
                0x00000000300491b3                _k_fscanf
                0x0000000030049233                _k_rewind
                0x000000003004925b                _k_fclose
                0x00000000300492b8                _k_fputs
                0x0000000030049361                _k_setbuf
                0x00000000300493b8                _k_setbuffer
                0x00000000300493ff                _k_setlinebuf
                0x0000000030049425                _k_setvbuf
                0x0000000030049478                _regularfile_ioctl
                0x00000000300494a5                _new_file
                0x000000003004a763                _kstdio_initialize
                0x000000003004a7dc                _printk_old
                0x000000003004a857                _kinguio_printf
                0x000000003004a963                _sys_sigaction
                0x000000003004a999                _sys_signal
                0x000000003004a9cb                _srand
                0x000000003004a9e2                _rand
                0x000000003004aa29                _abs
                0x000000003004aa46                _k_atoi
                0x000000003004ab22                ___ptsname
                0x000000003004ac03                _kmalloc
                0x000000003004ace3                _kfree
                0x000000003004ad14                _kcalloc
                0x000000003004ad4d                _string_compute_checksum
                0x000000003004adb4                _strcmp
                0x000000003004ae2f                _kstrncmp
                0x000000003004ae9a                _str_cmp
                0x000000003004af30                _memcpy
                0x000000003004af86                _memcpy32
                0x000000003004afdb                _memcpy64
                0x000000003004b032                _safe_strcpy
                0x000000003004b0a6                _strcpy
                0x000000003004b0eb                _strncpy
                0x000000003004b15b                _strcat
                0x000000003004b1a2                _bcopy
                0x000000003004b1e5                _bzero
                0x000000003004b217                _strlen
                0x000000003004b247                _k_strnlen
                0x000000003004b284                _memset
                0x000000003004b2d6                _strcspn
                0x000000003004b37f                _strspn
                0x000000003004b430                _k_strtok_r
                0x000000003004b53a                _k_strtok
                0x000000003004b568                _strdup
                0x000000003004b5cc                _sys_getdtablesize
                0x000000003004b5db                _sys_execve
                0x000000003004b5f6                _fpathconf
                0x000000003004b61b                _pathconf
                0x000000003004b641                _sys_gethostname
                0x000000003004b6c2                _sys_sethostname
                0x000000003004b762                _sys_lseek
                0x000000003004b8ac                _libk_initialize
 .text          0x000000003004b8e5      0xe13 kmain.o
                0x000000003004bc86                _init_globals
                0x000000003004c53c                _AP_kmain
                0x000000003004c5d7                _I_kmain
                0x000000003004c6f8                _code_end = .

.iplt           0x000000003004c6f8        0x0
 .iplt          0x000000003004c6f8        0x0 head_64.o
                0x000000003004d000                . = ALIGN (0x1000)

.rodata         0x000000003004d000    0x149eb
                0x000000003004d000                _rodata_begin = .
 *(.rdata)
 *(.rodata)
 .rodata        0x000000003004d000     0x5a4c p1_ke.o
                0x0000000030050e44                _CPUID_FLAG_MSR
 *fill*         0x0000000030052a4c        0x4 
 .rodata        0x0000000030052a50     0x1e9d p1_kwrap.o
 *fill*         0x00000000300548ed        0x3 
 .rodata        0x00000000300548f0     0x13b1 p2_wink.o
 *fill*         0x0000000030055ca1        0x7 
 .rodata        0x0000000030055ca8      0x700 netdev.o
 .rodata        0x00000000300563a8     0x160e chardev.o
 *fill*         0x00000000300579b6        0x2 
 .rodata        0x00000000300579b8     0x1610 blkdev.o
 .rodata        0x0000000030058fc8     0x14c5 p3_mm.o
 *fill*         0x000000003005a48d        0x3 
 .rodata        0x000000003005a490     0x239e p3_net.o
 *fill*         0x000000003005c82e        0x2 
 .rodata        0x000000003005c830      0x2ff acpi.o
 *fill*         0x000000003005cb2f        0x1 
 .rodata        0x000000003005cb30      0xa90 p3_bus.o
 .rodata        0x000000003005d5c0      0x397 p3_dev.o
 *fill*         0x000000003005d957        0x1 
 .rodata        0x000000003005d958     0x31e3 p3_fs.o
 *fill*         0x0000000030060b3b        0x5 
 .rodata        0x0000000030060b40      0x909 p4_libk.o
                0x0000000030060b40                __ctype
 *fill*         0x0000000030061449        0x7 
 .rodata        0x0000000030061450      0x59b kmain.o
                0x00000000300619eb                _rodata_end = .

.eh_frame       0x00000000300619f0     0xa33c
 .eh_frame      0x00000000300619f0     0x2b68 p1_ke.o
                                       0x2ebc (size before relaxing)
 *fill*         0x0000000030064558        0x0 
 .eh_frame      0x0000000030064558      0x958 p1_kwrap.o
                                        0xa78 (size before relaxing)
 .eh_frame      0x0000000030064eb0     0x1160 p2_wink.o
                                       0x1308 (size before relaxing)
 .eh_frame      0x0000000030066010      0x2b0 netdev.o
                                        0x2e0 (size before relaxing)
 .eh_frame      0x00000000300662c0     0x14f8 chardev.o
                                       0x1604 (size before relaxing)
 *fill*         0x00000000300677b8        0x0 
 .eh_frame      0x00000000300677b8      0xc00 blkdev.o
                                        0xcd8 (size before relaxing)
 .eh_frame      0x00000000300683b8      0x950 p3_mm.o
                                        0xa18 (size before relaxing)
 .eh_frame      0x0000000030068d08      0xe00 p3_net.o
                                        0xf48 (size before relaxing)
 .eh_frame      0x0000000030069b08       0xc8 acpi.o
                                         0xe0 (size before relaxing)
 .eh_frame      0x0000000030069bd0      0x2f8 p3_bus.o
                                        0x344 (size before relaxing)
 *fill*         0x0000000030069ec8        0x0 
 .eh_frame      0x0000000030069ec8      0x158 p3_dev.o
                                        0x188 (size before relaxing)
 .eh_frame      0x000000003006a020      0xe70 p3_fs.o
                                        0xf40 (size before relaxing)
 .eh_frame      0x000000003006ae90      0xc60 p4_libk.o
                                        0xd28 (size before relaxing)
 .eh_frame      0x000000003006baf0      0x23c kmain.o
                                        0x258 (size before relaxing)

.rela.dyn       0x000000003006bd30        0x0
 .rela.got      0x000000003006bd30        0x0 head_64.o
 .rela.iplt     0x000000003006bd30        0x0 head_64.o
 .rela.head_x86_64
                0x000000003006bd30        0x0 head_64.o
 .rela.text     0x000000003006bd30        0x0 head_64.o
                0x000000003006c000                . = ALIGN (0x1000)

.data           0x000000003006c000     0x1808
                0x000000003006c000                _data_begin = .
 *(.data)
 .data          0x000000003006c000        0x2 head_64.o
                0x000000003006c000                _data_start
 *fill*         0x000000003006c002        0x6 
 .data          0x000000003006c008       0x74 p1_ke.o
                0x000000003006c008                _g_use_event_responder
                0x000000003006c018                _init_thread_default_name
                0x000000003006c020                _initbin_cmdline_server
                0x000000003006c028                _initbin_cmdline_headless
                0x000000003006c030                _initbin_cmdline_cli
                0x000000003006c038                _initbin_cmdline_desktop
                0x000000003006c040                _initbin_cmdline_reboot
                0x000000003006c048                _initbin_cmdline_shutdown
                0x000000003006c050                _kernel_process_default_name
                0x000000003006c058                _init_process_default_name
                0x000000003006c060                _init_image_name
 *fill*         0x000000003006c07c        0x4 
 .data          0x000000003006c080       0x18 p1_kwrap.o
                0x000000003006c080                _g_product_type
                0x000000003006c084                _current_arch
                0x000000003006c090                _mod0_image_name
 .data          0x000000003006c098        0x8 p2_wink.o
 .data          0x000000003006c0a0        0x0 netdev.o
 .data          0x000000003006c0a0      0x298 chardev.o
                0x000000003006c0a0                _device_name_nonameconsole
                0x000000003006c0c0                _map_abnt2
                0x000000003006c160                _shift_abnt2
                0x000000003006c200                _ctl_abnt2
                0x000000003006c2a0                _extended_abnt2
                0x000000003006c328                _device_name_ps2kbd
                0x000000003006c330                _device_name_ps2mouse
 .data          0x000000003006c338       0x30 blkdev.o
                0x000000003006c340                _sda_string
                0x000000003006c348                _sdb_string
                0x000000003006c350                _sdc_string
                0x000000003006c358                _sdd_string
                0x000000003006c360                _sdfail_string
 .data          0x000000003006c368        0x8 p3_mm.o
                0x000000003006c368                _table_pointer_heap_base
 .data          0x000000003006c370       0x68 p3_net.o
                0x000000003006c372                _localhost_ipv4
                0x000000003006c376                ___arp_broadcast_mac
                0x000000003006c37c                ___arp_target_mac
                0x000000003006c382                ___arp_target_default_ipv4
                0x000000003006c386                ___arp_gateway_default_ipv4
                0x000000003006c38a                ___udp_gramado_default_ipv4
                0x000000003006c38e                ___udp_target_default_ipv4
                0x000000003006c392                ___udp_target_gateway_ipv4
                0x000000003006c396                ___udp_target_mac
                0x000000003006c39c                _udp_saved_mac
                0x000000003006c3a2                ___dhcp_source_ipv4_2
                0x000000003006c3a6                _dhcp_saved_server_id
                0x000000003006c3aa                ___dhcp_target_ipv4
                0x000000003006c3ae                ___dhcp_target_mac
                0x000000003006c3b4                ___dhcp_target_broadcast_mac
                0x000000003006c3c0                _gprot_response_file
                0x000000003006c3c8                _default_network_name_string
                0x000000003006c3d0                _default_network_version_string
 .data          0x000000003006c3d8        0x0 acpi.o
 *fill*         0x000000003006c3d8        0x8 
 .data          0x000000003006c3e0     0x1408 p3_bus.o
                0x000000003006c3e0                _pci_device_no_name
                0x000000003006c400                _pci_classes2
 .data          0x000000003006d7e8        0x0 p3_dev.o
 .data          0x000000003006d7e8       0x1c p3_fs.o
                0x000000003006d7f8                _root_name
                0x000000003006d800                _pipe_max_size
 .data          0x000000003006d804        0x4 p4_libk.o
 .data          0x000000003006d808        0x0 kmain.o
                0x000000003006d808                _data_end = .

.got            0x000000003006d808        0x0
 .got           0x000000003006d808        0x0 head_64.o

.got.plt        0x000000003006d808        0x0
 .got.plt       0x000000003006d808        0x0 head_64.o

.igot.plt       0x000000003006d808        0x0
 .igot.plt      0x000000003006d808        0x0 head_64.o
                0x000000003006e000                . = ALIGN (0x1000)

.bss            0x000000003006e000    0x69838
                0x000000003006e000                _bss_begin = .
 *(.bss)
 .bss           0x000000003006e000    0x20000 head_64.o
                0x000000003006e000                _EarlyKernelStackEnd
                0x000000003006e000                _bss_start
                0x000000003007e000                _rsp0StackEnd
                0x000000003007e000                _EarlyKernelStack
                0x000000003008e000                _rsp0Stack
 .bss           0x000000003008e000      0x388 p1_ke.o
                0x000000003008e030                _task_switch_status
                0x000000003008e03c                _dispatcherType
                0x000000003008e040                _dispatcherQueueIndex
                0x000000003008e048                _contextSS
                0x000000003008e050                _contextRSP
                0x000000003008e058                _contextRFLAGS
                0x000000003008e060                _contextCS
                0x000000003008e068                _contextRIP
                0x000000003008e070                _contextDS
                0x000000003008e078                _contextES
                0x000000003008e080                _contextFS
                0x000000003008e088                _contextGS
                0x000000003008e090                _contextRAX
                0x000000003008e098                _contextRBX
                0x000000003008e0a0                _contextRCX
                0x000000003008e0a8                _contextRDX
                0x000000003008e0b0                _contextRSI
                0x000000003008e0b8                _contextRDI
                0x000000003008e0c0                _contextRBP
                0x000000003008e0c8                _contextR8
                0x000000003008e0d0                _contextR9
                0x000000003008e0d8                _contextR10
                0x000000003008e0e0                _contextR11
                0x000000003008e0e8                _contextR12
                0x000000003008e0f0                _contextR13
                0x000000003008e0f8                _contextR14
                0x000000003008e100                _contextR15
                0x000000003008e108                _contextCPL
                0x000000003008e110                _asmflagDoCallbackAfterCR3
                0x000000003008e118                _ring3_callback_address
                0x000000003008e120                _ring3_callback_parm1
                0x000000003008e128                _ring3_callback_parm2
                0x000000003008e130                _ring3_callback_parm3
                0x000000003008e138                _ring3_callback_parm4
                0x000000003008e140                _callback_restorer_done
                0x000000003008e148                __callback_status
                0x000000003008e150                __callback_address
                0x000000003008e158                __callback_address_saved
                0x000000003008e160                _current_thread
                0x000000003008e164                _foreground_thread
                0x000000003008e168                _special_reader
                0x000000003008e170                ___gpidBoot
                0x000000003008e174                ___gpidInclude
                0x000000003008e178                ___gpidInit
                0x000000003008e17c                ___gpidInstall
                0x000000003008e180                ___gpidLogoff
                0x000000003008e184                ___gpidLogon
                0x000000003008e188                ___gpidNetServer
                0x000000003008e18c                ___gpidNotificationServer
                0x000000003008e190                ___gpidSCI
                0x000000003008e194                ___gpidSecurityServer
                0x000000003008e198                ___gpidSysIO
                0x000000003008e19c                ___gpidSysLib
                0x000000003008e1a0                ___gpidSysMK
                0x000000003008e1a4                ___gpidSysSM
                0x000000003008e1a8                ___gpidWindowManager
                0x000000003008e1ac                ___gpidWindowServer
                0x000000003008e1b0                _foreground_process
                0x000000003008e1b4                _criticalsection_pid
                0x000000003008e1e0                _copy_process_in_progress
                0x000000003008e1e8                ___copy_process_counter
                0x000000003008e200                ___local_process_name
                0x000000003008e240                _jiffies
                0x000000003008e248                _sci0_cpl
                0x000000003008e250                _sci1_cpl
                0x000000003008e258                _sci2_cpl
                0x000000003008e260                _sci3_cpl
                0x000000003008e268                _localId
                0x000000003008e26c                _apic_SPINLOCK
                0x000000003008e280                _cpuid_stuff_goes_here
                0x000000003008e288                _syscall_is_supported
                0x000000003008e28c                ___spinlock_ipc
                0x000000003008e290                ___breaker_timer_initialized
                0x000000003008e294                ___breaker_ps2keyboard_initialized
                0x000000003008e298                ___breaker_com1_initialized
                0x000000003008e29c                ___breaker_com2_initialized
                0x000000003008e2a0                ___breaker_com3_initialized
                0x000000003008e2a4                ___breaker_com4_initialized
                0x000000003008e2a8                ___breaker_rtc_initialized
                0x000000003008e2ac                ___breaker_ps2mouse_initialized
                0x000000003008e2b0                ___breaker_ata1_initialized
                0x000000003008e2b4                ___breaker_ata2_initialized
                0x000000003008e2b8                _g_profiler_ints_syscall_counter
                0x000000003008e2c0                _g_profiler_ints_irq0
                0x000000003008e2c8                _g_profiler_ints_irq1
                0x000000003008e2d0                _g_profiler_ints_irq2
                0x000000003008e2d8                _g_profiler_ints_irq3
                0x000000003008e2e0                _g_profiler_ints_irq4
                0x000000003008e2e8                _g_profiler_ints_irq5
                0x000000003008e2f0                _g_profiler_ints_irq6
                0x000000003008e2f8                _g_profiler_ints_irq7
                0x000000003008e300                _g_profiler_ints_irq8
                0x000000003008e308                _g_profiler_ints_irq9
                0x000000003008e310                _g_profiler_ints_irq10
                0x000000003008e318                _g_profiler_ints_irq11
                0x000000003008e320                _g_profiler_ints_irq12
                0x000000003008e328                _g_profiler_ints_irq13
                0x000000003008e330                _g_profiler_ints_irq14
                0x000000003008e338                _g_profiler_ints_irq15