
Merging program properties

Removed property 0xc0000002 to merge p1_ke.o (0x3) and head_64.o (not found)
Removed property 0xc0000002 to merge p1_ke.o (not found) and p1_kwrap.o (0x3)
Removed property 0xc0000002 to merge p1_ke.o (not found) and p2_wink.o (0x3)
Removed property 0xc0000002 to merge p1_ke.o (not found) and netdev.o (0x3)
Removed property 0xc0000002 to merge p1_ke.o (not found) and chardev.o (0x3)
Removed property 0xc0000002 to merge p1_ke.o (not found) and blkdev.o (0x3)
Removed property 0xc0000002 to merge p1_ke.o (not found) and p3_net.o (0x3)
Removed property 0xc0000002 to merge p1_ke.o (not found) and p3_dev.o (0x3)
Removed property 0xc0000002 to merge p1_ke.o (not found) and p3_fs.o (0x3)
Removed property 0xc0000002 to merge p1_ke.o (not found) and p3_mm.o (0x3)
Removed property 0xc0000002 to merge p1_ke.o (not found) and p4_libk.o (0x3)
Removed property 0xc0000002 to merge p1_ke.o (not found) and acpi.o (0x3)
Removed property 0xc0000002 to merge p1_ke.o (not found) and mps.o (0x3)
Removed property 0xc0000002 to merge p1_ke.o (not found) and p3_bus.o (0x3)
Removed property 0xc0000002 to merge p1_ke.o (not found) and apmain.o (0x3)
Removed property 0xc0000002 to merge p1_ke.o (not found) and kmain.o (0x3)

Allocating common symbols
Common symbol       size              file

_TSS                0x340             p1_ke.o
_wproxy_desktop     0x8               p2_wink.o
_usessionList       0x80              p2_wink.o
_wproxy_hover       0x8               p2_wink.o
_kernel_mod0        0x8               p1_kwrap.o
_Graphics           0x8               p1_ke.o
_framepoolList      0x2000            p3_mm.o
_PS2                0x10              p1_ke.o
_PS2MouseDeviceTTY  0x8               chardev.o
_sdGRAMADO          0x58              p3_fs.o
_TEKernelProcess    0x8               p1_ke.o
_prompt             0x400             p4_libk.o
_threadList         0x2000            p1_ke.o
_pci_device         0x8               p3_bus.o
_current_sd         0x8               blkdev.o
_kgws_ws_status     0x4               p2_wink.o
_wait_queue         0x8               p1_ke.o
_NewPagedPool       0x38              p3_mm.o
_context_fpu_buffer
                    0x200             p1_ke.o
_kstdio_info        0x8               p4_libk.o
_dc_backbuffer      0x8               p1_ke.o
_LocalHostHTTPSocket
                    0x8               p3_net.o
_KernelArgs         0x20              p1_ke.o
_pcideviceList      0x400             p1_ke.o
_PS2MouseDeviceObject
                    0x8               chardev.o
_xxx_gdt            0x100             p1_ke.o
_vol_label_directory_entry
                    0x8               p3_fs.o
_init_mm_data       0x38              p3_mm.o
_current_volume_string
                    0x8               blkdev.o
_storage            0x8               blkdev.o
_InitThread         0x8               p1_ke.o
_extra              0x4               p1_ke.o
_____network_file   0x8               p3_net.o
_Initialization     0x3c              kmain.o
_system_cg          0x8               p2_wink.o
_stderr             0x8               p4_libk.o
_____whatchdog_ps2_keyboard
                    0x4               p1_ke.o
_nicList            0x40              p3_dev.o
_gui                0x8               p1_kwrap.o
_CurrentUserSession
                    0x8               p2_wink.o
_volume2_rootdir_fp
                    0x8               p4_libk.o
_system_disk_pt2    0x8               blkdev.o
_processor          0x8               p1_ke.o
_userList           0x80              p2_wink.o
_bldisp_info        0xc               chardev.o
_mbr                0x8               blkdev.o
_NetworkSaved       0x14              p3_net.o
_current_mmblock    0x8               p3_mm.o
_deviceList         0x1000            p3_dev.o
_teList             0x2000            p1_ke.o
_surfacexxxx        0x4               p2_wink.o
_cgroupList         0x80              p2_wink.o
_nb_rx_11888        0x1a8             p3_net.o
_pagetableList      0x2000            p3_mm.o
_mbuttons_old_state
                    0x14              chardev.o
_PCI                0x20              p3_bus.o
_root               0x8               p3_fs.o
_current_pci_device
                    0x8               p3_bus.o
_ATACurrentPort     0x10              blkdev.o
_TEInitProcess      0x8               p1_ke.o
_InputBrokerInfo    0x10              p2_wink.o
_usession0          0x8               p2_wink.o
_CurrentSocket      0x8               p3_net.o
_console3_tty       0x8               chardev.o
_____boot____disk   0x8               blkdev.o
_NetworkInitialization
                    0xc               p3_net.o
_redirect           0x8               chardev.o
_stdin              0x8               p4_libk.o
_currentq           0x8               p1_ke.o
_CONSOLE_TTYS       0x3920            chardev.o
_socketList         0x100             p3_net.o
_rsdt               0x8               acpi.o
_CWD                0x28              p3_fs.o
[...]
Memory Configuration

Name             Origin             Length             Attributes
*default*        0x0000000000000000 0xffffffffffffffff

Linker script and memory map

                0x0000000030000000                . = 0x30000000
                0x0000000030000000                _kernel_begin = .
                0x0000000030001000                . = 0x30001000

.text           0x0000000030001000    0x4f24d
                0x0000000030001000                _code_begin = .
 *(.head_x86_64)
 .head_x86_64   0x0000000030001000     0x367a head_64.o
                0x0000000030001000                _kernel_entry_point
                0x0000000030001001                startup_64
                0x000000003000107c                _idt
                0x0000000030002084                _IDT_register
                0x0000000030002176                _save_fault_number
                0x0000000030002360                ExecutionHall_fault_N0
                0x0000000030002371                ExecutionHall_fault_N1
                0x0000000030002382                ExecutionHall_fault_N2
                0x0000000030002393                ExecutionHall_fault_N3
                0x00000000300023a4                ExecutionHall_fault_N4
                0x00000000300023b5                ExecutionHall_fault_N5
                0x00000000300023c6                ExecutionHall_fault_INVALID_OPCODE
                0x00000000300023d7                ExecutionHall_fault_N7
                0x00000000300023e8                ExecutionHall_fault_DOUBLE
                0x00000000300023f9                ExecutionHall_fault_N9
                0x000000003000240a                ExecutionHall_fault_N10
                0x000000003000241b                ExecutionHall_fault_N11
                0x000000003000242c                ExecutionHall_fault_STACK
                0x000000003000243d                ExecutionHall_fault_GP
                0x000000003000244e                ExecutionHall_fault_N14
                0x000000003000245f                ExecutionHall_fault_N15
                0x0000000030002470                ExecutionHall_fault_N16
                0x0000000030002481                ExecutionHall_fault_N17
                0x0000000030002492                ExecutionHall_fault_N18
                0x00000000300024a3                ExecutionHall_fault_N19
                0x00000000300024b4                ExecutionHall_fault_N20
                0x00000000300024c5                ExecutionHall_fault_N21
                0x00000000300024d6                ExecutionHall_fault_N22
                0x00000000300024e7                ExecutionHall_fault_N23
                0x00000000300024f8                ExecutionHall_fault_N24
                0x0000000030002509                ExecutionHall_fault_N25
                0x000000003000251a                ExecutionHall_fault_N26
                0x000000003000252b                ExecutionHall_fault_N27
                0x000000003000253c                ExecutionHall_fault_N28
                0x000000003000254d                ExecutionHall_fault_N29
                0x000000003000255e                ExecutionHall_fault_N30
                0x000000003000256f                ExecutionHall_fault_N31
                0x0000000030002780                _DisableSSE
                0x000000003000278d                _EnableSSE
                0x000000003000279a                _x64_enable_avx
                0x00000000300027bc                PeripheralHall_irq0
                0x0000000030002928                PeripheralHall_irq1
                0x0000000030002b70                _irq3
                0x0000000030002bac                _irq4
                0x0000000030002be8                _irq7
                0x0000000030002c34                PeripheralHall_irq8
                0x0000000030002c7c                _irq9
                0x0000000030002ccc                PeripheralHall_irq9_nic_handler
                0x0000000030002ea8                _irq10
                0x0000000030002ef8                _irq11
                0x0000000030002f48                PeripheralHall_irq12
                0x0000000030003198                _irq13
                0x00000000300031e8                PeripheralHall_irq14
                0x0000000030003248                PeripheralHall_irq15
                0x000000003000347e                _turn_task_switch_on
                0x00000000300034a0                _turn_task_switch_off
                0x00000000300036d0                _systemcall64
                0x0000000030003724                RequestHall_int128
                0x00000000300037e8                RequestHall_int129
                0x00000000300038ac                RequestHall_int130
                0x0000000030003970                RequestHall_int131
                0x0000000030003a38                _system_call
                0x0000000030003a44                _syscall_handler
                0x0000000030003a7c                RequestHall_int198
                0x0000000030003ae0                RequestHall_int199
                0x0000000030003db0                PeripheralHall_lapic_timer_handler
                0x0000000030003e1d                PeripheralHall_lapic_perf_handler
                0x0000000030003e31                PeripheralHall_lapic_lint0_handler
                0x0000000030003e45                PeripheralHall_lapic_nmi_handler
                0x0000000030003e59                PeripheralHall_lapic_error_handler
                0x0000000030003e6d                PeripheralHall_lapic_thermal_handler
                0x0000000030003e81                PeripheralHall_spurious_handler
                0x0000000030003e89                _x64_clear_nt_flag
                0x0000000030003e9d                _asm_load_gdt
                0x0000000030003f47                _setup_system_interrupt
                0x0000000030004003                _setup_system_interrupt_hw
                0x00000000300044c5                _asm_nic_create_new_idt_entry
                0x00000000300044ec                _asm_initialize_module0
                0x00000000300044f2                _asm_reboot
                0x000000003000450b                _arch_enter_user_mode
                0x0000000030004628                _asm_AP_entry_point
 *(.text)
 .text          0x000000003000467a    0x11f7b p1_ke.o
                0x000000003000467a                _sched_get_idle_thread_by_tid
                0x000000003000486b                _get_init_thread
                0x000000003000487c                _get_next_on_queue_or_the_init_thread
                0x0000000030004915                _get_ev_responter
                0x000000003000496e                _set_ev_responder
                0x00000000300049df                _has_pending_event
                0x0000000030004a4c                _sched_show_info
                0x0000000030004a97                _scheduler_lock
                0x0000000030004aac                _scheduler_unlock
                0x0000000030004ac1                _is_scheduler_locked
                0x0000000030004ad1                _sched_cut_round
                0x0000000030005924                _scheduler
                0x0000000030005a45                _psScheduler
                0x0000000030005a8c                _sched_count_active_threads
                0x0000000030005b0c                _sched_boost_ds_thread
                0x0000000030005b8d                _sched_boost_foreground_thread
                0x0000000030005bf9                _sched_lower_current_thread
                0x0000000030005c85                _sys_nice
                0x0000000030005d7e                _sys_sleep
                0x0000000030005dc0                _sys_yield
                0x0000000030005df7                _init_scheduler
                0x0000000030005ec3                _do_credits
                0x0000000030005f15                _do_credits_by_tid
                0x0000000030005f5c                _do_thread_blocked
                0x0000000030005fd6                _do_thread_dead
                0x000000003000603e                _do_thread_initialized
                0x00000000300060a6                _do_thread_ready
                0x0000000030006120                _do_thread_running
                0x0000000030006182                _do_thread_standby
                0x00000000300061ea                _do_thread_waiting
                0x000000003000629c                _do_thread_zombie
                0x000000003000631f                _do_waitpid
                0x00000000300063ee                _schediSelectForExecution
                0x0000000030006430                _get_current_thread
                0x0000000030006464                _set_current_thread
                0x0000000030006504                _set_foreground_thread
                0x0000000030006575                _wait_for_a_reason
                0x000000003000662b                _wakeup_thread_reason
                0x0000000030006653                _wakeup_scan_thread_reason
                0x0000000030006678                _wakeup_thread
                0x0000000030006732                _yield
                0x0000000030006797                _sleep_until
                0x00000000300067de                _sleep
                0x0000000030006856                _schedi_drop_quantum
                0x000000003000688e                _schedi_check_for_standby
                0x000000003000695d                _set_currentq
                0x00000000300069b1                _get_currentq
                0x00000000300069c2                _qlist_set_element
                0x0000000030006a39                _qlist_get_element
                0x0000000030006a85                _qlist_initialize
                0x0000000030006ab7                _get_taskswitch_status
                0x0000000030006ac8                _set_taskswitch_status
                0x0000000030006ae2                _taskswitch_lock
                0x0000000030006af8                _taskswitch_unlock
                0x0000000030006b0e                _tsCallExtraRoutines
                0x00000000300075cb                _tsTaskSwitch
                0x0000000030007783                _init_ts
                0x0000000030007797                _IncrementDispatcherCount
                0x00000000300078b1                _dispatcher
                0x0000000030007a7c                _init_dispatch
                0x0000000030007b8e                _spawn_set_eoi_state
                0x0000000030007ba3                _spawn_reset_eoi_state
                0x0000000030008268                _psSpawnThreadByTID
                0x00000000300082c5                _arch_save_context
                0x000000003000885b                _arch_restore_context
                0x0000000030008d4f                _callback_is_restored
                0x0000000030008dd8                _setup_callback_parameters
                0x0000000030008e1f                _setup_callback
                0x0000000030008e2e                _prepare_next_callback
                0x0000000030008e39                _callbackReinitialize
                0x0000000030008e48                _callbackInitialize
                0x0000000030008e57                _threadObject
                0x0000000030009369                _destroy_thread_structure
                0x00000000300093fc                _gc_thread_structure
                0x000000003000941e                _GetThreadStats
                0x0000000030009719                _getthreadname
                0x00000000300097b3                _FindReadyThread
                0x000000003000981e                _GetThreadState
                0x0000000030009854                _GetThreadType
                0x0000000030009887                _SetCurrentTID
                0x00000000300098c1                _GetCurrentTID
                0x00000000300098fc                _GetThreadByTID
                0x0000000030009934                _GetCurrentThread
                0x0000000030009962                _GetForegroundThread
                0x000000003000998a                _GetDSThread
                0x00000000300099c4                _SelectForExecution
                0x00000000300099f5                _thread_show_profiler_info
                0x0000000030009aa5                _thread_get_profiler_percentage
                0x0000000030009ad8                _thread_profiler
                0x0000000030009cfc                _sys_notify_event
                0x0000000030009de6                _sys_msgctl
                0x0000000030009fa4                _exit_thread
                0x000000003000a088                _exit_current_thread
                0x000000003000a0c3                _copy_thread_struct
                0x000000003000a814                _create_thread
                0x000000003000afd5                _init_threads
                0x000000003000b041                _show_slot
                0x000000003000b227                _show_slots
                0x000000003000b2da                _show_reg
                0x000000003000b439                _show_thread_information
                0x000000003000b4f5                _link_two_threads
                0x000000003000b581                _unlink_two_threads
                0x000000003000b60d                _set_thread_priority
                0x000000003000b734                _threadi_power
                0x000000003000b7bb                _release
                0x000000003000b7e8                _SetThread_PML4PA
                0x000000003000b813                _check_for_dead_thread_collector
                0x000000003000b836                _dead_thread_collector
                0x000000003000b928                _kill_thread
                0x000000003000b9ef                _kill_all_threads
                0x000000003000ba1d                _kill_zombie_threads
                0x000000003000ba91                _destroy_process_structure
                0x000000003000bb33                _gc_process_structure
                0x000000003000bb46                _get_kernel_process
                0x000000003000bb57                _get_init_process
                0x000000003000bb68                _close_all_threads_of_this_process
                0x000000003000bbaf                _close_all_processes
                0x000000003000bc40                _set_current_process
                0x000000003000bc77                _get_current_process
                0x000000003000bcab                _get_current_pid
                0x000000003000bcbf                _get_current_process_pointer
                0x000000003000bd3b                _get_process_stats
                0x000000003000c0ae                _getprocessname
                0x000000003000c122                _getNewPID
                0x000000003000c170                _processTesting
                0x000000003000c1dc                _processSendSignal
                0x000000003000c21f                _GetProcessPML4_PA
                0x000000003000c246                _GetProcessPML4_VA
                0x000000003000c26d                _GetProcessHeapStart
                0x000000003000c318                _SetProcessPML4_VA
                0x000000003000c341                _SetProcessPML4_PA
                0x000000003000c36a                _get_caller_process_id
                0x000000003000c37a                _set_caller_process_id
                0x000000003000c391                _process_close_gate
                0x000000003000c403                _process_open_gate
                0x000000003000c474                _process_get_file_from_pid
                0x000000003000c4c2                _process_get_file
                0x000000003000c4fc                _process_get_tty
                0x000000003000c57a                _alloc_memory_for_image_and_stack
                0x000000003000ca98                _processObject
                0x000000003000cadc                _create_and_initialize_process_object
                0x000000003000cdf5                _create_process
                0x000000003000d38f                _init_processes
                0x000000003000d3e9                _show_process_information
                0x000000003000d591                _show_currentprocess_info
                0x000000003000d6cc                _create_init_thread
                0x000000003000ddaf                _copy_process_struct
                0x000000003000e489                _copy_process00
                0x000000003000f02d                _copy_process
                0x000000003000f081                _ipc_post_message_to_tid2
                0x000000003000f305                _ipc_post_message_to_tid
                0x000000003000f85b                _ipc_post_message_to_foreground_thread
                0x000000003000f8cc                _ipc_post_message_to_init
                0x000000003000f933                _ipc_post_message_to_ds
                0x000000003000f9c5                _ipc_post_input_event_to_ds
                0x000000003000faa3                _ipc_broadcast_system_message
                0x000000003000fb6e                _ipc_get_message
                0x000000003000fe32                _sys_get_message
                0x000000003000fe66                _sys_get_message2
                0x0000000030010180                _sys_post_message_to_tid
                0x0000000030010228                _sys_broadcast_system_message
                0x00000000300102b6                _get_ticks
                0x00000000300102c7                _get_seconds
                0x00000000300102f8                _get_milliseconds
                0x0000000030010330                _get_hz
                0x000000003001033f                _now
                0x0000000030010388                _pit_speaker_on
                0x00000000300103ca                _pit_speaker_off
                0x00000000300103fd                _irq0_TIMER
                0x0000000030010492                _DeviceInterface_PIT
                0x00000000300104de                _timerInit8253
                0x0000000030010590                _set_timeout
                0x00000000300105aa                _get_timeout
                0x00000000300105bb                _get_systime_info
                0x0000000030010600                _new_timer_id
                0x0000000030010645                _pit_sleep
                0x0000000030010686                _timerInit
                0x00000000300106a4                _early_timer_init
                0x0000000030010725                _create_timer
                0x0000000030010911                _sc80h
                0x0000000030010a6a                _sc81h
                0x0000000030010b99                _sc82h
                0x0000000030010cc8                _sc83h
                0x0000000030010f66                _x64_all_faults
                0x000000003001152f                _x64smp_show_info
                0x0000000030011680                _x64smp_initialization
                0x0000000030011804                _apic_TimerHandler0000
                0x000000003001189a                _apic_mark_cpu_as_running
                0x0000000030011a22                _apic_get_id
                0x0000000030011a51                _apic_get_id_00
                0x0000000030011a78                _apic_get_version
                0x0000000030011a9b                _apic_get_version_00
                0x0000000030011ab2                _local_apic_eoi
                0x0000000030011ad8                _local_apic_eoi_00
                0x0000000030011af2                _has_apic
                0x0000000030011b47                _cpu_set_apic_base
                0x0000000030011b82                _cpu_get_apic_base
                0x0000000030011bd4                _local_apic_send_init
                0x0000000030011c33                _local_apic_send_startup
                0x0000000030011c9a                _Send_INIT_IPI_Once
                0x0000000030011cdc                _Send_STARTUP_IPI_Twice
                0x0000000030011e01                _apic_setup_registers
                0x0000000030011f98                _lapic_info_initializing
                0x0000000030012268                _apic_timer_setup_periodic
                0x000000003001239f                _apic_initial_count_timer
                0x000000003001248c                _apic_timer_umasked
                0x00000000300124cb                _apic_timer_masked
                0x000000003001250a                _apictim_initialize
                0x000000003001270c                _ioapic_masked
                0x000000003001278d                _ioapic_umasked
                0x0000000030012ba3                _ioapic_initialize
                0x0000000030012c4c                _cpuHasMSR
                0x0000000030012c94                _cpuGetMSR
                0x0000000030012cbf                _cpuSetMSR
                0x0000000030012cde                _tss_init
                0x0000000030012d41                _check_syscall_support
                0x0000000030012d8a                _probe_if_cpu_has_support_to_syscall
                0x0000000030012de0                _syscall_enable
                0x0000000030012e29                _syscall_set_entry_point
                0x0000000030012e60                _syscall_set_mask
                0x0000000030012e91                _initialize_syscall
                0x0000000030012ee2                _hal_probe_cpu
                0x0000000030012fba                _hal_probe_processor_type
                0x0000000030013087                _hal_hardware_detect
                0x00000000300130a0                _in8
                0x00000000300130c2                _in16
                0x00000000300130e8                _in32
                0x000000003001310c                _out8
                0x000000003001312b                _out16
                0x000000003001314c                _out32
                0x0000000030013168                ___x86_io_delay
                0x0000000030013177                _wait_ns
                0x00000000300131b9                _mdelay
                0x00000000300131f3                _udelay
                0x000000003001322d                _portsx86_IN
                0x00000000300132af                _portsx86_OUT
                0x00000000300133b2                _rtc_get_date
                0x000000003001340a                _rtc_get_time
                0x0000000030013466                _rtcGetBaseMemory
                0x00000000300134cf                _rtcGetExtendedMemory
                0x0000000030013538                ___rtc_init_datastructure
                0x0000000030013665                _DDINIT_rtc
                0x00000000300136b6                _irq8_RTC
                0x00000000300136d0                _archhal_speaker_on
                0x00000000300136e0                _archhal_speaker_off
                0x00000000300136f0                _archhal_reboot
                0x0000000030013723                _hal_io_delay
                0x0000000030013730                _hal_get_date
                0x000000003001373f                _hal_get_time
                0x000000003001374e                _hal_refresh_screen
                0x0000000030013763                _hal_vsync
                0x0000000030013773                _hal_set_machine_type
                0x000000003001378d                _hal_get_machine_type
                0x000000003001379e                _hal_reboot
                0x00000000300137f3                _hal_shutdown
                0x000000003001382c                _hal_speaker_on
                0x000000003001383c                _hal_speaker_off
                0x000000003001384c                _hal_test_speaker
                0x000000003001388c                _hal_init_cpu
                0x00000000300138a1                _halInitialize
                0x00000000300139f9                _x64_load_cr8
                0x0000000030013a10                _x64_setup_syscall64
                0x0000000030013ac9                _x64_init_gdt
                0x0000000030013e5f                _set_gdt_entry
                0x000000003001406b                _x64_load_ltr
                0x000000003001473d                _x64_init_fpu
                0x000000003001474a                _x64_init_fpu_support
                0x000000003001483b                _fpu_load_control_word
                0x000000003001484f                _x64_disable_interrupts
                0x000000003001485b                _x64_enable_interrupts
                0x0000000030014867                _x64_iretq
                0x0000000030014874                _x64_lret
                0x0000000030014880                _x64_cli_hlt
                0x000000003001488d                _x64_stop_cpu
                0x000000003001489d                _x64_enable_cache
                0x00000000300148a8                _x64_init_intel
                0x0000000030014d90                _x64_info
                0x00000000300150fe                _I_x64CreateInitialProcess
                0x000000003001563a                _I_x64ExecuteInitialProcess
                0x00000000300159c5                _I_x64CreateKernelProcess
                0x0000000030015d01                _I_x64_initialize
                0x0000000030015e37                _init_queue
                0x0000000030015e5d                _queue_insert_data
                0x0000000030015e8a                _queue_get_data
                0x0000000030015eb3                _queue_insert_head
                0x0000000030015ee0                _ScanReadyQueue
                0x0000000030015f02                _feed_ready_queue
                0x0000000030015f27                _show_queue_information
                0x0000000030015f5a                _get_update_screen_frequency
                0x0000000030015f6b                _set_update_screen_frequency
                0x0000000030015fd5                _get_presence_level
                0x0000000030015fe6                _set_presence_level
                0x000000003001626c                _keGetSystemMetrics
                0x0000000030016294                _keDie
                0x00000000300162a4                _keSoftDie
                0x00000000300162b4                _keIsQemu
                0x00000000300162c3                _keCloseInitProcess
                0x0000000030016345                _keReboot
                0x0000000030016371                _keCreateProcess
                0x00000000300163dc                _keCreateThread
                0x0000000030016441                _ke_x64ExecuteInitialProcess
                0x0000000030016487                _keInitializeIntake
                0x00000000300164bf                _keInitialize
 .text          0x00000000300165f5     0x5ad4 p1_kwrap.o
                0x000000003001671a                _is_using_serial_debug
                0x000000003001672a                _enable_serial_debug
                0x000000003001673f                _disable_serial_debug
                0x0000000030016754                _debug_print
                0x00000000300167e0                _PROGRESS
                0x0000000030016824                _serial_printk
                0x0000000030016911                _debug
                0x0000000030016968                _debug_breakpoint
                0x0000000030016987                _debug_compute_checksum
                0x00000000300169c0                _info_get_boot_info
                0x0000000030016a11                _irql_load_cr8
                0x0000000030016a30                _panic
                0x0000000030016b24                _string_panic
                0x0000000030016b78                _createDeferredKernelRequest
                0x0000000030016c5f                _clearDeferredKernelRequest
                0x0000000030016cf4                _processDeferredKernelRequest
                0x0000000030016efa                _soft_die
                0x0000000030016f0f                _die
                0x0000000030016f58                _doGetSystemMetrics
                0x0000000030017323                _do_reboot
                0x00000000300173a4                _system_reboot
                0x00000000300173c7                _doSetupVersion
                0x00000000300174c0                _core_post_message
                0x0000000030017553                _core_spawn_thread_by_tid
                0x0000000030017580                _core_alloc_shared_ring3_pages
                0x00000000300175de                _wrappers_get_current_runlevel
                0x00000000300175ee                _wrappers_set_current_runlevel
                0x0000000030017616                _core_get_memory_size_mb
                0x0000000030017633                _core_get_system_metrics
                0x000000003001765b                _core_start_thread
                0x00000000300176ad                _core_reboot
                0x00000000300176bd                _core_shutdown
                0x00000000300176de                _core_die
                0x00000000300176ee                _sys_alarm
                0x0000000030017830                _sys_get_system_metrics
                0x0000000030017858                _sys_create_process
                0x0000000030017abc                _sys_create_thread
                0x0000000030017ba5                _sys_exit_thread
                0x0000000030017bef                _sys_fork
                0x0000000030017c76                _sys_getpid
                0x0000000030017c85                _sys_getppid
                0x0000000030017cf1                _sys_initialize_component
                0x0000000030017d1d                _sys_reboot
                0x0000000030017dbf                _sys_serial_debug_printk
                0x0000000030017e25                _sys_shutdown
                0x0000000030017e5b                _sys_show_system_info
                0x0000000030017e9f                _sys_uname
                0x0000000030017f80                _sys_vsync
                0x0000000030018282                _sci0
                0x0000000030019fec                _sci1
                0x000000003001a15f                _sci2
                0x000000003001b15a                _sci3
                0x000000003001b2c3                _test_mod0
                0x000000003001b578                _ring0_module_sci
                0x000000003001b79c                _mod_initialize
                0x000000003001b81d                _cg_initialize
                0x000000003001b82f                _ns_initialize
                0x000000003001bbb2                _isQEMU
                0x000000003001bbe0                _hv_is_qemu
                0x000000003001bbef                _hv_ps2_full_initialization
                0x000000003001bc64                _hv_probe_info
                0x000000003001bc73                _hv_is_vmx_supported
                0x000000003001bd0a                _hv_is_svm_supported
                0x000000003001bda7                _hv_detect_vmx
                0x000000003001be19                _hv_detect_svm
                0x000000003001be81                _enable_Intel_VMX
                0x000000003001bf09                _disable_Intel_VMX
                0x000000003001bf31                _enable_AMD_SVM
                0x000000003001bfc9                _disable_AMD_SVM
                0x000000003001c048                _xp_die
                0x000000003001c067                _xp_putchar_test
                0x000000003001c08a                _xp_reboot
                0x000000003001c09a                _xp_refresh_screen
                0x000000003001c0aa                _xp_putchar_in_fgconsole
 .text          0x000000003001c0c9     0x73f3 p2_wink.o
                0x000000003001c0c9                _dispsrv_setup_ds_info
                0x000000003001c229                _ds_ioctl
                0x000000003001c251                _ds_init
                0x000000003001c260                _backbuffer_putpixel
                0x000000003001c2c9                _frontbuffer_putpixel
                0x000000003001c332                _backbuffer_draw_horizontal_line
                0x000000003001c3b9                _frontbuffer_draw_horizontal_line
                0x000000003001c725                _backbuffer_draw_rectangle
                0x000000003001c77a                _frontbuffer_draw_rectangle
                0x000000003001ca95                _refresh_rectangle
                0x000000003001cb3c                _scroll_screen_rect
                0x000000003001ccea                _bitblt
                0x000000003001cd9f                _bg_initialize
                0x000000003001cde0                _gwsGetCurrentFontCharWidth
                0x000000003001cdef                _gwsSetCurrentFontCharWidth
                0x000000003001ce0b                _gwsGetCurrentFontCharHeight
                0x000000003001ce1a                _gwsSetCurrentFontCharHeight
                0x000000003001ce36                _fontGetCurrentAddress
                0x000000003001ce47                _fontSetCurrentAddress
                0x000000003001ce61                _gwsInstallFont
                0x000000003001cf42                _font_initialize
                0x000000003001cfa4                _set_char_width
                0x000000003001cfbe                _set_char_height
                0x000000003001cfd8                _get_char_width
                0x000000003001cfe9                _get_char_height
                0x000000003001cffa                _char_draw
                0x000000003001d19b                _char_draw_transparent
                0x000000003001d33e                _draw_string
                0x000000003001d3c2                _kgws_enable
                0x000000003001d3f0                _kgws_disable
                0x000000003001d423                _fib
                0x000000003001d475                _grPlot0
                0x000000003001d6be                _plotLine3d
                0x000000003001d7fc                _rectangleZ
                0x000000003001d8bb                _plotCircleZ
                0x000000003001d9b5                _noraDrawingStuff3
                0x000000003001da40                _demoFred0
                0x000000003001db3c                _demoFred1
                0x000000003001dc08                _demo0
                0x000000003001dc7b                _gre_initialize
                0x000000003001dd4c                _wproxy_hit_test00
                0x000000003001e00f                _wproxyCreateObject
                0x000000003001e072                _wproxy_set_shell
                0x000000003001e119                _wproxy_create0
                0x000000003001e1f1                _wproxy_ap_test
                0x000000003001e28f                _wproxy_create_data_buffer
                0x000000003001e303                _wproxy_get_data_buffer
                0x000000003001e427                _wproxy_drawframe
                0x000000003001e478                _wproxy_redrawframe
                0x000000003001e4ad                _wproxy_is_inside_frame
                0x000000003001e544                _wproxy_is_inside_client_area
                0x000000003001e5df                _wproxy_test0
                0x000000003001e63e                _wproxy_test2
                0x000000003001e712                _wproxy_set_parameters_given_tid
                0x000000003001e82d                _obroker_initialize
                0x000000003001e846                _ksys_console_write_string
                0x000000003001e985                _ibroker_use_kernelside_mouse_drawing
                0x000000003001e9af                _ibroker_get_kernelside_mouse_drawing_status
                0x000000003001e9bf                _sys_change_boot_menu_option
                0x000000003001ec2d                _ibroker_set_keymap
                0x000000003001ed5b                _ibroker_send_ascii_to_stdin
                0x000000003001edf1                _input_enter_kernel_console
                0x000000003001ee06                _input_exit_kernel_console
                0x000000003001ee16                _input_process_cad_combination
                0x000000003001ee46                _input_enable_this_input_target
                0x000000003001ee8b                _input_disable_this_input_target
                0x00000000300201c3                _ksys_shell_parse_cmdline
                0x000000003002101a                _ksys_console_process_keyboard_input
                0x0000000030021074                _is_extended_key
                0x0000000030021828                _wmRawKeyEvent
                0x0000000030022277                _wmMouseEvent
                0x0000000030022615                _wmKeyboardEvent
                0x0000000030022664                _wmTimerEvent
                0x00000000300226e6                _ibroker_initialize
                0x0000000030022751                _ksys_mouse_event
                0x000000003002279b                _ksys_keyboard_event
                0x00000000300227e2                _ksys_timer_event
                0x0000000030022838                _init_first_cgroup
                0x00000000300228f6                _set_current_cgroup
                0x0000000030022919                _get_current_cgroup
                0x000000003002292a                _get_current_cg_id
                0x0000000030022951                _RegisterCG
                0x00000000300229c5                _CreateCG
                0x0000000030022a58                _GetCurrentGroupId
                0x0000000030022a68                _GetCurrentUserId
                0x0000000030022a78                _SetCurrentUserId
                0x0000000030022aaf                _is_superuser
                0x0000000030022ade                _setreuid
                0x0000000030022af3                _setregid
                0x0000000030022b08                _sys_setuid
                0x0000000030022b2d                _sys_getusername
                0x0000000030022b90                _sys_setusername
                0x0000000030022c01                _CreateUser
                0x0000000030022da5                _userCreateRootUser
                0x0000000030022f80                _user_initialize
                0x0000000030022fee                _wink_draw_string
                0x000000003002303a                _wink_update_progress_bar
                0x00000000300230fc                _refresh_screen
                0x0000000030023111                _wink_refresh_screen
                0x0000000030023121                _wink_putchar_in_fgconsole
                0x000000003002326b                _x_panic
                0x00000000300232b5                _wink_panic
                0x00000000300232ff                _wink_show_banner
                0x0000000030023415                _wink_initialize_default_kernel_font
                0x0000000030023425                _wink_initialize_background
                0x000000003002343f                _wink_initialize_video
                0x000000003002344f                _wink_initialize_virtual_consoles
                0x000000003002347d                _wink_set_cursor
                0x00000000300234a7                _wink_use_windowing_system
 .text          0x00000000300234bc     0x1524 netdev.o
                0x00000000300234bc                _e1000_show_info
                0x0000000030023db5                _e1000hw_send
                0x00000000300242b5                _irq_E1000
                0x00000000300242de                _DDINIT_e1000
                0x0000000030024947                _e1000_send
                0x00000000300249a5                _e1000_ioctl
 .text          0x00000000300249e0     0x8967 chardev.o
                0x00000000300249e0                _bldisp_do_we_need_to_erase_mouse_pointer
                0x0000000030024a05                _bldisp_update_mouse_position
                0x0000000030024a2e                _bldisp_display_mouse_cursor
                0x0000000030024c14                _bldisp_flush
                0x0000000030024c60                _bldisp_vsync
                0x0000000030024cf7                _bldisp_putpixel0
                0x00000000300255d8                _screen_scanline_va
                0x000000003002566d                _screenGetWidth
                0x000000003002567e                _screenGetHeight
                0x000000003002568f                _screenGetBPP
                0x00000000300256a0                _screenGetPitch
                0x00000000300256b1                _screenSetSize
                0x00000000300256da                _invalidate_screen
                0x00000000300256ef                _bldispScreenInit
                0x0000000030025768                _bldisp_show_info
                0x00000000300257f7                _videoGetMode
                0x0000000030025808                _videoSetMode
                0x0000000030025921                _videoSetupCGAStartAddress
                0x000000003002593b                _bldisp_ioctl
                0x0000000030025a3f                _Video_initialize
                0x0000000030025a67                _DDINIT_bldisp
                0x0000000030025e32                _display_putpixel0
                0x0000000030025f4a                _display_set_backbuffer_pa
                0x0000000030025f64                _display_get_backbuffer_pa
                0x0000000030025f75                _display_set_backbuffer_va
                0x0000000030025f8f                _display_get_backbuffer_va
                0x0000000030025fa0                _displayInitialize
                0x0000000030025fdc                _tty_flush_raw_queue
                0x00000000300260ca                _tty_flush_canonical_queue
                0x00000000300261b8                _tty_flush_output_queue
                0x00000000300262a6                _tty_flush_output_queue_to_serial
                0x00000000300263d7                _tty_flush_output_queue_to_stdin
                0x00000000300264cf                _tty_flush_output_queue_ex
                0x00000000300265a5                _tty_copy_raw_buffer
                0x0000000030026628                _tty_copy_output_buffer
                0x00000000300266ab                _tty_queue_getchar
                0x000000003002675c                _tty_queue_putchar
                0x0000000030026806                ___tty_read
                0x000000003002688a                ___tty_read2
                0x0000000030026920                ___tty_read3
                0x0000000030026a17                ___tty_write
                0x0000000030026a99                ___tty_write2
                0x0000000030026b27                ___tty_write3
                0x0000000030026cad                ___tty_read_mode
                0x0000000030026d6f                ___tty_write_mode
                0x0000000030026edd                _tty_read
                0x0000000030027002                _sys_tty_read
                0x0000000030027046                _tty_write
                0x000000003002717c                _sys_tty_write
                0x00000000300271ca                _tty_set_output_worker
                0x0000000030027218                _tty_reset_termios
                0x00000000300272ce                _file_tty
                0x00000000300272f2                _tty_flush0
                0x000000003002733c                _tty_flush
                0x000000003002737d                _tty_start
                0x00000000300273bb                _tty_stop
                0x00000000300273fa                _tty_delete
                0x0000000030027440                _tty_gets
                0x00000000300274a7                _tty_sets
                0x000000003002753d                _tty_ioctl
                0x00000000300279b0                _tty_create
                0x0000000030028a54                _console_set_current_virtual_console
                0x0000000030028a8a                _console_get_current_virtual_console
                0x0000000030028a9a                _jobcontrol_switch_console
                0x0000000030028c05                _set_up_cursor
                0x0000000030028c6c                _get_cursor_x
                0x0000000030028caa                _get_cursor_y
                0x0000000030028ce8                _get_bg_color
                0x0000000030028d34                _get_fg_color
                0x0000000030028d80                _console_scroll_rect
                0x0000000030029002                _console_outbyte
                0x000000003002969c                _console_echo
                0x00000000300296d1                _console_putchar
                0x00000000300297cf                _console_print_indent
                0x000000003002982c                _consoleInputChar
                0x0000000030029a7a                _consolePrompt
                0x0000000030029af5                _console_read
                0x0000000030029b70                _console_write
                0x000000003002a14c                _console_write_string
                0x000000003002a1f4                _console_banner
                0x000000003002a339                _console_clear_imp
                0x000000003002a3eb                _console_clear00
                0x000000003002a46c                _console_clear
                0x000000003002a4b4                _console_ioctl
                0x000000003002a9e9                _DDINIT_console
                0x000000003002b187                _VirtualConsole_early_initialization
                0x000000003002b281                _get_legacy_pty_master
                0x000000003002b292                _get_legacy_pty_slave
                0x000000003002b2a3                _tty_initialize_legacy_pty
                0x000000003002b38a                _I8042Controller_do_drain
                0x000000003002b461                _prepare_for_input
                0x000000003002b476                _prepare_for_output
                0x000000003002b48b                _wait_then_read
                0x000000003002b4ae                _wait_then_write
                0x000000003002b4dd                _i8042_reboot_via_keyboard
                0x000000003002b4ed                _DDINIT_ps2
                0x000000003002b57e                _DDINIT_ps2_early_initialization
                0x000000003002b672                _i8042_keyboard_disable
                0x000000003002b6a1                _i8042_keyboard_enable
                0x000000003002b6d0                _keyboard_set_leds
                0x000000003002b741                _keyboardGetKeyState
                0x000000003002b81c                _get_alt_status
                0x000000003002b82d                _get_ctrl_status
                0x000000003002b83e                _get_shift_status
                0x000000003002b84f                _i8042_keyboard_read
                0x000000003002b881                _i8042_keyboard_write
                0x000000003002b8b4                _i8042_keyboard_read2
                0x000000003002b8cd                _i8042_keyboard_expect_ack
                0x000000003002ba3f                _DeviceInterface_PS2Keyboard
                0x000000003002be0f                _ps2kbd_ioctl
                0x000000003002be4a                _ps2kbd_initialize_device
                0x000000003002beb8                _i8042_mouse_read
                0x000000003002bee0                _i8042_mouse_write
                0x000000003002bf1d                _i8042_mouse_expect_ack
                0x000000003002bfde                ___update_mouse
                0x000000003002c538                _DeviceInterface_PS2Mouse
                0x000000003002c68f                _ps2mouse_ioctl
                0x000000003002c6ca                _ps2mouse_initialize_device
                0x000000003002c9bc                _ps2kbd_poll
                0x000000003002c9e4                _ps2kbd_initialize_driver
                0x000000003002caac                _i8042_IsPS2KeyboardPooling
                0x000000003002cabc                _irq1_KEYBOARD
                0x000000003002cb5e                _ps2mouse_poll
                0x000000003002cb86                _ps2mouse_initialize_driver
                0x000000003002cc4e                _i8042_IsPS2MousePooling
                0x000000003002cc5e                _irq12_MOUSE
                0x000000003002ccf5                _serial1_handler
                0x000000003002cd0a                _serial2_handler
                0x000000003002cd1f                _serial3_handler
                0x000000003002cd34                _serial4_handler
                0x000000003002cd49                _serial_in
                0x000000003002cd74                _serial_out
                0x000000003002cda8                _serial_read_char
                0x000000003002cde1                _serial_write_char
                0x000000003002ce29                _serial_print
                0x000000003002ce88                _debug_print_string
                0x000000003002cee4                _debug_print_nbytes
                0x000000003002cf5d                _serial_ioctl
                0x000000003002d29e                _DDINIT_serial
 .text          0x000000003002d347     0x6be3 blkdev.o
                0x000000003002d3ea                _ata_wait
                0x000000003002d435                _ata_delay
                0x000000003002d468                _ata_status_read
                0x000000003002d4a2                _ata_cmd_write
                0x000000003002d4fc                _ata_soft_reset
                0x000000003002d59c                _ata_wait_drq
                0x000000003002d5e3                _ata_wait_no_drq
                0x000000003002d62a                _ata_wait_busy
                0x000000003002d66b                _ata_wait_not_busy
                0x000000003002d946                _atapi_pio_read
                0x000000003002d991                _ata_set_boottime_ide_port_index
                0x000000003002d9a8                _ata_get_boottime_ide_port_index
                0x000000003002d9b8                _ata_set_current_ide_port_index
                0x000000003002d9cf                _ata_get_current_ide_port_index
                0x000000003002daac                _ata_ioctl
                0x000000003002f078                _DDINIT_ata
                0x000000003002f645                _ide_dma_start
                0x000000003002f6b2                _ide_dma_stop
                0x000000003002f782                _ide_dma_read_status
                0x000000003002f7bf                _ide_dma_data
                0x000000003002ff30                _atahdd_pio_rw_sector
                0x000000003002ff6d                _ataReadSector
                0x000000003002fffe                _ataWriteSector
                0x000000003003008f                _ata_show_ata_controller_info
                0x0000000030030118                _ata_show_ide_info
                0x00000000300302af                _ata_show_device_list_info
                0x00000000300303e6                _ata_show_ata_info_for_boot_disk
                0x000000003003051e                _irq14_PRIMARY_IDE
                0x000000003003052e                _irq15_SECONDARY_IDE
                0x000000003003053e                _ata_wait_irq
                0x00000000300305c3                _disk_ata_wait_irq
                0x00000000300305f5                _diskPCIScanDevice
                0x00000000300306ed                ___load_sequential_sectors
                0x00000000300307b2                _fatClustToSect
                0x00000000300307ea                _fatLoadCluster
                0x000000003003085a                _atadsk_load_boot_metafile
                0x00000000300308c5                _fs_load_mbr
                0x0000000030030929                _fs_load_fat
                0x00000000300309b6                _fs_load_rootdir
                0x0000000030030b13                _atadsk_store_boot_metafile
                0x0000000030030b75                _atadsk_save_fat
                0x0000000030030c08                _atadsk_save_rootdir
                0x0000000030030da9                _ahci_read_sector
                0x0000000030031180                _ahci_write_sector
                0x0000000030031562                _ahci_test_read
                0x00000000300315ff                _ahci_test_rw
                0x0000000030031d93                _DDINIT_ahci
                0x00000000300325cd                _disk_get_partition_table
                0x0000000030032757                _disk_show_mbr_info
                0x00000000300327eb                _storage_read_sector
                0x0000000030032845                _storage_write_sector
                0x00000000300329e1                _disk_show_info
                0x0000000030032a25                _diskShowCurrentDiskInfo
                0x0000000030032a60                _disk_get_disk_handle
                0x0000000030032cbd                _volumeShowVolumeInfo
                0x0000000030032ce5                _volumeShowCurrentVolumeInfo
                0x0000000030032d20                _volume_show_info
                0x0000000030032d64                _volume_get_volume_handle
                0x0000000030032d94                _volume_get_current_volume_info
                0x0000000030032dc3                _read_lba
                0x0000000030032ea1                _write_lba
                0x0000000030032f91                _storageWriteCluster
                0x0000000030033199                _storagePCIScanDevice
                0x0000000030033291                _storagePCISetupMassStorageController
                0x0000000030033bf9                _storageInitialize
 .text          0x0000000030033f2a     0x768d p3_net.o
                0x0000000030033fa1                _domain_create_domain
                0x000000003003401a                _domain_set_as_dc
                0x000000003003410c                _htonl
                0x0000000030034127                _htons
                0x0000000030034146                _ntohl
                0x0000000030034161                _ntohs
                0x0000000030034180                _sys_socket
                0x0000000030034908                _sys_accept
                0x000000003003494c                _sys_gramado_accept
                0x0000000030034990                _sys_bind
                0x00000000300358ac                _sys_connect
                0x00000000300359ae                _sys_getsockname
                0x0000000030035db3                _sys_listen
                0x0000000030035e0f                _sys_socket_shutdown
                0x0000000030035f86                _sys_sendto
                0x0000000030035faa                _sys_sendmsg
                0x0000000030035ff4                _socket_get_gramado_port
                0x000000003003602e                _socket_set_gramado_port
                0x0000000030036093                _create_socket_object
                0x0000000030036255                _show_socket_for_a_process
                0x0000000030036387                _get_socket_from_fd
                0x0000000030036427                _sock_socketpair
                0x00000000300364e1                _socket_dialog
                0x0000000030036580                _getSocketIPV4
                0x00000000300365b8                _getSocketIPV6
                0x00000000300365f1                _getSocketPort
                0x000000003003662a                _get_socket_in_process_list
                0x00000000300366be                _update_socket
                0x00000000300366fe                _socket_read
                0x0000000030036742                _socket_write
                0x0000000030036786                _socket_ioctl
                0x00000000300368df                _socket_gramado
                0x0000000030036c9b                _socket_unix
                0x000000003003704a                _socket_inet
                0x00000000300373f9                _socket_init
                0x0000000030037430                _netif_update
                0x000000003003753c                _netif_initialize
                0x0000000030037626                _ethernet_send
                0x00000000300376e9                _ethernet_on_sending
                0x00000000300376f8                _network_handle_ethernet
                0x000000003003780e                _arp_initialize_arp_table
                0x0000000030037914                _arp_table_lookup
                0x0000000030037a36                _arp_table_find_free_slot
                0x0000000030037ab6                _arp_table_set_entry
                0x0000000030037c7d                _arp_table_show_index
                0x0000000030037e6b                _arp_show_table
                0x0000000030037edd                _network_send_arp_request
                0x0000000030037f06                _network_send_arp_request2
                0x0000000030037f2f                _network_arp_request_to
                0x0000000030037f7a                _network_send_arp_reply
                0x0000000030037fb8                _network_send_arp
                0x00000000300381ef                _network_handle_arp
                0x00000000300383df                _ipv4_send
                0x000000003003870b                _network_handle_ipv4
                0x000000003003886e                _network_handle_tcp
                0x0000000030038dee                _udp_save_mac
                0x0000000030038e28                _network_test_udp
                0x0000000030038eae                _network_test_udp0
                0x0000000030038f53                _network_test_udp2
                0x0000000030038f77                _network_send_udp
                0x00000000300393e8                _network_handle_udp
                0x00000000300395a4                _network_show_dhcp_info
                0x0000000030039710                _network_save_dhcp_server_id
                0x000000003003974a                _network_dhcp_send
                0x0000000030039c4d                _network_initialize_dhcp
                0x0000000030039d5a                _network_handle_dhcp
                0x0000000030039fb9                _gprot_send_udp
                0x000000003003a040                _gprot_handle_protocol
                0x000000003003a4fc                _create_endpoint_object
                0x000000003003a59e                _create_endpoint_pair_object
                0x000000003003a62a                _create_connection_object
                0x000000003003a6c2                _network_keyboard_event
                0x000000003003a703                _network_mouse_event
                0x000000003003a8c4                _network_register_ring3_display_server
                0x000000003003aa71                _network_register_ring3_network_server
                0x000000003003aa87                _network_register_ring3_osshell
                0x000000003003aa9d                _network_register_ring3_browser
                0x000000003003abbd                _network_fill_mac
                0x000000003003ac12                _network_fill_ipv4
                0x000000003003ac67                _network_fill_ipv6
                0x000000003003acbc                _net_checksum
                0x000000003003ad92                _network_test_NIC
                0x000000003003ada2                _network_send_raw_packet
                0x000000003003ade7                _network_on_receiving
                0x000000003003ae2d                _network_on_sending
                0x000000003003ae4e                _network_push_packet
                0x000000003003af71                _network_pop_packet
                0x000000003003b09d                _sys_network_push_packet
                0x000000003003b0e2                _sys_network_pop_packet
                0x000000003003b120                _networkSetStatus
                0x000000003003b145                _networkGetStatus
                0x000000003003b155                _networkLock
                0x000000003003b16a                _networkUnlock
                0x000000003003b17f                _networkIsLocked
                0x000000003003b18f                _networkSetOnlineStatus
                0x000000003003b1b4                _networkGetOnlineStatus
                0x000000003003b1c4                _networkUpdateCounter
                0x000000003003b228                _netInitialize
 .text          0x000000003003b5b7      0xe7a p3_dev.o
                0x000000003003b5b7                _devmgr_show_device_list
                0x000000003003b6a9                _devmgr_search_in_dev_list
                0x000000003003b778                _devmgr_device_object
                0x000000003003b856                _devmgr_register_tty_device
                0x000000003003bba4                _devmgr_register_pci_device
                0x000000003003beea                _devmgr_register_legacy_device
                0x000000003003c254                _devInitialize
                0x000000003003c2a0                _io_ioctl
                0x000000003003c40f                _ioInit
 .text          0x000000003003c431     0x88dd p3_fs.o
                0x000000003003c49a                _file_read_buffer
                0x000000003003c7f4                _file_write_buffer
                0x000000003003cbf0                ___read_imp
                0x000000003003d276                ___write_imp
                0x000000003003da33                ___open_imp
                0x000000003003dd84                ___close_imp
                0x000000003003e05d                _get_file_from_fd
                0x000000003003e135                _get_free_slots_in_the_file_table
                0x000000003003e1b0                _get_free_slots_in_the_inode_table
                0x000000003003e20d                _get_filesystem_type
                0x000000003003e21d                _set_filesystem_type
                0x000000003003e23c                _fs_count_path_levels
                0x000000003003e2bb                _get_file
                0x000000003003e2e2                _set_file
                0x000000003003e317                _fs_init_structures
                0x000000003003e4d3                _file_close
                0x000000003003e514                _file_get_len
                0x000000003003e543                _file_inode
                0x000000003003e567                _file_truncate
                0x000000003003e5a6                _fsCheckELFFile
                0x000000003003e5d2                _fsInitTargetDir
                0x000000003003e69f                _fsList
                0x000000003003e7ef                _fsListFiles
                0x000000003003e87a                _fsUpdateWorkingDiretoryString
                0x000000003003ea22                _fs_fntos
                0x000000003003ed57                _fs_fntos2
                0x000000003003f08c                _fs_get_free_fd_from_pid
                0x000000003003f135                _fs_initialize_process_cwd
                0x000000003003f24a                _fs_pathname_backup
                0x000000003003f3a4                _fs_print_process_cwd
                0x000000003003f499                _fs_show_file_info
                0x000000003003f4fa                _fs_show_file_table
                0x000000003003f54f                _fs_show_inode_info
                0x000000003003f5a9                _fs_show_inode_table
                0x000000003003f617                _fs_show_root_fs_info
                0x000000003003f739                _fsSaveFile
                0x000000003003fd2a                _do_read_file_from_disk
                0x000000003004047f                _do_write_file_to_disk
                0x000000003004053c                _set_global_open_file
                0x0000000030040571                _get_global_open_file
                0x0000000030040598                _fs_initialize_dev_dir
                0x0000000030040651                _fsInitializeWorkingDiretoryString
                0x00000000300407e8                ___fs_initialize_imp
                0x0000000030041009                _fsbp_initialize_fat
                0x0000000030041032                _fsbp_initialize_bp_directories
                0x00000000300410ca                _fsLoadFile
                0x0000000030041662                _fsLoadFile2
                0x0000000030041712                _fsLoadProgramFromGRAMADO
                0x00000000300417ee                _fsLoadProgramFromDE
                0x00000000300418ca                _fs_load_path
                0x0000000030041d6a                _fsLoadFileFromCurrentTargetDir
                0x0000000030041f1e                _fs_load_image
                0x0000000030042101                _sys_read
                0x000000003004218e                _sys_write
                0x00000000300421ee                _sys_open
                0x000000003004223c                _sys_close
                0x0000000030042264                _sys_fcntl
                0x0000000030042342                _sys_ioctl
                0x000000003004239a                _sys_get_global_sync
                0x00000000300423ec                _sys_set_global_sync
                0x0000000030042439                _get_saved_sync
                0x0000000030042449                _sys_create_new_sync
                0x00000000300424fd                _sys_set_file_sync
                0x00000000300426a2                _sys_get_file_sync
                0x00000000300427b0                _sys_get_device_number_by_path
                0x00000000300427d1                _sys_open_device_by_number
                0x000000003004297c                _sys_get_file_size
                0x00000000300429cf                _sys_sleep_if_socket_is_empty
                0x0000000030042b63                _sys_pwd
                0x0000000030042baf                _fs_load_boot_metafile
                0x0000000030042be1                _fs_store_boot_metafile
                0x0000000030042c13                _sys_read_file_from_disk
                0x0000000030042d19                _sys_write_file_to_disk
                0x0000000030042dda                _sys_create_empty_file
                0x0000000030042ef6                _sys_cd_command
                0x0000000030042f7b                _sys_create_empty_directory
                0x0000000030043080                _fsInitialize
                0x0000000030043094                _elfCheckSignature
                0x000000003004317a                _sys_dup
                0x000000003004325f                _sys_dup2
                0x0000000030043396                _sys_dup3
                0x00000000300434d2                _sys_pipe
                0x0000000030043998                _file_read_pipe_buffer
                0x0000000030043b32                _file_write_pipe_buffer
                0x0000000030043cca                _sys_read_pipe
                0x0000000030043d4c                _sys_write_pipe
                0x0000000030043dce                _pipe_ioctl
                0x0000000030044035                _search_in_dir
                0x0000000030044099                _search_in_root
                0x00000000300440f7                _fs_find_n_empty_entries
                0x0000000030044194                _findEmptyDirectoryEntry
                0x0000000030044205                _fsSearchFileInRoot
                0x0000000030044232                _fs_find_empty_entry_in_fat
                0x0000000030044262                _search_path_in_the_inode_table
                0x0000000030044325                _test_fat16_find_volume_info
                0x00000000300443ed                _fat16_get_entry_info
                0x00000000300444d7                _from_FAT_name
                0x000000003004467f                _to_FAT_name
                0x00000000300447be                _fsGetFileSize
                0x00000000300449e5                _fsFAT16ListFiles
                0x0000000030044b16                _fat16_init_fat_structure
                0x0000000030044c66                _fs_fat16_cache_not_saved
                0x0000000030044c7b                _fs_save_fat16_cache
                0x0000000030044cc3                _fat16Init
 .text          0x0000000030044d0e     0x3941 p3_mm.o
                0x0000000030044d0e                _mmsize_initialize
                0x0000000030044e66                _x64mm_has_1gb_pages
                0x0000000030044ec9                ___enable_pae
                0x0000000030044edd                _x64mm_enable_paging
                0x0000000030044ef3                _load_pml4_table
                0x0000000030044f09                _x64mm_load_pml4_table
                0x0000000030044f1f                _x64mm_refresh_cr3
                0x0000000030045173                _virtual_to_physical
                0x000000003004519c                _mm_fill_page_table
                0x0000000030045279                _mm_gc
                0x000000003004547f                _memory_create_new_heap
                0x00000000300454a9                _memory_destroy_heap
                0x00000000300454cb                _heapAllocateMemory
                0x00000000300456cd                _heapFreeMemory
                0x000000003004580d                _heapReuseMemory
                0x000000003004589d                _test_heap_reuse
                0x000000003004599f                _mmblock_debug_print
                0x0000000030045b07                _get_process_heap_pointer
                0x0000000030045c06                _mmInitialize
                0x0000000030045cd8                _mmShowPML4Entry
                0x0000000030045d00                _mmShowMemoryInfo
                0x00000000300461a3                _mmShowPML4EntryForAllProcesses
                0x0000000030046200                _mmShowPagedMemoryList
                0x000000003004627d                _mmShowMemoryBlocksForTheKernelAllocator
                0x0000000030046315                _mmTestingPageAlloc
                0x000000003004653d                _mmNewPage
                0x00000000300466fa                _allocPages
                0x0000000030046a28                _mm_alloc_single_page
                0x0000000030046a37                _mm_alloc_contig_pages
                0x0000000030046a5f                _mmAllocPage
                0x0000000030046a6e                _mmAllocPages
                0x0000000030046a96                _initializeFramesAlloc
                0x0000000030046b5a                _shmm_user_heap_initialize
                0x0000000030046b88                _get_2mb_user_heap_page
                0x0000000030046bc7                _pages_print_info
                0x0000000030046d3c                _pages_print_video_info
                0x0000000030046d96                _CreateAndIntallPageTable
                0x0000000030046dd0                _get_new_frame
                0x0000000030046df9                _alloc_frame
                0x0000000030046e17                _get_table_pointer_va
                0x0000000030046e5a                _CloneKernelPD0
                0x0000000030046ee7                _CloneKernelPDPT0
                0x0000000030046f74                _CloneKernelPML4
                0x0000000030047001                _clone_pml4
                0x000000003004713a                _isValidPageStruct
                0x000000003004717c                _freePage
                0x00000000300471b9                _notfreePage
                0x00000000300471f6                _mm_is_page_aligned_va
                0x000000003004721e                _pages_calc_mem
                0x000000003004740d                ___initialize_ram_usage_varables
                0x0000000030047bcc                _mm_map_2mb_region_in_pd0_imp
                0x0000000030047c5d                _mm_map_2mb_region_in_pd0
                0x0000000030047c92                _map_kernel_va_2mb
                0x0000000030047d0d                _map_user_va_2mb
                0x0000000030047d88                _map_kernel_va_1gb
                0x0000000030047dfe                _map_user_va_1gb
                0x0000000030047f56                _pagesInitializePaging
                0x0000000030048147                _slab_1MB_allocator
                0x00000000300482b9                _slab_initialize
                0x000000003004836b                _I_initialize_frame_table
                0x000000003004862d                _mmGetFTStartPA
                0x000000003004863e                _mmGetFTEndPA
 .text          0x000000003004864f     0x439c p4_libk.o
                0x000000003004864f                _isdigit
                0x0000000030048674                ___tolower
                0x00000000300486a2                ___toupper
                0x00000000300486d0                __tolower
                0x00000000300486e6                _isodigit
                0x000000003004870d                _kstdio_feed_stdin
                0x00000000300487d6                _sys_setup_stdin
                0x0000000030048906                _is_socket
                0x000000003004894f                _is_virtual_console
                0x0000000030048983                _kinput
                0x0000000030048b2a                _printchar
                0x0000000030048b71                _putchar_K
                0x0000000030048b86                _putchar
                0x0000000030048bd2                _prints
                0x0000000030048cc6                _printi
                0x0000000030048df8                _print
                0x0000000030049081                _kinguio_i2hex_versao2
                0x00000000300491bd                _kinguio_i2hex
                0x00000000300493ca                _kinguio_utoa
                0x000000003004942a                _kinguio_itoa
                0x00000000300495a9                _kinguio_vsprintf
                0x0000000030049abe                _kinguio_puts
                0x0000000030049b3e                _kputs
                0x0000000030049b74                _sprintf_old
                0x0000000030049bf4                _mysprintf
                0x0000000030049cac                _k_ungetc
                0x0000000030049cfa                _k_ftell
                0x0000000030049d2e                _k_fileno
                0x0000000030049d51                _k_fgetc
                0x0000000030049df5                _k_feof
                0x0000000030049e3d                _k_ferror
                0x0000000030049e77                _k_fseek
                0x000000003004a11e                _k_fputc
                0x000000003004a233                _k_fscanf
                0x000000003004a2b3                _k_rewind
                0x000000003004a2db                _k_fclose
                0x000000003004a338                _k_fputs
                0x000000003004a3e1                _k_setbuf
                0x000000003004a438                _k_setbuffer
                0x000000003004a47f                _k_setlinebuf
                0x000000003004a4a5                _k_setvbuf
                0x000000003004a4f8                _regularfile_ioctl
                0x000000003004a525                _new_file
                0x000000003004b7e3                _kstdio_initialize
                0x000000003004b85c                _printk_old
                0x000000003004b8d7                _kinguio_printf
                0x000000003004b9f0                _kmalloc_aligned
                0x000000003004ba63                _sys_sigaction
                0x000000003004ba99                _sys_signal
                0x000000003004bacb                _srand
                0x000000003004bae2                _rand
                0x000000003004bb29                _abs
                0x000000003004bb46                _k_atoi
                0x000000003004bc22                ___ptsname
                0x000000003004bd03                _kmalloc
                0x000000003004bde3                _kfree
                0x000000003004be14                _kcalloc
                0x000000003004be4d                _string_compute_checksum
                0x000000003004beb4                _strcmp
                0x000000003004bf2f                _kstrncmp
                0x000000003004bf9a                _str_cmp
                0x000000003004c030                _memcpy
                0x000000003004c086                _memcpy32
                0x000000003004c0db                _memcpy64
                0x000000003004c132                _safe_strcpy
                0x000000003004c1a6                _strcpy
                0x000000003004c1eb                _strncpy
                0x000000003004c25b                _strcat
                0x000000003004c2a2                _bcopy
                0x000000003004c2e5                _bzero
                0x000000003004c317                _strlen
                0x000000003004c347                _k_strnlen
                0x000000003004c384                _memset
                0x000000003004c3d6                _strcspn
                0x000000003004c47f                _strspn
                0x000000003004c530                _k_strtok_r
                0x000000003004c63a                _k_strtok
                0x000000003004c668                _strdup
                0x000000003004c6cc                _sys_getdtablesize
                0x000000003004c6db                _sys_execve
                0x000000003004c6f6                _fpathconf
                0x000000003004c71b                _pathconf
                0x000000003004c741                _sys_gethostname
                0x000000003004c7c2                _sys_sethostname
                0x000000003004c862                _sys_lseek
                0x000000003004c9b2                _libk_initialize
 .text          0x000000003004c9eb      0xa9e acpi.o
                0x000000003004c9eb                _acpi_check_header
                0x000000003004ca23                _acpi_check_header02
                0x000000003004d0e8                _acpi_probe
 .text          0x000000003004d489      0x730 mps.o
                0x000000003004d489                _mptable_probe
 .text          0x000000003004dbb9     0x11af p3_bus.o
                0x000000003004dbb9                _pci_ReadPCIConfigAddr
                0x000000003004dc1f                _pci_WritePCIConfigAddr
                0x000000003004dc8f                _pciConfigReadByte
                0x000000003004dd2c                _pciConfigReadWord
                0x000000003004ddcc                _pciConfigReadDWord
                0x000000003004de5d                _pciGetBAR
                0x000000003004df70                _pciGetClassCode
                0x000000003004dfa1                _pciGetHeaderType
                0x000000003004dfd2                _pciGetInterruptLine
                0x000000003004e003                _pciGetInterruptPin
                0x000000003004e034                _pciGetSubClass
                0x000000003004e065                _pciCheckDevice
                0x000000003004e096                _pciCheckVendor
                0x000000003004e12f                _pciHandleDevice
                0x000000003004e7f4                _irq_SHARED0
                0x000000003004e7ff                _irq_SHARED1
                0x000000003004e80a                _irq_SHARED2
                0x000000003004e815                _irq_SHARED3
                0x000000003004e820                _init_pci
                0x000000003004e907                _pciInfo
                0x000000003004eadd                _pciShowDeviceInfo
                0x000000003004eb82                _pciscan_probe_devices
                0x000000003004ec6a                _scan_pci_device_list
                0x000000003004eceb                _scan_pci_device_list2
 .text          0x000000003004ed68      0x261 apmain.o
                0x000000003004efb9                _AP_kmain
 .text          0x000000003004efc9     0x1284 kmain.o
                0x000000003004f090                _qf_post_message
                0x000000003004f1e3                _qf_get_message
                0x000000003004f378                _welcome_ap_hlt
                0x000000003004f383                _welcome_ap_pause
                0x000000003004f38e                ___AP_BSP_handshake
                0x000000003004f713                _init_globals
                0x000000003005004c                _I_kmain
                0x0000000030050215                _start_kernel
                0x0000000030050231                _x86_64_start_kernel
                0x000000003005024d                _code_end = .

.iplt           0x000000003005024d        0x0
 .iplt          0x000000003005024d        0x0 head_64.o
                0x0000000030051000                . = ALIGN (0x1000)

.rodata         0x0000000030051000    0x15726
                0x0000000030051000                _rodata_begin = .
 *(.rdata)
 *(.rodata)
 .rodata        0x0000000030051000     0x5ac5 p1_ke.o
                0x00000000300555fc                _CPUID_FLAG_MSR
 *fill*         0x0000000030056ac5        0x3 
 .rodata        0x0000000030056ac8     0x1f9f p1_kwrap.o
 *fill*         0x0000000030058a67        0x1 
 .rodata        0x0000000030058a68     0x1449 p2_wink.o
 *fill*         0x0000000030059eb1        0x7 
 .rodata        0x0000000030059eb8      0x6b0 netdev.o
 .rodata        0x000000003005a568     0x165e chardev.o
 *fill*         0x000000003005bbc6        0x2 
 .rodata        0x000000003005bbc8     0x1ba7 blkdev.o
 *fill*         0x000000003005d76f        0x1 
 .rodata        0x000000003005d770     0x2446 p3_net.o
 *fill*         0x000000003005fbb6        0x2 
 .rodata        0x000000003005fbb8      0x387 p3_dev.o
 *fill*         0x000000003005ff3f        0x1 
 .rodata        0x000000003005ff40     0x327b p3_fs.o
 *fill*         0x00000000300631bb        0x5 
 .rodata        0x00000000300631c0     0x1475 p3_mm.o
 *fill*         0x0000000030064635        0xb 
 .rodata        0x0000000030064640      0x909 p4_libk.o
                0x0000000030064640                __ctype
 *fill*         0x0000000030064f49        0x7 
 .rodata        0x0000000030064f50      0x2d1 acpi.o
 *fill*         0x0000000030065221        0x7 
 .rodata        0x0000000030065228      0x368 mps.o
 .rodata        0x0000000030065590      0xac0 p3_bus.o
 .rodata        0x0000000030066050       0x1f apmain.o
 *fill*         0x000000003006606f        0x1 
 .rodata        0x0000000030066070      0x6b6 kmain.o
                0x0000000030066726                _rodata_end = .

.eh_frame       0x0000000030066728     0xaa98
 .eh_frame      0x0000000030066728     0x2c20 p1_ke.o
                                       0x2f70 (size before relaxing)
 .eh_frame      0x0000000030069348      0xa98 p1_kwrap.o
                                        0xc00 (size before relaxing)
 .eh_frame      0x0000000030069de0     0x1120 p2_wink.o
                                       0x12c8 (size before relaxing)
 .eh_frame      0x000000003006af00      0x2b0 netdev.o
                                        0x2e0 (size before relaxing)
 .eh_frame      0x000000003006b1b0     0x15b8 chardev.o
                                       0x16c4 (size before relaxing)
 *fill*         0x000000003006c768        0x0 
 .eh_frame      0x000000003006c768      0xda0 blkdev.o
                                        0xe90 (size before relaxing)
 .eh_frame      0x000000003006d508      0xe40 p3_net.o
                                        0xf88 (size before relaxing)
 .eh_frame      0x000000003006e348      0x158 p3_dev.o
                                        0x188 (size before relaxing)
 .eh_frame      0x000000003006e4a0      0xe70 p3_fs.o
                                        0xf40 (size before relaxing)
 .eh_frame      0x000000003006f310      0xa70 p3_mm.o
                                        0xb30 (size before relaxing)
 .eh_frame      0x000000003006fd80      0xc80 p4_libk.o
                                        0xd48 (size before relaxing)
 .eh_frame      0x0000000030070a00       0xc8 acpi.o
                                         0xe0 (size before relaxing)
 .eh_frame      0x0000000030070ac8       0x28 mps.o
                                         0x40 (size before relaxing)
 .eh_frame      0x0000000030070af0      0x338 p3_bus.o
                                        0x384 (size before relaxing)
 *fill*         0x0000000030070e28        0x0 
 .eh_frame      0x0000000030070e28       0x78 apmain.o
                                         0x90 (size before relaxing)
 .eh_frame      0x0000000030070ea0      0x320 kmain.o
                                        0x338 (size before relaxing)

.rela.dyn       0x00000000300711c0        0x0
 .rela.got      0x00000000300711c0        0x0 head_64.o
 .rela.iplt     0x00000000300711c0        0x0 head_64.o
 .rela.head_x86_64
                0x00000000300711c0        0x0 head_64.o
 .rela.text     0x00000000300711c0        0x0 head_64.o
                0x0000000030072000                . = ALIGN (0x1000)

.data           0x0000000030072000     0x1828
                0x0000000030072000                _data_begin = .
 *(.data)
 .data          0x0000000030072000        0x2 head_64.o
                0x0000000030072000                _data_start
 *fill*         0x0000000030072002        0x6 
 .data          0x0000000030072008       0x7c p1_ke.o
                0x0000000030072008                _g_use_event_responder
                0x0000000030072014                _gszLastStackFrame
                0x0000000030072020                _init_thread_default_name
                0x0000000030072028                _initbin_cmdline_server
                0x0000000030072030                _initbin_cmdline_headless
                0x0000000030072038                _initbin_cmdline_cli
                0x0000000030072040                _initbin_cmdline_desktop
                0x0000000030072048                _initbin_cmdline_reboot
                0x0000000030072050                _initbin_cmdline_shutdown
                0x0000000030072058                _kernel_process_default_name
                0x0000000030072060                _init_process_default_name
                0x0000000030072068                _init_image_name
 *fill*         0x0000000030072084        0x4 
 .data          0x0000000030072088       0x18 p1_kwrap.o
                0x0000000030072088                _g_product_type
                0x000000003007208c                _current_arch
                0x0000000030072098                _mod0_image_name
 .data          0x00000000300720a0        0x8 p2_wink.o
 .data          0x00000000300720a8        0x0 netdev.o
 *fill*         0x00000000300720a8       0x18 
 .data          0x00000000300720c0      0x298 chardev.o
                0x00000000300720c0                _gKernelOwnsDisplay
                0x00000000300720c8                _device_name_nonameconsole
                0x00000000300720e0                _map_abnt2
                0x0000000030072180                _shift_abnt2
                0x0000000030072220                _ctl_abnt2
                0x00000000300722c0                _extended_abnt2
                0x0000000030072348                _device_name_ps2kbd
                0x0000000030072350                _device_name_ps2mouse
 .data          0x0000000030072358       0x30 blkdev.o
                0x0000000030072360                _sda_string
                0x0000000030072368                _sdb_string
                0x0000000030072370                _sdc_string
                0x0000000030072378                _sdd_string
                0x0000000030072380                _sdfail_string
 .data          0x0000000030072388       0x68 p3_net.o
                0x000000003007238a                _localhost_ipv4
                0x000000003007238e                ___arp_broadcast_mac
                0x0000000030072394                ___arp_target_mac
                0x000000003007239a                ___arp_target_default_ipv4
                0x000000003007239e                ___arp_gateway_default_ipv4
                0x00000000300723a2                ___udp_gramado_default_ipv4
                0x00000000300723a6                ___udp_target_default_ipv4
                0x00000000300723aa                ___udp_target_gateway_ipv4
                0x00000000300723ae                ___udp_target_mac
                0x00000000300723b4                _udp_saved_mac
                0x00000000300723ba                ___dhcp_source_ipv4_2
                0x00000000300723be                _dhcp_saved_server_id
                0x00000000300723c2                ___dhcp_target_ipv4
                0x00000000300723c6                ___dhcp_target_mac
                0x00000000300723cc                ___dhcp_target_broadcast_mac
                0x00000000300723d8                _gprot_response_file
                0x00000000300723e0                _default_network_name_string
                0x00000000300723e8                _default_network_version_string
 .data          0x00000000300723f0        0x0 p3_dev.o
 .data          0x00000000300723f0       0x1c p3_fs.o
                0x0000000030072400                _root_name
                0x0000000030072408                _pipe_max_size
 *fill*         0x000000003007240c        0x4 
 .data          0x0000000030072410        0x8 p3_mm.o
                0x0000000030072410                _table_pointer_heap_base
 .data          0x0000000030072418        0x4 p4_libk.o
 .data          0x000000003007241c        0x0 acpi.o
 .data          0x000000003007241c        0x0 mps.o
 *fill*         0x000000003007241c        0x4 
 .data          0x0000000030072420     0x1408 p3_bus.o
                0x0000000030072420                _pci_device_no_name
                0x0000000030072440                _pci_classes2
 .data          0x0000000030073828        0x0 apmain.o
 .data          0x0000000030073828        0x0 kmain.o
                0x0000000030073828                _data_end = .

.got            0x0000000030073828        0x0
 .got           0x0000000030073828        0x0 head_64.o

.got.plt        0x0000000030073828        0x0
 .got.plt       0x0000000030073828        0x0 head_64.o

.igot.plt       0x0000000030073828        0x0
 .igot.plt      0x0000000030073828        0x0 head_64.o
                0x0000000030074000                . = ALIGN (0x1000)

.bss            0x0000000030074000    0x7ca78
                0x0000000030074000                _bss_begin = .
 *(.bss)
 .bss           0x0000000030074000    0x20000 head_64.o
                0x0000000030074000                _EarlyKernelStackEnd
                0x0000000030074000                _bss_start
                0x0000000030084000                _rsp0StackEnd
                0x0000000030084000                _EarlyKernelStack
                0x0000000030094000                _rsp0Stack
 .bss           0x0000000030094000      0x390 p1_ke.o
                0x0000000030094030                _task_switch_status
                0x000000003009403c                _dispatcherType
                0x0000000030094040                _dispatcherQueueIndex
                0x0000000030094048                _contextSS
                0x0000000030094050                _contextRSP
                0x0000000030094058                _contextRFLAGS
                0x0000000030094060                _contextCS
                0x0000000030094068                _contextRIP
                0x0000000030094070                _contextDS
                0x0000000030094078                _contextES
                0x0000000030094080                _contextFS
                0x0000000030094088                _contextGS
                0x0000000030094090                _contextRAX
                0x0000000030094098                _contextRBX
                0x00000000300940a0                _contextRCX
                0x00000000300940a8                _contextRDX
                0x00000000300940b0                _contextRSI
                0x00000000300940b8                _contextRDI
                0x00000000300940c0                _contextRBP
                0x00000000300940c8                _contextR8
                0x00000000300940d0                _contextR9
                0x00000000300940d8                _contextR10
                0x00000000300940e0                _contextR11
                0x00000000300940e8                _contextR12
                0x00000000300940f0                _contextR13
                0x00000000300940f8                _contextR14
                0x0000000030094100                _contextR15
                0x0000000030094108                _contextCPL
                0x0000000030094110                _asmflagDoCallbackAfterCR3
                0x0000000030094118                _ring3_callback_address
                0x0000000030094120                _ring3_callback_parm1
                0x0000000030094128                _ring3_callback_parm2
                0x0000000030094130                _ring3_callback_parm3
                0x0000000030094138                _ring3_callback_parm4
                0x0000000030094140                _callback_restorer_done
                0x0000000030094148                __callback_status
                0x0000000030094150                __callback_address
                0x0000000030094158                __callback_address_saved
                0x0000000030094160                _foreground_thread
                0x0000000030094164                _special_reader
                0x0000000030094168                ___gpidBoot
                0x000000003009416c                ___gpidInclude
                0x0000000030094170                ___gpidInit